02-23 17:19:47.610  3819  5438 D ActivityTaskManager: setAppVisibility(Token{3847759 ActivityRecord{261248978 u0 com.google.android.permissioncontroller/com.android.permissioncontroller.permission.ui.GrantPermissionsActivity t20741}}, visible=true):  visible=false mVisibleRequested=true
02-23 17:19:47.610  3819  5438 D ActivityTaskManager: setVisibility(Token{3847759 ActivityRecord{261248978 u0 com.google.android.permissioncontroller/com.android.permissioncontroller.permission.ui.GrantPermissionsActivity t20741}}, visible=true) defer commitVisibility for transition collecting
02-23 17:19:47.610  3819  5438 E OplusDexOptimizeManager: pkgSetting or primaryCpuAbi is null for package: com.google.android.permissioncontroller
02-23 17:19:47.610  3819  5438 D OplusFeatureColorMode: ColorMode getColorMode =0
02-23 17:19:47.610  3819  5438 D ColorDisplayServiceExtImpl: getWCGVersion1App, packageName=com.google.android.permissioncontroller, sSupportWCG1 = true, sSupportWCG3 = false, nRet = 0
02-23 17:19:47.610  3819  3902 I UserAwareMgr: handleTopAppChanged: com.google.android.permissioncontroller, pid: 28789, uid: 10308
02-23 17:19:47.610  3819  5438 D ActivityTaskManager: NFW_setLastResumedActivityUncheckLocked:true r:ActivityRecord{261248978 u0 com.google.android.permissioncontroller/com.android.permissioncontroller.permission.ui.GrantPermissionsActivity t20741} currentFocus:Window{4035541 u0 com.mira.dating/com.mira.dating.MainActivity}
02-23 17:19:47.610  3819  5438 D WindowManager: NFW_findFocusedWindowIfNeeded:null mCurrentFocus:Window{4035541 u0 com.mira.dating/com.mira.dating.MainActivity}
02-23 17:19:47.611  3819  5438 V WindowManager: Changing focus from Window{4035541 u0 com.mira.dating/com.mira.dating.MainActivity} to null,diplayid=0
02-23 17:19:47.612  3819  5438 I OplusJoystickManager: handleApplicationSwitch deprecated!
02-23 17:19:47.612  3819  5438 I GameManagerServiceExt-GameManagerServiceExt: on FG change: com.mira.dating|com.google.android.permissioncontroller
02-23 17:19:47.612  3819  3985 D OplusAppSwitchListener: App Activity Change
02-23 17:19:47.612  3819  3985 D OplusAppSwitchListener: Detect com.mira.dating switch to background
02-23 17:19:47.612  3819  3985 D OplusFeatureReduceBrightness: onAppExit , info = com.mira.dating
02-23 17:19:47.613  3819  3985 D OplusAppSwitchListener: Detect com.google.android.permissioncontroller switch to foreground
02-23 17:19:47.613  3819  3892 D OomAdjusterSocExtImpl: App adj change from cached state to fg state : 28789 com.google.android.permissioncontroller
02-23 17:19:47.613  3819  5793 D OplusEapManager: mTargetExitName :com.mira.dating
02-23 17:19:47.614  3819  3924 E OplusThermalStats: Error getting package info: com.google.android.permissioncontroller
02-23 17:19:47.614 28789 28789 D ResourcesManagerExtImpl: applyConfigurationToAppResourcesLocked app.getDisplayId() return callback.displayId:0
02-23 17:19:47.615  3819  4048 D VRR [OPlusRefreshRateService]: handleFrontAppChange pkgName: null
02-23 17:19:47.615  3819  5793 D OplusAppSwitchRuleInfo: generateAppEnterInfo - launch_source_type =  , launch_source_traceid = 
02-23 17:19:47.615  3819  5793 D OplusAppSwitchRuleInfo: generateAppEnterInfo - launch_source_type =  , launch_source_traceid = 
02-23 17:19:47.615  3819  5793 D OplusEapManager: mTargetEnterName :com.google.android.permissioncontroller
02-23 17:19:47.616 28789 28789 D OplusPredictiveBackController: should not HookOnBackInvokedCallbackEnabled for application com.android.permissioncontroller.permission.ui.GrantPermissionsActivity@187443a sdk: 36
02-23 17:19:47.616 28789 28789 D OplusPredictiveBackController: should not HookOnBackInvokedCallbackEnabled for application com.android.permissioncontroller.permission.ui.GrantPermissionsActivity@187443a sdk: 36
02-23 17:19:47.616  3819  5793 D OplusAppSwitchRuleInfo: generateAppEnterInfo - launch_source_type =  , launch_source_traceid = 
02-23 17:19:47.616  3819  3893 I TaskOrganizerController: onTaskInfoChanged taskid 20741 config { mBounds=Rect(0, 0 - 1080, 2376) mAppBounds=Rect(0, 0 - 1080, 2376) mMaxBounds=Rect(0, 0 - 1080, 2376) mDisplayRotation=ROTATION_0 mWindowingMode=fullscreen mActivityType=standard mAlwaysOnTop=undefined mRotation=ROTATION_0}
02-23 17:19:47.617  3819  5793 D OplusAppSwitchRuleInfo: generateAppEnterInfo - launch_source_type =  , launch_source_traceid = 
02-23 17:19:47.617  3819  3893 D OplusFlexibleDragToSplitAnimController: visibleFlexibleTaskInfos delete:20741
02-23 17:19:47.617  3819  3893 E FlexibleWindowManagerService: notifyTaskObserverToAttachController not need to notify!
02-23 17:19:47.617  3819  3893 I FlexibleWindowManagerService: onFlexibleWindowTaskInfoChanged, return for cur task not embedded
02-23 17:19:47.617  3819  5793 D OplusAppSwitchRuleInfo: generateAppEnterInfo - launch_source_type =  , launch_source_traceid = 
02-23 17:19:47.617  3819  5793 D OplusAppSwitchRuleInfo: generateAppEnterInfo - launch_source_type =  , launch_source_traceid = 
02-23 17:19:47.617  3819  5793 D OplusAppSwitchRuleInfo: generateAppEnterInfo - launch_source_type =  , launch_source_traceid = 
02-23 17:19:47.617  3819  3892 D ActivityManager: Cancel freezing 28789 com.google.android.permissioncontroller
02-23 17:19:47.618  3819  4048 D VRR [OPlusRefreshRateService]: handleFrontAppChange pkgName: com.google.android.permissioncontroller
02-23 17:19:47.622  3819  4927 D BackgroundInstallControlService: Package event received: 0
02-23 17:19:47.622  3819  4048 D VRR [OPlusSAManager]: updateAutoMinfps for 4630946652107814787 with nits: 97.84091, mHistOK true, mAmbientOK true, mCctOK true, mIrOK true, mBrightnessOK true, isPkgOK true, SA min fps: 119
02-23 17:19:47.622  3819  4927 D BackgroundInstallControlService: Package event received: 0
02-23 17:19:47.623  3819  5793 D OplusAppSwitchRuleInfo: generateAppEnterInfo - launch_source_type =  , launch_source_traceid = 
02-23 17:19:47.623  3819  3892 D FlexibleTaskController: not in list
02-23 17:19:47.623  3819  6079 D OplusBatteryServiceFeature: setSmartCoolDown: coolDown = 7, normalCoolDown = 7, pkgName = com.google.android.permissioncontroller
02-23 17:19:47.623  3819  5793 D OplusAppSwitchRuleInfo: generateActivityEnterInfo - launch_source_type =  , launch_source_traceid = 
02-23 17:19:47.624  3819  5438 D FlexibleTaskController: not in list
02-23 17:19:47.635 28789 28789 D ActivityThread: ComponentInfo{com.google.android.permissioncontroller/com.android.permissioncontroller.permission.ui.GrantPermissionsActivity} checkFinished=false 2
02-23 17:19:47.635 28789 28789 D ResourcesManagerExtImpl: applyConfigurationToAppResourcesLocked app.getDisplayId() return callback.displayId:0
02-23 17:19:47.637  3819  4881 I WindowManager: addWindow: New client android.os.BinderProxy@4d796da : window=Window{65dd70b u0 com.google.android.permissioncontroller/com.android.permissioncontroller.permission.ui.GrantPermissionsActivity}
02-23 17:19:47.638 28789 28789 D ResourcesManagerExtImpl: applyConfigurationToAppResourcesLocked app.getDisplayId() return callback.displayId:0
02-23 17:19:47.647 28789 28789 D OplusPredictiveBackController: should not HookOnBackInvokedCallbackEnabled for application com.android.permissioncontroller.permission.ui.GrantPermissionsActivity@187443a sdk: 36
02-23 17:19:47.647 28789 28789 D OplusPredictiveBackController: should not HookOnBackInvokedCallbackEnabled for application com.android.permissioncontroller.permission.ui.GrantPermissionsActivity@187443a sdk: 36
02-23 17:19:47.648  3819  4881 D CoreBackPreview: Window{65dd70b u0 com.google.android.permissioncontroller/com.android.permissioncontroller.permission.ui.GrantPermissionsActivity}: Setting back callback OnBackInvokedCallbackInfo{mCallback=android.window.IOnBackInvokedCallback$Stub$Proxy@1a846a6, mPriority=0, mIsAnimationCallback=false, mOverrideBehavior=0}
02-23 17:19:47.648  3819  4757 V WindowManager: Relayout Window{65dd70b u0 com.google.android.permissioncontroller/com.android.permissioncontroller.permission.ui.GrantPermissionsActivity}: viewVisibility=0, oldvis=4, req=1026x0 , apr = 0, vsysui=, x=0, y=0
02-23 17:19:47.648  3819  4757 I WindowManager: Window{65dd70b u0 com.google.android.permissioncontroller/com.android.permissioncontroller.permission.ui.GrantPermissionsActivity} state from NO_SURFACE to DRAW_PENDING; reason: resetDrawState
02-23 17:19:47.650  3819  4757 D WindowManager: NFW_findFocusedWindowIfNeeded:Window{65dd70b u0 com.google.android.permissioncontroller/com.android.permissioncontroller.permission.ui.GrantPermissionsActivity} mCurrentFocus:null
02-23 17:19:47.650  3819  4757 V WindowManager: Changing focus from null to Window{65dd70b u0 com.google.android.permissioncontroller/com.android.permissioncontroller.permission.ui.GrantPermissionsActivity},diplayid=0
02-23 17:19:47.651  3819  4048 D VRR [OPlusSurfaceFlingerController]:  setComplexSceneEnable : false
02-23 17:19:47.654  3819  4757 D WindowManager: onSyncFinishedDrawing: Window{65dd70b u0 com.google.android.permissioncontroller/com.android.permissioncontroller.permission.ui.GrantPermissionsActivity}
02-23 17:19:47.654  3819  4757 I WindowManager: finishDrawing skipLayout:false,syncSeqId=0,mPrepareSyncSeqId=0 Window{65dd70b u0 com.google.android.permissioncontroller/com.android.permissioncontroller.permission.ui.GrantPermissionsActivity} com.android.server.wm.WindowManagerService.finishDrawingWindow:3192 com.android.server.wm.Session.finishDrawing:369 android.view.IWindowSession$Stub.onTransact:793 
02-23 17:19:47.654  3819  4757 I WindowManager: Window{65dd70b u0 com.google.android.permissioncontroller/com.android.permissioncontroller.permission.ui.GrantPermissionsActivity} state from DRAW_PENDING to COMMIT_DRAW_PENDING; reason: finishDrawingLocked
02-23 17:19:47.655  3819  3893 I WindowManager: Window{65dd70b u0 com.google.android.permissioncontroller/com.android.permissioncontroller.permission.ui.GrantPermissionsActivity} state from COMMIT_DRAW_PENDING to READY_TO_SHOW; reason: commitFinishDrawingLocked
02-23 17:19:47.655  3819  3893 D CoreBackPreview:  return markWindowHasDrawn mComposed: false  mWaitTransition: false
02-23 17:19:47.655  3819  3893 D ActivityTaskManager: Clearing startingData for activity=ActivityRecord{261248978 u0 com.google.android.permissioncontroller/com.android.permissioncontroller.permission.ui.GrantPermissionsActivity t20741} mStartingData=null mStartingSurface=null
02-23 17:19:47.655  3819  3893 D QuickBackInputPolicy: setAppLaunchEndTime update timePair=Pair{ActivityRecord{261248978 u0 com.google.android.permissioncontroller/com.android.permissioncontroller.permission.ui.GrantPermissionsActivity t20741} 129172479}
02-23 17:19:47.655  3819  3893 D ActivityTaskManager: commitVisibility: ActivityRecord{261248978 u0 com.google.android.permissioncontroller/com.android.permissioncontroller.permission.ui.GrantPermissionsActivity t20741}: visible=true visibleRequested=true, isInTransition=true 
02-23 17:19:47.655  3819  3893 D CoreBackPreview:  return markWindowHasDrawn mComposed: false  mWaitTransition: false
02-23 17:19:47.655  3819  3893 D ActivityTaskManager: Clearing startingData for activity=ActivityRecord{261248978 u0 com.google.android.permissioncontroller/com.android.permissioncontroller.permission.ui.GrantPermissionsActivity t20741} mStartingData=null mStartingSurface=null
02-23 17:19:47.656  3819  3893 I WindowManager: Window{65dd70b u0 com.google.android.permissioncontroller/com.android.permissioncontroller.permission.ui.GrantPermissionsActivity} state from READY_TO_SHOW to HAS_DRAWN; reason: performShowLocked
02-23 17:19:47.656  3819  3893 D CoreBackPreview:  return markWindowHasDrawn mComposed: false  mWaitTransition: false
02-23 17:19:47.656  3819  3893 E OplusAppQuickStart_AppQuickStartController: not start from launcher transition:4147
02-23 17:19:47.656  3819  3893 D Transition: collectOrderChanges onTopTasksEnd: [Task{261c531 #20741 type=standard A=10474:com.mira.dating}], reportedOnTop:null, mOnTopTasksStart: [Task{261c531 #20741 type=standard A=10474:com.mira.dating}], TDA child: [Task{13ec057 #2 type=undefined}, Task{784691c #1 type=home}, Task{261c531 #20741 type=standard A=10474:com.mira.dating}]
02-23 17:19:47.656  3819  3893 D OplusFlexibleActivityTransitionManager: fixTransitType type result:1, targets: [ChangeInfo{925fddf container=ActivityRecord{261248978 u0 com.google.android.permissioncontroller/com.android.permissioncontroller.permission.ui.GrantPermissionsActivity t20741} flags=0x0}]
02-23 17:19:47.657  3819  3893 D OplusTransitionAnimationManager: activityRecordCount0fullScreenArBeHindStartingWindow null
02-23 17:19:47.657  3819  3893 D QuickBackInputPolicy: resetInputInterceptState for remoteTransition: false
02-23 17:19:47.657  3819  3893 D OplusTransitionController: onTransactionReady, transition: 4147, info: {id=4147 t=OPEN f=0x0 trk=0 r=[0@Point(0, 0)] c=[{m=OPEN f=TRANSLUCENT|FILLS_TASK leash=Surface(name=ActivityRecord{261248978 u0 com.google.android.permissioncontroller/com.android.permissioncontroller.permission.ui.GrantPermissionsActivity t20741})/@0x4475cf5 sb=Rect(0, 0 - 0, 0) eb=Rect(0, 0 - 1080, 2376) epz=Point(1080, 2376) d=-1->0 r=-1->0:-1 bc=ffecedfb component=com.google.android.permissioncontroller/com.android.permissioncontroller.permission.ui.GrantPermissionsActivity opt={t=FROM_STYLE mUserId=0}}] 
02-23 17:19:47.657  3819  3893 D OplusTransitionController: extendInfo=[
02-23 17:19:47.657  3819  3893 D OplusTransitionController:  OplusTransitionExtendedInfo{mTmpFinishT=null, mInOplusCompatMode=false, mIsProcessRunning=false, mHasMismatchBoundsTarget=false, mRecentsController=null, mRemoteTransition=null, mIsTranslucentActivityToHome=false, mAvoidInterceptKeyEventToHome=false, mIsFromHome=false, mParentLeash=null, mBackAnimClosingLeash=null, mIsOplusAnimRes=false, mKeepBgForContinuous=false, mIsBalAllow=false, mTaskNotInRecent=false, mIsPredictiveBackAnim=false, mIsMergedWithPredictive=false, mIsLaunchFromSpruce=false, mIsLaunchFromDrive=false, mGlobalSearchPageSwitch=false, mNeedNoAlphaGlobalSearchScene=false, mAssistScreenShowing=false, mSwipeUpBrowserScreenShowing=false, mUserIdTransition=-1
02-23 17:19:47.657  3819  3893 D OplusTransitionController: , mInRemoteScene=false, mInPreReady=false, mPreStart=false, mToken=null, mAbortByRemoteFromHome=false, mShellApplyToken=null, mRequestTransitionTaskId=20741, mAbortTransitionOnShell=0, mStartFromShortcut=false, mRemovedTaskId=-1, mTransitionInterruptType=0, mMergeSecondTaskId=-1, mTaskIdStartFromRecents=0, mTransitionId=4147, mCanUseSpringSlideAnim=false, mTransitionLaunchFrom=0, mFoldChangeType=-1, mAnimStartingPosition=[0, 0, 0, 0], mIsOpeningStkDialogActivity=false, mSecondaryHomeToFrontWhenUnFolding=false, mIsNeedApplyStartTForEmbedded=false
02-23 17:19:47.657  3819  3893 D OplusTransitionController: , mNeedCanvasExitAnim=false, mMergeSecondTaskAnimation=false, mIsLaunchUnityStart=false, mIsLaunchFromAssistantByDefault=false, mSkipRemoteTransitionfalse, mIsStartFromKeyguard=false flags=0x0, mWCT=null, mIsOpenMergeToInValidPredictive=false}]}, targets : [ChangeInfo{925fddf container=ActivityRecord{261248978 u0 com.google.android.permissioncontroller/com.android.permissioncontroller.permission.ui.GrantPermissionsActivity t20741} flags=0x0}], participants: {ActivityRecord{261248978 u0 com.google.android.permissioncontroller/com.android.permissioncontroller.permission.ui.GrantPermissionsActivity t20741}}
02-23 17:19:47.658  5472  6331 V WindowManagerShell: onTransitionReady(transaction=16402480570079)
02-23 17:19:47.658  5472  5547 V WindowManagerShell: onTransitionReady (#4147) android.os.BinderProxy@f5ec2e8: {id=4147 t=OPEN f=0x0 trk=0 r=[0@Point(0, 0)] c=[
02-23 17:19:47.658  5472  5547 V WindowManagerShell:         {m=OPEN f=TRANSLUCENT|FILLS_TASK leash=Surface(name=ActivityRecord{261248978 u0 com.google.android.permissioncontroller/com.android.permissioncontroller.permission.ui.GrantPermissionsActivity t20741})/@0x76e55e7 sb=Rect(0, 0 - 0, 0) eb=Rect(0, 0 - 1080, 2376) epz=Point(1080, 2376) d=-1->0 r=-1->0:-1 bc=ffecedfb component=com.google.android.permissioncontroller/com.android.permissioncontroller.permission.ui.GrantPermissionsActivity opt={t=FROM_STYLE mUserId=0}}
02-23 17:19:47.658  5472  5547 V WindowManagerShell:     ] 
02-23 17:19:47.658  5472  5547 V WindowManagerShell: extendInfo=[
02-23 17:19:47.658  5472  5547 V WindowManagerShell:  OplusTransitionExtendedInfo{mTmpFinishT=null, mInOplusCompatMode=false, mIsProcessRunning=false, mHasMismatchBoundsTarget=false, mRecentsController=null, mRemoteTransition=null, mIsTranslucentActivityToHome=false, mAvoidInterceptKeyEventToHome=false, mIsFromHome=false, mParentLeash=null, mBackAnimClosingLeash=null, mIsOplusAnimRes=false, mKeepBgForContinuous=false, mIsBalAllow=false, mTaskNotInRecent=false, mIsPredictiveBackAnim=false, mIsMergedWithPredictive=false, mIsLaunchFromSpruce=false, mIsLaunchFromDrive=false, mGlobalSearchPageSwitch=false, mNeedNoAlphaGlobalSearchScene=false, mAssistScreenShowing=false, mSwipeUpBrowserScreenShowing=false, mUserIdTransition=-1
02-23 17:19:47.658  5472  5547 V WindowManagerShell: , mInRemoteScene=false, mInPreReady=false, mPreStart=false, mToken=null, mAbortByRemoteFromHome=false, mShellApplyToken=null, mRequestTransitionTaskId=20741, mAbortTransitionOnShell=0, mStartFromShortcut=false, mRemovedTaskId=-1, mTransitionInterruptType=0, mMergeSecondTaskId=-1, mTaskIdStartFromRecents=0, mTransitionId=4147, mCanUseSpringSlideAnim=false, mTransitionLaunchFrom=0, mFoldChangeType=-1, mAnimStartingPosition=[0, 0, 0, 0], mIsOpeningStkDialogActivity=false, mSecondaryHomeToFrontWhenUnFolding=false, mIsNeedApplyStartTForEmbedded=false
02-23 17:19:47.658  5472  5547 V WindowManagerShell: , mNeedCanvasExitAnim=false, mMergeSecondTaskAnimation=false, mIsLaunchUnityStart=false, mIsLaunchFromAssistantByDefault=false, mSkipRemoteTransitionfalse, mIsStartFromKeyguard=false flags=0x0, mWCT=null, mIsOpenMergeToInValidPredictive=false}]}
02-23 17:19:47.659  5472  5547 V WindowManagerShell: Playing animation for (#4147) android.os.BinderProxy@f5ec2e8@0
02-23 17:19:47.659  5472  5547 V ShellRecents: RecentsTransitionHandler.startAnimation: no controller found
02-23 17:19:47.659  5472  5547 V WindowManagerShell: start OnePuttTransition animation, info = {id=4147 t=OPEN f=0x0 trk=0 r=[0@Point(0, 0)] c=[{m=OPEN f=TRANSLUCENT|FILLS_TASK leash=Surface(name=ActivityRecord{261248978 u0 com.google.android.permissioncontroller/com.android.permissioncontroller.permission.ui.GrantPermissionsActivity t20741})/@0x76e55e7 sb=Rect(0, 0 - 0, 0) eb=Rect(0, 0 - 1080, 2376) epz=Point(1080, 2376) d=-1->0 r=-1->0:-1 bc=ffecedfb component=com.google.android.permissioncontroller/com.android.permissioncontroller.permission.ui.GrantPermissionsActivity opt={t=FROM_STYLE mUserId=0}}] 
02-23 17:19:47.659  5472  5547 V WindowManagerShell: extendInfo=[
02-23 17:19:47.659  5472  5547 V WindowManagerShell:  OplusTransitionExtendedInfo{mTmpFinishT=null, mInOplusCompatMode=false, mIsProcessRunning=false, mHasMismatchBoundsTarget=false, mRecentsController=null, mRemoteTransition=null, mIsTranslucentActivityToHome=false, mAvoidInterceptKeyEventToHome=false, mIsFromHome=false, mParentLeash=null, mBackAnimClosingLeash=null, mIsOplusAnimRes=false, mKeepBgForContinuous=false, mIsBalAllow=false, mTaskNotInRecent=false, mIsPredictiveBackAnim=false, mIsMergedWithPredictive=false, mIsLaunchFromSpruce=false, mIsLaunchFromDrive=false, mGlobalSearchPageSwitch=false, mNeedNoAlphaGlobalSearchScene=false, mAssistScreenShowing=false, mSwipeUpBrowserScreenShowing=false, mUserIdTransition=-1
02-23 17:19:47.659  5472  5547 V WindowManagerShell: , mInRemoteScene=false, mInPreReady=false, mPreStart=false, mToken=null, mAbortByRemoteFromHome=false, mShellApplyToken=null, mRequestTransitionTaskId=20741, mAbortTransitionOnShell=0, mStartFromShortcut=false, mRemovedTaskId=-1, mTransitionInterruptType=0, mMergeSecondTaskId=-1, mTaskIdStartFromRecents=0, mTransitionId=4147, mCanUseSpringSlideAnim=false, mTransitionLaunchFrom=0, mFoldChangeType=-1, mAnimStartingPosition=[0, 0, 0, 0], mIsOpeningStkDialogActivity=false, mSecondaryHomeToFrontWhenUnFolding=false, mIsNeedApplyStartTForEmbedded=false
02-23 17:19:47.659  5472  5547 V WindowManagerShell: , mNeedCanvasExitAnim=false, mMergeSecondTaskAnimation=false, mIsLaunchUnityStart=false, mIsLaunchFromAssistantByDefault=false, mSkipRemoteTransitionfalse, mIsStartFromKeyguard=false flags=0x0, mWCT=null, mIsOpenMergeToInValidPredictive=false}]}
02-23 17:19:47.659  5472  5547 V WindowManagerShell: Transition doesn't have explicit remote, search filters for match for {id=4147 t=OPEN f=0x0 trk=0 r=[0@Point(0, 0)] c=[{m=OPEN f=TRANSLUCENT|FILLS_TASK leash=Surface(name=ActivityRecord{261248978 u0 com.google.android.permissioncontroller/com.android.permissioncontroller.permission.ui.GrantPermissionsActivity t20741})/@0x76e55e7 sb=Rect(0, 0 - 0, 0) eb=Rect(0, 0 - 1080, 2376) epz=Point(1080, 2376) d=-1->0 r=-1->0:-1 bc=ffecedfb component=com.google.android.permissioncontroller/com.android.permissioncontroller.permission.ui.GrantPermissionsActivity opt={t=FROM_STYLE mUserId=0}}] 
02-23 17:19:47.659  5472  5547 V WindowManagerShell: extendInfo=[
02-23 17:19:47.659  5472  5547 V WindowManagerShell:  OplusTransitionExtendedInfo{mTmpFinishT=null, mInOplusCompatMode=false, mIsProcessRunning=false, mHasMismatchBoundsTarget=false, mRecentsController=null, mRemoteTransition=null, mIsTranslucentActivityToHome=false, mAvoidInterceptKeyEventToHome=false, mIsFromHome=false, mParentLeash=null, mBackAnimClosingLeash=null, mIsOplusAnimRes=false, mKeepBgForContinuous=false, mIsBalAllow=false, mTaskNotInRecent=false, mIsPredictiveBackAnim=false, mIsMergedWithPredictive=false, mIsLaunchFromSpruce=false, mIsLaunchFromDrive=false, mGlobalSearchPageSwitch=false, mNeedNoAlphaGlobalSearchScene=false, mAssistScreenShowing=false, mSwipeUpBrowserScreenShowing=false, mUserIdTransition=-1
02-23 17:19:47.659  5472  5547 V WindowManagerShell: , mInRemoteScene=false, mInPreReady=false, mPreStart=false, mToken=null, mAbortByRemoteFromHome=false, mShellApplyToken=null, mRequestTransitionTaskId=20741, mAbortTransitionOnShell=0, mStartFromShortcut=false, mRemovedTaskId=-1, mTransitionInterruptType=0, mMergeSecondTaskId=-1, mTaskIdStartFromRecents=0, mTransitionId=4147, mCanUseSpringSlideAnim=false, mTransitionLaunchFrom=0, mFoldChangeType=-1, mAnimStartingPosition=[0, 0, 0, 0], mIsOpeningStkDialogActivity=false, mSecondaryHomeToFrontWhenUnFolding=false, mIsNeedApplyStartTForEmbedded=false
02-23 17:19:47.659  5472  5547 V WindowManagerShell: , mNeedCanvasExitAnim=false, mMergeSecondTaskAnimation=false, mIsLaunchUnityStart=false, mIsLaunchFromAssistantByDefault=false, mSkipRemoteTransitionfalse, mIsStartFromKeyguard=false flags=0x0, mWCT=null, mIsOpenMergeToInValidPredictive=false}]}
02-23 17:19:47.659  5472  5547 V WindowManagerShell:  Checking filter Pair{{types=[] flags=0x0] notFlags=0x100 checks=[{atype=home independent=true modes=[OPEN,TO_FRONT] flags=NONE mustBeTask=false order=TOP topActivity=ComponentInfo{com.android.launcher/com.android.launcher.Launcher} launchCookie=null windowingMode=undefined},{atype=standard independent=true modes=[CLOSE,TO_BACK] flags=NONE mustBeTask=false order=ANY topActivity=null launchCookie=null windowingMode=undefined}]} RemoteTransition { remoteTransition = android.window.IRemoteTransition$Stub$Proxy@c70c9c1, appThread = android.app.IApplicationThread$Stub$Proxy@5c4e566, debugName = QuickstepLaunchHome }}
02-23 17:19:47.659  5472  5547 V WindowManagerShell:  Delegate animation for (#4147) to null
02-23 17:19:47.659  5472  5547 V WindowManagerShell: start default transition animation, info = {id=4147 t=OPEN f=0x0 trk=0 r=[0@Point(0, 0)] c=[{m=OPEN f=TRANSLUCENT|FILLS_TASK leash=Surface(name=ActivityRecord{261248978 u0 com.google.android.permissioncontroller/com.android.permissioncontroller.permission.ui.GrantPermissionsActivity t20741})/@0x76e55e7 sb=Rect(0, 0 - 0, 0) eb=Rect(0, 0 - 1080, 2376) epz=Point(1080, 2376) d=-1->0 r=-1->0:-1 bc=ffecedfb component=com.google.android.permissioncontroller/com.android.permissioncontroller.permission.ui.GrantPermissionsActivity opt={t=FROM_STYLE mUserId=0}}] 
02-23 17:19:47.659  5472  5547 V WindowManagerShell: extendInfo=[
02-23 17:19:47.659  5472  5547 V WindowManagerShell:  OplusTransitionExtendedInfo{mTmpFinishT=null, mInOplusCompatMode=false, mIsProcessRunning=false, mHasMismatchBoundsTarget=false, mRecentsController=null, mRemoteTransition=null, mIsTranslucentActivityToHome=false, mAvoidInterceptKeyEventToHome=false, mIsFromHome=false, mParentLeash=null, mBackAnimClosingLeash=null, mIsOplusAnimRes=false, mKeepBgForContinuous=false, mIsBalAllow=false, mTaskNotInRecent=false, mIsPredictiveBackAnim=false, mIsMergedWithPredictive=false, mIsLaunchFromSpruce=false, mIsLaunchFromDrive=false, mGlobalSearchPageSwitch=false, mNeedNoAlphaGlobalSearchScene=false, mAssistScreenShowing=false, mSwipeUpBrowserScreenShowing=false, mUserIdTransition=-1
02-23 17:19:47.659  5472  5547 V WindowManagerShell: , mInRemoteScene=false, mInPreReady=false, mPreStart=false, mToken=null, mAbortByRemoteFromHome=false, mShellApplyToken=null, mRequestTransitionTaskId=20741, mAbortTransitionOnShell=0, mStartFromShortcut=false, mRemovedTaskId=-1, mTransitionInterruptType=0, mMergeSecondTaskId=-1, mTaskIdStartFromRecents=0, mTransitionId=4147, mCanUseSpringSlideAnim=false, mTransitionLaunchFrom=0, mFoldChangeType=-1, mAnimStartingPosition=[0, 0, 0, 0], mIsOpeningStkDialogActivity=false, mSecondaryHomeToFrontWhenUnFolding=false, mIsNeedApplyStartTForEmbedded=false
02-23 17:19:47.659  5472  5547 V WindowManagerShell: , mNeedCanvasExitAnim=false, mMergeSecondTaskAnimation=false, mIsLaunchUnityStart=false, mIsLaunchFromAssistantByDefault=false, mSkipRemoteTransitionfalse, mIsStartFromKeyguard=false flags=0x0, mWCT=null, mIsOpenMergeToInValidPredictive=false}]}
02-23 17:19:47.659  5472  5547 V WindowManagerShell: loadAnimation: anim=null animAttr=0x4 type=OPEN isEntrance=true
02-23 17:19:47.659  3819  3893 I TaskOrganizerController: onTaskInfoChanged taskid 20741 config { mBounds=Rect(0, 0 - 1080, 2376) mAppBounds=Rect(0, 0 - 1080, 2376) mMaxBounds=Rect(0, 0 - 1080, 2376) mDisplayRotation=ROTATION_0 mWindowingMode=fullscreen mActivityType=standard mAlwaysOnTop=undefined mRotation=ROTATION_0}
02-23 17:19:47.660  3819  3893 D OplusFlexibleDragToSplitAnimController: visibleFlexibleTaskInfos delete:20741
02-23 17:19:47.660  3819  3893 E FlexibleWindowManagerService: notifyTaskObserverToAttachController not need to notify!
02-23 17:19:47.660  3819  3893 I FlexibleWindowManagerService: onFlexibleWindowTaskInfoChanged, return for cur task not embedded
02-23 17:19:47.660  5472  5547 V WindowManagerShell: Transition animation finished (aborted=false), notifying core (#4147) android.os.BinderProxy@f5ec2e8@0
02-23 17:19:47.660  5472  5547 D SplitScreen-->AppLockManager: setStartFromSafeControl mStartFromSafeControl=false
02-23 17:19:47.661  3819  6054 D ActivityTaskManager: setAppVisibility(Token{3847759 ActivityRecord{261248978 u0 com.google.android.permissioncontroller/com.android.permissioncontroller.permission.ui.GrantPermissionsActivity t20741 f}}}, visible=false):  visible=true mVisibleRequested=true
02-23 17:19:47.661  3819  6054 D ActivityTaskManager: setVisibility(Token{3847759 ActivityRecord{261248978 u0 com.google.android.permissioncontroller/com.android.permissioncontroller.permission.ui.GrantPermissionsActivity t20741 f}}}, visible=false) defer commitVisibility for transition collecting
02-23 17:19:47.664  3819  5438 D Transition: finishTransition ar ActivityRecord{261248978 u0 com.google.android.permissioncontroller/com.android.permissioncontroller.permission.ui.GrantPermissionsActivity t20741 f}}, isVisibleRequested=false, state=PAUSING, visibleAtTransitionEndTokens={ActivityRecord{261248978 u0 com.google.android.permissioncontroller/com.android.permissioncontroller.permission.ui.GrantPermissionsActivity t20741 f}}}, this=TransitionRecord{9fdd371 id=4147 track=0 type=OPEN flags=0x0 state=2 c=[
02-23 17:19:47.664  3819  5438 D Transition:    ChangeInfo{bfc092e container=DefaultTaskDisplayArea@15413927 flags=0x0}
02-23 17:19:47.664  3819  5438 D Transition:    ChangeInfo{cb01ccf container=Task{261c531 #20741 type=standard A=10474:com.mira.dating} flags=0x0}
02-23 17:19:47.664  3819  5438 D Transition:    ChangeInfo{6dd865c container=Display{#0 state=ON size=1080x2376 ROTATION_0} flags=0x0}
02-23 17:19:47.664  3819  5438 D Transition:    ChangeInfo{925fddf container=ActivityRecord{261248978 u0 com.google.android.permissioncontroller/com.android.permissioncontroller.permission.ui.GrantPermissionsActivity t20741 f}} flags=0x0}
02-23 17:19:47.664  3819  5438 D Transition: ]
02-23 17:19:47.664  3819  5438 D Transition: }
02-23 17:19:47.664  3819  5438 I OplusAppSwitchManagerService:  handleAppVisible , r = ActivityRecord{261248978 u0 com.google.android.permissioncontroller/com.android.permissioncontroller.permission.ui.GrantPermissionsActivity t20741 f}}
02-23 17:19:47.665  3819  5438 D OplusTransitionController: finishTransition, transition: TransitionRecord{9fdd371 id=4147 track=0 type=OPEN flags=0x0 state=4 c=[
02-23 17:19:47.665  3819  5438 D OplusTransitionController:    ChangeInfo{bfc092e container=DefaultTaskDisplayArea@15413927 flags=0x0}
02-23 17:19:47.665  3819  5438 D OplusTransitionController:    ChangeInfo{cb01ccf container=Task{261c531 #20741 type=standard A=10474:com.mira.dating} flags=0x0}
02-23 17:19:47.665  3819  5438 D OplusTransitionController:    ChangeInfo{6dd865c container=Display{#0 state=ON size=1080x2376 ROTATION_0} flags=0x0}
02-23 17:19:47.665  3819  5438 D OplusTransitionController:    ChangeInfo{925fddf container=ActivityRecord{261248978 u0 com.google.android.permissioncontroller/com.android.permissioncontroller.permission.ui.GrantPermissionsActivity t20741 f}} flags=0x0}
02-23 17:19:47.665  3819  5438 D OplusTransitionController: ]
02-23 17:19:47.665  3819  5438 D OplusTransitionController: }
02-23 17:19:47.665  3819  5438 D FlexibleTaskTransitionController:  finishTransition pendingRecentToFlexibleTask:null,isRotationTransition:false ,pendingRecentToFlexible:null ,transition:TransitionRecord{9fdd371 id=4147 track=0 type=OPEN flags=0x0 state=4 c=[
02-23 17:19:47.665  3819  5438 D FlexibleTaskTransitionController:    ChangeInfo{bfc092e container=DefaultTaskDisplayArea@15413927 flags=0x0}
02-23 17:19:47.665  3819  5438 D FlexibleTaskTransitionController:    ChangeInfo{cb01ccf container=Task{261c531 #20741 type=standard A=10474:com.mira.dating} flags=0x0}
02-23 17:19:47.665  3819  5438 D FlexibleTaskTransitionController:    ChangeInfo{6dd865c container=Display{#0 state=ON size=1080x2376 ROTATION_0} flags=0x0}
02-23 17:19:47.665  3819  5438 D FlexibleTaskTransitionController:    ChangeInfo{925fddf container=ActivityRecord{261248978 u0 com.google.android.permissioncontroller/com.android.permissioncontroller.permission.ui.GrantPermissionsActivity t20741 f}} flags=0x0}
02-23 17:19:47.665  3819  5438 D FlexibleTaskTransitionController: ]
02-23 17:19:47.665  3819  5438 D FlexibleTaskTransitionController: }
02-23 17:19:47.665  3819  5438 D RefreshRate: ***** request traversal for refresh rate change, reason is highTempRefreshRateChanged: false, windowRefreshRateChanged: true, flexibleWindowStateChanged: false, has float/zoom window *****
02-23 17:19:47.665  3819  3902 W UserAwareMgr: event can not be released, id: 5001, count: 2, releasePid: 3819
02-23 17:19:47.665  5472  5547 D ShellTaskOrganizer: onTransitionFinish, isRecent:false
02-23 17:19:47.665  5472  5547 V WindowManagerShell: Track 0 became idle
02-23 17:19:47.665  5472  5547 V WindowManagerShell: All active transition animations finished
02-23 17:19:47.665  5472  5547 V WindowManagerShell:  animated by com.android.wm.shell.transition.DefaultTransitionHandler@d99c1bf
02-23 17:19:47.665  5472  5547 V WindowManagerShell: Track 0 became idle
02-23 17:19:47.665  5472  5547 V WindowManagerShell: All active transition animations finished
02-23 17:19:47.665  5472  5547 V WindowManagerShell: Transition requested (#4148): android.os.BinderProxy@3262b39 TransitionRequestInfo { type = CLOSE, triggerTask = null, pipChange = null, remoteTransition = null, displayChange = null, flags = 0, debugId = 4148 }
02-23 17:19:47.666  3819  3889 V WindowManager: Sent Transition (#4147) createdAt=02-23 17:19:47.592 via request=TransitionRequestInfo { type = OPEN, triggerTask = TaskInfo{userId=0 taskId=20741 effectiveUid=10474 displayId=0 isRunning=true baseIntent=Intent { flg=0x10000000 cmp=com.mira.dating/.MainActivity mCallingUid=2000 } baseActivity=ComponentInfo{com.mira.dating/com.mira.dating.MainActivity} topActivity=ComponentInfo{com.google.android.permissioncontroller/com.android.permissioncontroller.permission.ui.GrantPermissionsActivity} origActivity=null realActivity=ComponentInfo{com.mira.dating/com.mira.dating.MainActivity}
02-23 17:19:47.666  3819  3889 V WindowManager:  numActivities=2 lastActiveTime=182295293 supportsSplitScreenMultiWindow=true supportsMultiWindow=true supportsPocketStudioMultiWindow=true isInFlexibleEmbedded = false uid = 10308 pid = 0 resizeMode=1 isResizeable=true minWidth=-1 minHeight=-1 defaultMinSize=220 token=WCT{RemoteToken{7e0877c Task{261c531 #20741 type=standard A=10474:com.mira.dating}}} topActivityType=1 pictureInPictureParams=null shouldDockBigOverlays=false launchIntoPipHostTaskId=-1 lastParentTaskIdBeforePip=-1 displayCutoutSafeInsets=Rect(0, 0 - 0, 0)
02-23 17:19:47.666  3819  3889 V WindowManager:  topActivityInfo=ActivityInfo{543e893 com.android.permissioncontroller.permission.ui.GrantPermissionsActivity} launchCookies=[] positionInParent=Point(0, 0) parentTaskId=-1 isFocused=true isVisible=true isVisibleRequested=true isTopActivityNoDisplay=false isSleeping=false locusId=null displayAreaFeatureId=1 isTopActivityTransparent=true isActivityStackTransparent=false lastNonFullscreenBounds=Rect(276, 684 - 804, 1764) capturedLink=null capturedLinkTimestamp=0 requestedVisibleTypes=-9 topActivityRequestOpenInBrowserEducationTimestamp=0
02-23 17:19:47.666  3819  3889 V WindowManager:  appCompatTaskInfo=AppCompatTaskInfo { topActivityInSizeCompat=false topActivityInOplusCompatMode=false eligibleForLetterboxEducation= false isLetterboxEducationEnabled= false isLetterboxDoubleTapEnabled= false eligibleForUserAspectRatioButton= false topActivityBoundsLetterboxed= false isFromLetterboxDoubleTap= false topActivityLetterboxVerticalPosition= -1 topActivityLetterboxHorizontalPosition= -1 topActivityLetterboxWidth=-1 topActivityLetterboxHeight=-1 topActivityAppBounds=Rect(0, 0 - 1080, 2376) isUserFullscreenOverrideEnabled=false isSystemFullscreenOverrideEnabled=false hasMinAspectRatioOverride=false topActivityLetterboxBounds=null cameraCompatTaskInfo=CameraCompatTaskInfo { freeformCameraCompatMode=inactive}} topActivityMainWindowFrame=null topActivityLetterboxInsets=Rect(0, 0 - 0, 0)
02-23 17:19:47.666  3819  3889 V WindowManager:  mOplusExtraBundle = Bundle[{androidx.flexible.taskFrame=Rect(0, 0 - 0, 0), topOpaqueSystemBarsAppearance=0, androidx.flexible.Alpha=1.0, androidx.activity.task.attach.blur=0, androidx.activity.LaunchInsensible=0, androidx.activity.LaunchCornerRadius=0, key_flexible_task_state=0, topActivitySupportAppInnerSplit=false, key_flexible_task_animating_type=-1, key_flexible_task_root_activity_processname=com.mira.dating, androidx.activity.LaunchScenario=0, is_oplus_clone_task=false, flexible_super_mini_state=false, topRunningActivityHash=261248978, androidx.activity.LaunchScale=1.0, androidx.activity.LaunchShadowRadius=0, is_transient_hide_for_task_info=false, key_flexible_task_root_activity_pid=27816, key_flexible_task_root_activity_uid=10474}]}, pipChange = null, remoteTransition = null, displayChange = null, flags = 0, debugId = 4147 }
02-23 17:19:47.666  3819  3889 V WindowManager:     startWCT=WindowContainerTransaction { changes= {} hops= [] errorCallbackToken=null taskFragmentOrganizer=null }
02-23 17:19:47.666  3819  3889 V WindowManager:     info={id=4147 t=OPEN f=0x0 trk=0 r=[0@Point(0, 0)] c=[
02-23 17:19:47.666  3819  3889 V WindowManager:         {m=OPEN f=TRANSLUCENT|FILLS_TASK leash=Surface(name=ActivityRecord{261248978 u0 com.google.android.permissioncontroller/com.android.permissioncontroller.permission.ui.GrantPermissionsActivity t20741})/@0x4475cf5 sb=Rect(0, 0 - 0, 0) eb=Rect(0, 0 - 1080, 2376) epz=Point(1080, 2376) d=-1->0 r=-1->0:-1 bc=ffecedfb component=com.google.android.permissioncontroller/com.android.permissioncontroller.permission.ui.GrantPermissionsActivity opt={t=FROM_STYLE mUserId=0}}
02-23 17:19:47.666  3819  3889 V WindowManager:     ] 
02-23 17:19:47.666  3819  3889 V WindowManager: extendInfo=[
02-23 17:19:47.666  3819  3889 V WindowManager:  OplusTransitionExtendedInfo{mTmpFinishT=null, mInOplusCompatMode=false, mIsProcessRunning=false, mHasMismatchBoundsTarget=false, mRecentsController=null, mRemoteTransition=null, mIsTranslucentActivityToHome=false, mAvoidInterceptKeyEventToHome=false, mIsFromHome=false, mParentLeash=null, mBackAnimClosingLeash=null, mIsOplusAnimRes=false, mKeepBgForContinuous=false, mIsBalAllow=false, mTaskNotInRecent=false, mIsPredictiveBackAnim=false, mIsMergedWithPredictive=false, mIsLaunchFromSpruce=false, mIsLaunchFromDrive=false, mGlobalSearchPageSwitch=false, mNeedNoAlphaGlobalSearchScene=false, mAssistScreenShowing=false, mSwipeUpBrowserScreenShowing=false, mUserIdTransition=-1
02-23 17:19:47.666  3819  3889 V WindowManager: , mInRemoteScene=false, mInPreReady=false, mPreStart=false, mToken=null, mAbortByRemoteFromHome=false, mShellApplyToken=null, mRequestTransitionTaskId=20741, mAbortTransitionOnShell=0, mStartFromShortcut=false, mRemovedTaskId=-1, mTransitionInterruptType=0, mMergeSecondTaskId=-1, mTaskIdStartFromRecents=0, mTransitionId=4147, mCanUseSpringSlideAnim=false, mTransitionLaunchFrom=0, mFoldChangeType=-1, mAnimStartingPosition=[0, 0, 0, 0], mIsOpeningStkDialogActivity=false, mSecondaryHomeToFrontWhenUnFolding=false, mIsNeedApplyStartTForEmbedded=false
02-23 17:19:47.666  3819  3889 V WindowManager: , mNeedCanvasExitAnim=false, mMergeSecondTaskAnimation=false, mIsLaunchUnityStart=false, mIsLaunchFromAssistantByDefault=false, mSkipRemoteTransitionfalse, mIsStartFromKeyguard=false flags=0x0, mWCT=null, mIsOpenMergeToInValidPredictive=false}]}
02-23 17:19:47.666  3819  5438 D OplusWindowAnimationManager: applyNoAnimationForResumed resumed: null
02-23 17:19:47.666  3819  5438 I OplusAccessController: enter isIgnoreAppSwitchActivity
02-23 17:19:47.666  3819  5438 I OplusAccessController: enter isIgnoreAppSwitchActivity and intent != null
02-23 17:19:47.666  3819  5438 I OplusAccessController: enter isIgnoreAppSwitchActivity and componentName != null
02-23 17:19:47.666  3819  5438 I OplusAccessController: enter isIgnoreAppSwitchActivity and packageName&activity is not Empty
02-23 17:19:47.666  3819  3902 W UserAwareMgr: event can not be released, id: 5005, count: 4, releasePid: 3819
02-23 17:19:47.666  3819  5438 D RefreshRate: don't do app switch boost,arDisplayId:0 mDisplayId:0 currentSettingMode:0 hasAppSwitchBoostPriority:true is supportRefreshRateSwitch:true
02-23 17:19:47.666  3819  4962 D JobSchedulerServiceExtImpl: updateOsenseRestrictMode for 1 false false
02-23 17:19:47.666  3819  4962 D JobSchedulerServiceExtImpl: updateOsenseRestrictMode for 1 true false
02-23 17:19:47.667  3819  3902 I UserAwareMgr: handleTopAppChanged: com.mira.dating, pid: 27816, uid: 10474
02-23 17:19:47.667  3819  5438 D ActivityTaskManager: NFW_setLastResumedActivityUncheckLocked:true r:ActivityRecord{243035466 u0 com.mira.dating/.MainActivity t20741} currentFocus:Window{65dd70b u0 com.google.android.permissioncontroller/com.android.permissioncontroller.permission.ui.GrantPermissionsActivity}
02-23 17:19:47.667  3819  5438 D WindowManager: NFW_findFocusedWindowIfNeeded:Window{4035541 u0 com.mira.dating/com.mira.dating.MainActivity} mCurrentFocus:Window{65dd70b u0 com.google.android.permissioncontroller/com.android.permissioncontroller.permission.ui.GrantPermissionsActivity}
02-23 17:19:47.667  3819  5438 V WindowManager: Changing focus from Window{65dd70b u0 com.google.android.permissioncontroller/com.android.permissioncontroller.permission.ui.GrantPermissionsActivity} to Window{4035541 u0 com.mira.dating/com.mira.dating.MainActivity},diplayid=0
02-23 17:19:47.667  3819  4048 D VRR [OPlusSurfaceFlingerController]:  setComplexSceneEnable : false
02-23 17:19:47.668  3819  5438 I OplusJoystickManager: handleApplicationSwitch deprecated!
02-23 17:19:47.668  3819  5438 I GameManagerServiceExt-GameManagerServiceExt: on FG change: com.google.android.permissioncontroller|com.mira.dating
02-23 17:19:47.668  3819  5438 D FlexibleTaskController: isFullToFlexibleAnimating: false
02-23 17:19:47.668  3819  5438 D WindowManager: rotation(ROTATION_0) no changed  displayId = 0, lastOrientation = 1
02-23 17:19:47.668  3819  5438 I TaskOrganizerController: onTaskInfoChanged taskid 20741 config { mBounds=Rect(0, 0 - 1080, 2376) mAppBounds=Rect(0, 0 - 1080, 2376) mMaxBounds=Rect(0, 0 - 1080, 2376) mDisplayRotation=ROTATION_0 mWindowingMode=fullscreen mActivityType=standard mAlwaysOnTop=undefined mRotation=ROTATION_0}
02-23 17:19:47.668  3819  3985 D OplusAppSwitchListener: App Activity Change
02-23 17:19:47.668  3819  3985 D OplusAppSwitchListener: Detect com.google.android.permissioncontroller switch to background
02-23 17:19:47.668  3819  3985 D OplusFeatureReduceBrightness: onAppExit , info = com.google.android.permissioncontroller
02-23 17:19:47.668  3819  5438 D OplusFlexibleDragToSplitAnimController: visibleFlexibleTaskInfos delete:20741
02-23 17:19:47.668  3819  5438 E FlexibleWindowManagerService: notifyTaskObserverToAttachController not need to notify!
02-23 17:19:47.668  3819  5438 I FlexibleWindowManagerService: onFlexibleWindowTaskInfoChanged, return for cur task not embedded
02-23 17:19:47.669  3819  5793 D OplusEapManager: mTargetExitName :com.google.android.permissioncontroller
02-23 17:19:47.669  3819  5438 D OplusFeatureColorMode: ColorMode getColorMode =0
02-23 17:19:47.669  3819  5438 D ColorDisplayServiceExtImpl: getWCGVersion1App, packageName=com.mira.dating, sSupportWCG1 = true, sSupportWCG3 = false, nRet = 0
02-23 17:19:47.669  3819  4048 D VRR [OPlusRefreshRateService]: handleFrontAppChange pkgName: null
02-23 17:19:47.669  3819  5677 D NativeFreezeManager: freezeForAppSwitchScene mAppLaunchFzDxEnable enter, mFgAppPkgname com.mira.dating
02-23 17:19:47.669  3819  6080 I BLASTSyncEngine: onCommitted syncId: 4147, timeout: false ran: false
02-23 17:19:47.669  3819  6080 D Transition: finishTransaction-onCommitted syncId=4147
02-23 17:19:47.670 27816 27816 D ActivityThread: ComponentInfo{com.mira.dating/com.mira.dating.MainActivity} checkFinished=false 4
02-23 17:19:47.670 27816 27816 D ResourcesManagerExtImpl: applyConfigurationToAppResourcesLocked app.getDisplayId() return callback.displayId:0
02-23 17:19:47.671  3819  4765 D InputMethodManagerService: isSecurity: attribute.packageName = com.google.android.permissioncontroller mCurMethodId = com.google.android.inputmethod.latin/com.android.inputmethod.latin.LatinIME isSecurity = false ( enable = false needShow = false inBlackList = false isExist = true )
02-23 17:19:47.672  3819  3893 E OplusAppQuickStart_AppQuickStartController: not start from launcher transition:4148
02-23 17:19:47.672  3819  3893 D Transition: collectOrderChanges onTopTasksEnd: [Task{261c531 #20741 type=standard A=10474:com.mira.dating}], reportedOnTop:null, mOnTopTasksStart: [Task{261c531 #20741 type=standard A=10474:com.mira.dating}], TDA child: [Task{13ec057 #2 type=undefined}, Task{784691c #1 type=home}, Task{261c531 #20741 type=standard A=10474:com.mira.dating}]
02-23 17:19:47.672  3819  3893 D OplusFlexibleActivityTransitionManager: fixTransitType type result:2, targets: [ChangeInfo{79319de container=ActivityRecord{261248978 u0 com.google.android.permissioncontroller/com.android.permissioncontroller.permission.ui.GrantPermissionsActivity t20741 f}} flags=0x0}]
02-23 17:19:47.672  3819  3985 D OplusAppSwitchListener: Detect com.mira.dating switch to foreground
02-23 17:19:47.673  3819  5793 D OplusAppSwitchRuleInfo: generateAppEnterInfo - launch_source_type =  , launch_source_traceid = 
02-23 17:19:47.673  3819  5793 D OplusAppSwitchRuleInfo: generateAppEnterInfo - launch_source_type =  , launch_source_traceid = 
02-23 17:19:47.673  3819  3893 D OplusTransitionAnimationManager: activityRecordCount0fullScreenArBeHindStartingWindow null
02-23 17:19:47.673  3819  4048 D VRR [OPlusRefreshRateService]: handleFrontAppChange pkgName: com.mira.dating
02-23 17:19:47.673  3819  5793 D OplusEapManager: mTargetEnterName :com.mira.dating
02-23 17:19:47.673  3819  4048 D VRR [OPlusSAManager]: updateAutoMinfps for 4630946652107814787 with nits: 97.84091, mHistOK true, mAmbientOK true, mCctOK true, mIrOK true, mBrightnessOK true, isPkgOK true, SA min fps: 119
02-23 17:19:47.673  3819  5793 D OplusAppSwitchRuleInfo: generateAppEnterInfo - launch_source_type =  , launch_source_traceid = 
02-23 17:19:47.673  3819  3893 D QuickBackInputPolicy: resetInputInterceptState for remoteTransition: false
02-23 17:19:47.673  3819  5793 D OplusAppSwitchRuleInfo: generateAppEnterInfo - launch_source_type =  , launch_source_traceid = 
02-23 17:19:47.673  3819  3893 D OplusTransitionController: onTransactionReady, transition: 4148, info: {id=4148 t=CLOSE f=0x0 trk=1 r=[0@Point(0, 0)] c=[{m=CLOSE f=TRANSLUCENT|FILLS_TASK|IS_OCCLUDED leash=Surface(name=ActivityRecord{261248978 u0 com.google.android.permissioncontroller/com.android.permissioncontroller.permission.ui.GrantPermissionsActivity t20741})/@0x4475cf5 sb=Rect(0, 0 - 1080, 2376) eb=Rect(0, 0 - 1080, 2376) epz=Point(1080, 2376) d=0 bc=ffecedfb component=com.google.android.permissioncontroller/com.android.permissioncontroller.permission.ui.GrantPermissionsActivity opt={t=FROM_STYLE mUserId=0}}] 
02-23 17:19:47.673  3819  3893 D OplusTransitionController: extendInfo=[
02-23 17:19:47.673  3819  3893 D OplusTransitionController:  OplusTransitionExtendedInfo{mTmpFinishT=null, mInOplusCompatMode=false, mIsProcessRunning=false, mHasMismatchBoundsTarget=false, mRecentsController=null, mRemoteTransition=null, mIsTranslucentActivityToHome=false, mAvoidInterceptKeyEventToHome=false, mIsFromHome=false, mParentLeash=null, mBackAnimClosingLeash=null, mIsOplusAnimRes=false, mKeepBgForContinuous=false, mIsBalAllow=false, mTaskNotInRecent=false, mIsPredictiveBackAnim=false, mIsMergedWithPredictive=false, mIsLaunchFromSpruce=false, mIsLaunchFromDrive=false, mGlobalSearchPageSwitch=false, mNeedNoAlphaGlobalSearchScene=false, mAssistScreenShowing=false, mSwipeUpBrowserScreenShowing=false, mUserIdTransition=-1
02-23 17:19:47.673  3819  3893 D OplusTransitionController: , mInRemoteScene=false, mInPreReady=false, mPreStart=false, mToken=null, mAbortByRemoteFromHome=false, mShellApplyToken=null, mRequestTransitionTaskId=-1, mAbortTransitionOnShell=0, mStartFromShortcut=false, mRemovedTaskId=-1, mTransitionInterruptType=0, mMergeSecondTaskId=-1, mTaskIdStartFromRecents=0, mTransitionId=4148, mCanUseSpringSlideAnim=false, mTransitionLaunchFrom=0, mFoldChangeType=-1, mAnimStartingPosition=[0, 0, 0, 0], mIsOpeningStkDialogActivity=false, mSecondaryHomeToFrontWhenUnFolding=false, mIsNeedApplyStartTForEmbedded=false
02-23 17:19:47.673  3819  3893 D OplusTransitionController: , mNeedCanvasExitAnim=false, mMergeSecondTaskAnimation=false, mIsLaunchUnityStart=false, mIsLaunchFromAssistantByDefault=false, mSkipRemoteTransitionfalse, mIsStartFromKeyguard=false flags=0x0, mWCT=null, mIsOpenMergeToInValidPredictive=false}]}, targets : [ChangeInfo{79319de container=ActivityRecord{261248978 u0 com.google.android.permissioncontroller/com.android.permissioncontroller.permission.ui.GrantPermissionsActivity t20741 f}} flags=0x0}], participants: {ActivityRecord{261248978 u0 com.google.android.permissioncontroller/com.android.permissioncontroller.permission.ui.GrantPermissionsActivity t20741 f}}}
02-23 17:19:47.674  3819  5793 D OplusAppSwitchRuleInfo: generateAppEnterInfo - launch_source_type =  , launch_source_traceid = 
02-23 17:19:47.674  5472  1708 V WindowManagerShell: onTransitionReady(transaction=16402480570094)
02-23 17:19:47.674  5472  5547 V WindowManagerShell: onTransitionReady (#4148) android.os.BinderProxy@3262b39: {id=4148 t=CLOSE f=0x0 trk=1 r=[0@Point(0, 0)] c=[
02-23 17:19:47.674  5472  5547 V WindowManagerShell:         {m=CLOSE f=TRANSLUCENT|FILLS_TASK|IS_OCCLUDED leash=Surface(name=ActivityRecord{261248978 u0 com.google.android.permissioncontroller/com.android.permissioncontroller.permission.ui.GrantPermissionsActivity t20741})/@0xf81f57e sb=Rect(0, 0 - 1080, 2376) eb=Rect(0, 0 - 1080, 2376) epz=Point(1080, 2376) d=0 bc=ffecedfb component=com.google.android.permissioncontroller/com.android.permissioncontroller.permission.ui.GrantPermissionsActivity opt={t=FROM_STYLE mUserId=0}}
02-23 17:19:47.674  5472  5547 V WindowManagerShell:     ] 
02-23 17:19:47.674  5472  5547 V WindowManagerShell: extendInfo=[
02-23 17:19:47.674  5472  5547 V WindowManagerShell:  OplusTransitionExtendedInfo{mTmpFinishT=null, mInOplusCompatMode=false, mIsProcessRunning=false, mHasMismatchBoundsTarget=false, mRecentsController=null, mRemoteTransition=null, mIsTranslucentActivityToHome=false, mAvoidInterceptKeyEventToHome=false, mIsFromHome=false, mParentLeash=null, mBackAnimClosingLeash=null, mIsOplusAnimRes=false, mKeepBgForContinuous=false, mIsBalAllow=false, mTaskNotInRecent=false, mIsPredictiveBackAnim=false, mIsMergedWithPredictive=false, mIsLaunchFromSpruce=false, mIsLaunchFromDrive=false, mGlobalSearchPageSwitch=false, mNeedNoAlphaGlobalSearchScene=false, mAssistScreenShowing=false, mSwipeUpBrowserScreenShowing=false, mUserIdTransition=-1
