02-23 17:19:47.990  3819  5438 E FlexibleWindowManagerService: notifyTaskObserverToAttachController not need to notify!
02-23 17:19:47.990  3819  5438 I FlexibleWindowManagerService: onFlexibleWindowTaskInfoChanged, return for cur task not embedded
02-23 17:19:47.992  3568  3568 D OplusPredictiveBackController: should not HookOnBackInvokedCallbackEnabled for application com.oplus.camera.component.CapturePhotoActivity@7e49aa5 sdk: 36
02-23 17:19:47.993  3819  5438 D CoreBackPreview: Window{296392d u0 com.oplus.camera/com.oplus.camera.component.CapturePhotoActivity}: Setting back callback OnBackInvokedCallbackInfo{mCallback=android.window.IOnBackInvokedCallback$Stub$Proxy@fd7deae, mPriority=-1, mIsAnimationCallback=false, mOverrideBehavior=0}
02-23 17:19:47.993  3568  3568 D OplusPredictiveBackController: should not HookOnBackInvokedCallbackEnabled for application com.oplus.camera.component.CapturePhotoActivity@7e49aa5 sdk: 36
02-23 17:19:47.993  3819  5438 D CoreBackPreview: Window{296392d u0 com.oplus.camera/com.oplus.camera.component.CapturePhotoActivity}: Setting back callback OnBackInvokedCallbackInfo{mCallback=android.window.IOnBackInvokedCallback$Stub$Proxy@d57044f, mPriority=0, mIsAnimationCallback=false, mOverrideBehavior=0}
02-23 17:19:47.994  3819  5438 V WindowManager: Relayout Window{296392d u0 com.oplus.camera/com.oplus.camera.component.CapturePhotoActivity}: viewVisibility=0, oldvis=4, req=1080x2376 , apr = 0, vsysui=FULLSCREEN LAYOUT_HIDE_NAVIGATION LAYOUT_FULLSCREEN IMMERSIVE_STICKY, x=0, y=0
02-23 17:19:47.994  3819  5438 I WindowManager: Window{296392d u0 com.oplus.camera/com.oplus.camera.component.CapturePhotoActivity} state from NO_SURFACE to DRAW_PENDING; reason: resetDrawState
02-23 17:19:47.997  3819  5438 D WindowManager: NFW_findFocusedWindowIfNeeded:Window{296392d u0 com.oplus.camera/com.oplus.camera.component.CapturePhotoActivity} mCurrentFocus:null
02-23 17:19:47.997  3819  5438 D WindowManager: attachImeScreenshotOnTargetIfNeeded, mImeHiding = false, requestedVisibleTypes = -9
02-23 17:19:47.997  3819  5438 V WindowManager: Changing focus from null to Window{296392d u0 com.oplus.camera/com.oplus.camera.component.CapturePhotoActivity},diplayid=0
02-23 17:19:47.997  3819  4048 D VRR [OPlusSurfaceFlingerController]:  setComplexSceneEnable : false
02-23 17:19:47.998  3819  5438 I WindowContainerExtImpl: ActivityRecord{267098134 u0 com.oplus.camera/.component.CapturePhotoActivity t20741} uses SCREEN_ORIENTATION_BEHIND!!!
02-23 17:19:47.999  3819  6054 W SettingsProvider: You shouldn't keep your settings in the secure settings. This will soon become an error!!!
02-23 17:19:47.999  3568  3568 D VRI[CapturePhotoActivity]: relayoutWindow result, sizeChanged:true, surfaceControlChanged:true, transformHintChanged:false, mSurfaceSize:Point(1080, 2376), mLastSurfaceSize:Point(0, 0), mWidth:-1, mHeight:-1, requestedWidth:1080, requestedHeight:2376, transformHint:0, installOrientation:0, displayRotation:0, isSurfaceValid:true, attr.flag:-2122316416, tmpFrames:ClientWindowFrames{frame=[0,0][1080,2376] display=[0,0][1080,2376] parentFrame=[0,0][0,0]}, relayoutAsync:false, mSyncSeqId:0
02-23 17:19:47.999  3568  3568 W VRI[CapturePhotoActivity]: updateBlastSurfaceIfNeeded, surfaceSize:Point(1080, 2376), lastSurfaceSize:Point(0, 0), format:-3, blastBufferQueue:null
02-23 17:19:48.001  3819  5438 W SettingsProvider: You shouldn't keep your settings in the secure settings. This will soon become an error!!!
02-23 17:19:48.001  3819  5438 W SettingsProvider: You shouldn't keep your settings in the secure settings. This will soon become an error!!!
02-23 17:19:48.002  3819  5438 W SettingsProvider: You shouldn't keep your settings in the secure settings. This will soon become an error!!!
02-23 17:19:48.003  3819  5438 D OplusStartingWindowManager: updateRecordSurfaceViewState windowToken = android.os.BinderProxy@fbd8444, surfaceState = true, attachedToWindow = true, inList = false, win = Window{296392d u0 com.oplus.camera/com.oplus.camera.component.CapturePhotoActivity}
02-23 17:19:48.006  3819  5438 D OplusStartingWindowManager: updateRecordSurfaceViewState windowToken = android.os.BinderProxy@fbd8444, surfaceState = true, attachedToWindow = true, inList = false, win = Window{296392d u0 com.oplus.camera/com.oplus.camera.component.CapturePhotoActivity}
02-23 17:19:48.019  5472  5472 W VRI[StatusBar]: handleResized abandoned!
02-23 17:19:48.019  5472  5472 W VRI[NavigationBar_displayId_0]: handleResized abandoned!
02-23 17:19:48.021  5472  5842 W VRI[ScreenDecorOverlay]: handleResized abandoned!
02-23 17:19:48.021  5472  5842 W VRI[ScreenDecorOverlayBottom]: handleResized abandoned!
02-23 17:19:48.022  3819  4881 D WindowManager: onSyncFinishedDrawing: Window{296392d u0 com.oplus.camera/com.oplus.camera.component.CapturePhotoActivity}
02-23 17:19:48.022  3819  4881 I WindowManager: finishDrawing skipLayout:false,syncSeqId=0,mPrepareSyncSeqId=0 Window{296392d u0 com.oplus.camera/com.oplus.camera.component.CapturePhotoActivity} com.android.server.wm.WindowManagerService.finishDrawingWindow:3192 com.android.server.wm.Session.finishDrawing:369 android.view.IWindowSession$Stub.onTransact:793 
02-23 17:19:48.022  3819  4881 I WindowManager: Window{296392d u0 com.oplus.camera/com.oplus.camera.component.CapturePhotoActivity} state from DRAW_PENDING to COMMIT_DRAW_PENDING; reason: finishDrawingLocked
02-23 17:19:48.023  3819  3893 I WindowManager: Window{296392d u0 com.oplus.camera/com.oplus.camera.component.CapturePhotoActivity} state from COMMIT_DRAW_PENDING to READY_TO_SHOW; reason: commitFinishDrawingLocked
02-23 17:19:48.023  3819  3893 D CoreBackPreview:  return markWindowHasDrawn mComposed: false  mWaitTransition: false
02-23 17:19:48.023  3819  3893 D ActivityTaskManager: Clearing startingData for activity=ActivityRecord{267098134 u0 com.oplus.camera/.component.CapturePhotoActivity t20741} mStartingData=null mStartingSurface=null
02-23 17:19:48.023  3819  3893 D QuickBackInputPolicy: setAppLaunchEndTime update timePair=Pair{ActivityRecord{267098134 u0 com.oplus.camera/.component.CapturePhotoActivity t20741} 129172847}
02-23 17:19:48.024  3819  3893 D ActivityTaskManager: commitVisibility: ActivityRecord{267098134 u0 com.oplus.camera/.component.CapturePhotoActivity t20741}: visible=true visibleRequested=true, isInTransition=true 
02-23 17:19:48.024  3819  3893 D CoreBackPreview:  return markWindowHasDrawn mComposed: false  mWaitTransition: false
02-23 17:19:48.024  3819  3893 D ActivityTaskManager: Clearing startingData for activity=ActivityRecord{267098134 u0 com.oplus.camera/.component.CapturePhotoActivity t20741} mStartingData=null mStartingSurface=null
02-23 17:19:48.024  3819  3893 I WindowManager: Window{296392d u0 com.oplus.camera/com.oplus.camera.component.CapturePhotoActivity} state from READY_TO_SHOW to HAS_DRAWN; reason: performShowLocked
02-23 17:19:48.024  3819  3893 D CoreBackPreview:  return markWindowHasDrawn mComposed: false  mWaitTransition: false
02-23 17:19:48.024  3819  3893 E OplusAppQuickStart_AppQuickStartController: not start from launcher transition:4149
02-23 17:19:48.024  3819  3893 D Transition: collectOrderChanges onTopTasksEnd: [Task{261c531 #20741 type=standard A=10474:com.mira.dating}], reportedOnTop:null, mOnTopTasksStart: [Task{261c531 #20741 type=standard A=10474:com.mira.dating}], TDA child: [Task{13ec057 #2 type=undefined}, Task{784691c #1 type=home}, Task{261c531 #20741 type=standard A=10474:com.mira.dating}]
02-23 17:19:48.024  3819  3893 D OplusFlexibleActivityTransitionManager: fixTransitType type result:1, targets: [ChangeInfo{8440f8 container=ActivityRecord{267098134 u0 com.oplus.camera/.component.CapturePhotoActivity t20741} flags=0x0}, ChangeInfo{beb69d1 container=ActivityRecord{243035466 u0 com.mira.dating/.MainActivity t20741} flags=0x0}]
02-23 17:19:48.022  9033  9033 W VRI[OplusOSEdgeFloatBar]: handleResized abandoned!
02-23 17:19:48.025  3819  3893 D OplusTransitionAnimationManager: activityRecordCount1fullScreenArBeHindStartingWindow null
02-23 17:19:48.025  3819  3893 D OplusTransitionAnimationManager: activityRecordCount1fullScreenArBeHindStartingWindow null
02-23 17:19:48.025  3819  3893 D QuickBackInputPolicy: resetInputInterceptState for remoteTransition: false
02-23 17:19:48.025  3819  3893 D OplusTransitionController: onTransactionReady, transition: 4149, info: {id=4149 t=OPEN f=0x0 trk=0 r=[0@Point(0, 0)] c=[{m=OPEN f=FILLS_TASK leash=Surface(name=ActivityRecord{267098134 u0 com.oplus.camera/.component.CapturePhotoActivity t20741})/@0xd543737 sb=Rect(0, 0 - 0, 0) eb=Rect(0, 0 - 1080, 2376) epz=Point(1080, 2376) d=-1->0 r=-1->0:-1 bc=ff000000 component=com.oplus.camera/.component.CapturePhotoActivity opt={t=FROM_STYLE mUserId=0}},{m=TO_BACK f=FILLS_TASK leash=Surface(name=ActivityRecord{243035466 u0 com.mira.dating/.MainActivity t20741})/@0x92da470 sb=Rect(0, 0 - 1080, 2376) eb=Rect(0, 0 - 1080, 2376) epz=Point(1080, 2376) d=0 bc=ff000000 component=com.mira.dating/.MainActivity opt={t=FROM_STYLE mUserId=0}}] 
02-23 17:19:48.025  3819  3893 D OplusTransitionController: extendInfo=[
02-23 17:19:48.025  3819  3893 D OplusTransitionController:  OplusTransitionExtendedInfo{mTmpFinishT=null, mInOplusCompatMode=false, mIsProcessRunning=false, mHasMismatchBoundsTarget=false, mRecentsController=null, mRemoteTransition=null, mIsTranslucentActivityToHome=false, mAvoidInterceptKeyEventToHome=false, mIsFromHome=false, mParentLeash=null, mBackAnimClosingLeash=null, mIsOplusAnimRes=false, mKeepBgForContinuous=false, mIsBalAllow=false, mTaskNotInRecent=false, mIsPredictiveBackAnim=false, mIsMergedWithPredictive=false, mIsLaunchFromSpruce=false, mIsLaunchFromDrive=false, mGlobalSearchPageSwitch=false, mNeedNoAlphaGlobalSearchScene=false, mAssistScreenShowing=false, mSwipeUpBrowserScreenShowing=false, mUserIdTransition=-1
02-23 17:19:48.025  3819  3893 D OplusTransitionController: , mInRemoteScene=false, mInPreReady=false, mPreStart=false, mToken=null, mAbortByRemoteFromHome=false, mShellApplyToken=null, mRequestTransitionTaskId=20741, mAbortTransitionOnShell=0, mStartFromShortcut=false, mRemovedTaskId=-1, mTransitionInterruptType=0, mMergeSecondTaskId=-1, mTaskIdStartFromRecents=0, mTransitionId=4149, mCanUseSpringSlideAnim=false, mTransitionLaunchFrom=0, mFoldChangeType=-1, mAnimStartingPosition=[0, 0, 0, 0], mIsOpeningStkDialogActivity=false, mSecondaryHomeToFrontWhenUnFolding=false, mIsNeedApplyStartTForEmbedded=false
02-23 17:19:48.025  3819  3893 D OplusTransitionController: , mNeedCanvasExitAnim=false, mMergeSecondTaskAnimation=false, mIsLaunchUnityStart=false, mIsLaunchFromAssistantByDefault=false, mSkipRemoteTransitionfalse, mIsStartFromKeyguard=false flags=0x0, mWCT=null, mIsOpenMergeToInValidPredictive=false}]}, targets : [ChangeInfo{8440f8 container=ActivityRecord{267098134 u0 com.oplus.camera/.component.CapturePhotoActivity t20741} flags=0x0}, ChangeInfo{beb69d1 container=ActivityRecord{243035466 u0 com.mira.dating/.MainActivity t20741} flags=0x0}], participants: {ActivityRecord{243035466 u0 com.mira.dating/.MainActivity t20741}, ActivityRecord{261248978 u0 com.google.android.permissioncontroller/com.android.permissioncontroller.permission.ui.GrantPermissionsActivity t-1 f}}, ActivityRecord{267098134 u0 com.oplus.camera/.component.CapturePhotoActivity t20741}}
02-23 17:19:48.026  5472 17031 V WindowManagerShell: onTransitionReady(transaction=16402480570128)
02-23 17:19:48.026  3568  3568 W VRI[CapturePhotoActivity]: handleResized, msg:, frameChanged:false, configChanged:false, displayChanged:false, attachedFrameChanged:false, compatScaleChanged:false, pendingDragResizing=false
02-23 17:19:48.027  5472  5547 V WindowManagerShell: onTransitionReady (#4149) android.os.BinderProxy@aeb85fb: {id=4149 t=OPEN f=0x0 trk=0 r=[0@Point(0, 0)] c=[
02-23 17:19:48.027  5472  5547 V WindowManagerShell:         {m=OPEN f=FILLS_TASK leash=Surface(name=ActivityRecord{267098134 u0 com.oplus.camera/.component.CapturePhotoActivity t20741})/@0x16fdf4 sb=Rect(0, 0 - 0, 0) eb=Rect(0, 0 - 1080, 2376) epz=Point(1080, 2376) d=-1->0 r=-1->0:-1 bc=ff000000 component=com.oplus.camera/.component.CapturePhotoActivity opt={t=FROM_STYLE mUserId=0}},
02-23 17:19:48.027  5472  5547 V WindowManagerShell:         {m=TO_BACK f=FILLS_TASK leash=Surface(name=ActivityRecord{243035466 u0 com.mira.dating/.MainActivity t20741})/@0x9e2a91d sb=Rect(0, 0 - 1080, 2376) eb=Rect(0, 0 - 1080, 2376) epz=Point(1080, 2376) d=0 bc=ff000000 component=com.mira.dating/.MainActivity opt={t=FROM_STYLE mUserId=0}}
02-23 17:19:48.027  5472  5547 V WindowManagerShell:     ] 
02-23 17:19:48.027  5472  5547 V WindowManagerShell: extendInfo=[
02-23 17:19:48.027  5472  5547 V WindowManagerShell:  OplusTransitionExtendedInfo{mTmpFinishT=null, mInOplusCompatMode=false, mIsProcessRunning=false, mHasMismatchBoundsTarget=false, mRecentsController=null, mRemoteTransition=null, mIsTranslucentActivityToHome=false, mAvoidInterceptKeyEventToHome=false, mIsFromHome=false, mParentLeash=null, mBackAnimClosingLeash=null, mIsOplusAnimRes=false, mKeepBgForContinuous=false, mIsBalAllow=false, mTaskNotInRecent=false, mIsPredictiveBackAnim=false, mIsMergedWithPredictive=false, mIsLaunchFromSpruce=false, mIsLaunchFromDrive=false, mGlobalSearchPageSwitch=false, mNeedNoAlphaGlobalSearchScene=false, mAssistScreenShowing=false, mSwipeUpBrowserScreenShowing=false, mUserIdTransition=-1
02-23 17:19:48.027  5472  5547 V WindowManagerShell: , mInRemoteScene=false, mInPreReady=false, mPreStart=false, mToken=null, mAbortByRemoteFromHome=false, mShellApplyToken=null, mRequestTransitionTaskId=20741, mAbortTransitionOnShell=0, mStartFromShortcut=false, mRemovedTaskId=-1, mTransitionInterruptType=0, mMergeSecondTaskId=-1, mTaskIdStartFromRecents=0, mTransitionId=4149, mCanUseSpringSlideAnim=false, mTransitionLaunchFrom=0, mFoldChangeType=-1, mAnimStartingPosition=[0, 0, 0, 0], mIsOpeningStkDialogActivity=false, mSecondaryHomeToFrontWhenUnFolding=false, mIsNeedApplyStartTForEmbedded=false
02-23 17:19:48.027  5472  5547 V WindowManagerShell: , mNeedCanvasExitAnim=false, mMergeSecondTaskAnimation=false, mIsLaunchUnityStart=false, mIsLaunchFromAssistantByDefault=false, mSkipRemoteTransitionfalse, mIsStartFromKeyguard=false flags=0x0, mWCT=null, mIsOpenMergeToInValidPredictive=false}]}
02-23 17:19:48.027  5472  5547 V WindowManagerShell: Playing animation for (#4149) android.os.BinderProxy@aeb85fb@0
02-23 17:19:48.027  5472  5547 V ShellRecents: RecentsTransitionHandler.startAnimation: no controller found
02-23 17:19:48.027  5472  5547 V WindowManagerShell: start OnePuttTransition animation, info = {id=4149 t=OPEN f=0x0 trk=0 r=[0@Point(0, 0)] c=[{m=OPEN f=FILLS_TASK leash=Surface(name=ActivityRecord{267098134 u0 com.oplus.camera/.component.CapturePhotoActivity t20741})/@0x16fdf4 sb=Rect(0, 0 - 0, 0) eb=Rect(0, 0 - 1080, 2376) epz=Point(1080, 2376) d=-1->0 r=-1->0:-1 bc=ff000000 component=com.oplus.camera/.component.CapturePhotoActivity opt={t=FROM_STYLE mUserId=0}},{m=TO_BACK f=FILLS_TASK leash=Surface(name=ActivityRecord{243035466 u0 com.mira.dating/.MainActivity t20741})/@0x9e2a91d sb=Rect(0, 0 - 1080, 2376) eb=Rect(0, 0 - 1080, 2376) epz=Point(1080, 2376) d=0 bc=ff000000 component=com.mira.dating/.MainActivity opt={t=FROM_STYLE mUserId=0}}] 
02-23 17:19:48.027  5472  5547 V WindowManagerShell: extendInfo=[
02-23 17:19:48.027  5472  5547 V WindowManagerShell:  OplusTransitionExtendedInfo{mTmpFinishT=null, mInOplusCompatMode=false, mIsProcessRunning=false, mHasMismatchBoundsTarget=false, mRecentsController=null, mRemoteTransition=null, mIsTranslucentActivityToHome=false, mAvoidInterceptKeyEventToHome=false, mIsFromHome=false, mParentLeash=null, mBackAnimClosingLeash=null, mIsOplusAnimRes=false, mKeepBgForContinuous=false, mIsBalAllow=false, mTaskNotInRecent=false, mIsPredictiveBackAnim=false, mIsMergedWithPredictive=false, mIsLaunchFromSpruce=false, mIsLaunchFromDrive=false, mGlobalSearchPageSwitch=false, mNeedNoAlphaGlobalSearchScene=false, mAssistScreenShowing=false, mSwipeUpBrowserScreenShowing=false, mUserIdTransition=-1
02-23 17:19:48.027  5472  5547 V WindowManagerShell: , mInRemoteScene=false, mInPreReady=false, mPreStart=false, mToken=null, mAbortByRemoteFromHome=false, mShellApplyToken=null, mRequestTransitionTaskId=20741, mAbortTransitionOnShell=0, mStartFromShortcut=false, mRemovedTaskId=-1, mTransitionInterruptType=0, mMergeSecondTaskId=-1, mTaskIdStartFromRecents=0, mTransitionId=4149, mCanUseSpringSlideAnim=false, mTransitionLaunchFrom=0, mFoldChangeType=-1, mAnimStartingPosition=[0, 0, 0, 0], mIsOpeningStkDialogActivity=false, mSecondaryHomeToFrontWhenUnFolding=false, mIsNeedApplyStartTForEmbedded=false
02-23 17:19:48.027  5472  5547 V WindowManagerShell: , mNeedCanvasExitAnim=false, mMergeSecondTaskAnimation=false, mIsLaunchUnityStart=false, mIsLaunchFromAssistantByDefault=false, mSkipRemoteTransitionfalse, mIsStartFromKeyguard=false flags=0x0, mWCT=null, mIsOpenMergeToInValidPredictive=false}]}
02-23 17:19:48.027  3568  3568 W VRI[CapturePhotoActivity]: handleResized, msg:, frameChanged:false, configChanged:false, displayChanged:false, attachedFrameChanged:false, compatScaleChanged:false, pendingDragResizing=false
02-23 17:19:48.027  5472  5547 V WindowManagerShell: Transition doesn't have explicit remote, search filters for match for {id=4149 t=OPEN f=0x0 trk=0 r=[0@Point(0, 0)] c=[{m=OPEN f=FILLS_TASK leash=Surface(name=ActivityRecord{267098134 u0 com.oplus.camera/.component.CapturePhotoActivity t20741})/@0x16fdf4 sb=Rect(0, 0 - 0, 0) eb=Rect(0, 0 - 1080, 2376) epz=Point(1080, 2376) d=-1->0 r=-1->0:-1 bc=ff000000 component=com.oplus.camera/.component.CapturePhotoActivity opt={t=FROM_STYLE mUserId=0}},{m=TO_BACK f=FILLS_TASK leash=Surface(name=ActivityRecord{243035466 u0 com.mira.dating/.MainActivity t20741})/@0x9e2a91d sb=Rect(0, 0 - 1080, 2376) eb=Rect(0, 0 - 1080, 2376) epz=Point(1080, 2376) d=0 bc=ff000000 component=com.mira.dating/.MainActivity opt={t=FROM_STYLE mUserId=0}}] 
02-23 17:19:48.027  5472  5547 V WindowManagerShell: extendInfo=[
02-23 17:19:48.027  5472  5547 V WindowManagerShell:  OplusTransitionExtendedInfo{mTmpFinishT=null, mInOplusCompatMode=false, mIsProcessRunning=false, mHasMismatchBoundsTarget=false, mRecentsController=null, mRemoteTransition=null, mIsTranslucentActivityToHome=false, mAvoidInterceptKeyEventToHome=false, mIsFromHome=false, mParentLeash=null, mBackAnimClosingLeash=null, mIsOplusAnimRes=false, mKeepBgForContinuous=false, mIsBalAllow=false, mTaskNotInRecent=false, mIsPredictiveBackAnim=false, mIsMergedWithPredictive=false, mIsLaunchFromSpruce=false, mIsLaunchFromDrive=false, mGlobalSearchPageSwitch=false, mNeedNoAlphaGlobalSearchScene=false, mAssistScreenShowing=false, mSwipeUpBrowserScreenShowing=false, mUserIdTransition=-1
02-23 17:19:48.027  5472  5547 V WindowManagerShell: , mInRemoteScene=false, mInPreReady=false, mPreStart=false, mToken=null, mAbortByRemoteFromHome=false, mShellApplyToken=null, mRequestTransitionTaskId=20741, mAbortTransitionOnShell=0, mStartFromShortcut=false, mRemovedTaskId=-1, mTransitionInterruptType=0, mMergeSecondTaskId=-1, mTaskIdStartFromRecents=0, mTransitionId=4149, mCanUseSpringSlideAnim=false, mTransitionLaunchFrom=0, mFoldChangeType=-1, mAnimStartingPosition=[0, 0, 0, 0], mIsOpeningStkDialogActivity=false, mSecondaryHomeToFrontWhenUnFolding=false, mIsNeedApplyStartTForEmbedded=false
02-23 17:19:48.027  5472  5547 V WindowManagerShell: , mNeedCanvasExitAnim=false, mMergeSecondTaskAnimation=false, mIsLaunchUnityStart=false, mIsLaunchFromAssistantByDefault=false, mSkipRemoteTransitionfalse, mIsStartFromKeyguard=false flags=0x0, mWCT=null, mIsOpenMergeToInValidPredictive=false}]}
02-23 17:19:48.027  5472  5547 V WindowManagerShell:  Checking filter Pair{{types=[] flags=0x0] notFlags=0x100 checks=[{atype=home independent=true modes=[OPEN,TO_FRONT] flags=NONE mustBeTask=false order=TOP topActivity=ComponentInfo{com.android.launcher/com.android.launcher.Launcher} launchCookie=null windowingMode=undefined},{atype=standard independent=true modes=[CLOSE,TO_BACK] flags=NONE mustBeTask=false order=ANY topActivity=null launchCookie=null windowingMode=undefined}]} RemoteTransition { remoteTransition = android.window.IRemoteTransition$Stub$Proxy@c70c9c1, appThread = android.app.IApplicationThread$Stub$Proxy@5c4e566, debugName = QuickstepLaunchHome }}
02-23 17:19:48.027  5472  5547 V WindowManagerShell:  Delegate animation for (#4149) to null
02-23 17:19:48.027  5472  5547 V WindowManagerShell: start default transition animation, info = {id=4149 t=OPEN f=0x0 trk=0 r=[0@Point(0, 0)] c=[{m=OPEN f=FILLS_TASK leash=Surface(name=ActivityRecord{267098134 u0 com.oplus.camera/.component.CapturePhotoActivity t20741})/@0x16fdf4 sb=Rect(0, 0 - 0, 0) eb=Rect(0, 0 - 1080, 2376) epz=Point(1080, 2376) d=-1->0 r=-1->0:-1 bc=ff000000 component=com.oplus.camera/.component.CapturePhotoActivity opt={t=FROM_STYLE mUserId=0}},{m=TO_BACK f=FILLS_TASK leash=Surface(name=ActivityRecord{243035466 u0 com.mira.dating/.MainActivity t20741})/@0x9e2a91d sb=Rect(0, 0 - 1080, 2376) eb=Rect(0, 0 - 1080, 2376) epz=Point(1080, 2376) d=0 bc=ff000000 component=com.mira.dating/.MainActivity opt={t=FROM_STYLE mUserId=0}}] 
02-23 17:19:48.027  5472  5547 V WindowManagerShell: extendInfo=[
02-23 17:19:48.027  5472  5547 V WindowManagerShell:  OplusTransitionExtendedInfo{mTmpFinishT=null, mInOplusCompatMode=false, mIsProcessRunning=false, mHasMismatchBoundsTarget=false, mRecentsController=null, mRemoteTransition=null, mIsTranslucentActivityToHome=false, mAvoidInterceptKeyEventToHome=false, mIsFromHome=false, mParentLeash=null, mBackAnimClosingLeash=null, mIsOplusAnimRes=false, mKeepBgForContinuous=false, mIsBalAllow=false, mTaskNotInRecent=false, mIsPredictiveBackAnim=false, mIsMergedWithPredictive=false, mIsLaunchFromSpruce=false, mIsLaunchFromDrive=false, mGlobalSearchPageSwitch=false, mNeedNoAlphaGlobalSearchScene=false, mAssistScreenShowing=false, mSwipeUpBrowserScreenShowing=false, mUserIdTransition=-1
02-23 17:19:48.027  5472  5547 V WindowManagerShell: , mInRemoteScene=false, mInPreReady=false, mPreStart=false, mToken=null, mAbortByRemoteFromHome=false, mShellApplyToken=null, mRequestTransitionTaskId=20741, mAbortTransitionOnShell=0, mStartFromShortcut=false, mRemovedTaskId=-1, mTransitionInterruptType=0, mMergeSecondTaskId=-1, mTaskIdStartFromRecents=0, mTransitionId=4149, mCanUseSpringSlideAnim=false, mTransitionLaunchFrom=0, mFoldChangeType=-1, mAnimStartingPosition=[0, 0, 0, 0], mIsOpeningStkDialogActivity=false, mSecondaryHomeToFrontWhenUnFolding=false, mIsNeedApplyStartTForEmbedded=false
02-23 17:19:48.027  5472  5547 V WindowManagerShell: , mNeedCanvasExitAnim=false, mMergeSecondTaskAnimation=false, mIsLaunchUnityStart=false, mIsLaunchFromAssistantByDefault=false, mSkipRemoteTransitionfalse, mIsStartFromKeyguard=false flags=0x0, mWCT=null, mIsOpenMergeToInValidPredictive=false}]}
02-23 17:19:48.027  3819  3893 W WindowManager: captureTaskSnapshot mSnapshotMode= 0 source=ActivityRecord{243035466 u0 com.mira.dating/.MainActivity t20741}
02-23 17:19:48.030  5472  5547 V WindowManagerShell:  animated by com.android.wm.shell.transition.DefaultTransitionHandler@d99c1bf
02-23 17:19:48.034  3819  3893 I TaskOrganizerController: onTaskInfoChanged taskid 20741 config { mBounds=Rect(0, 0 - 1080, 2376) mAppBounds=Rect(0, 0 - 1080, 2376) mMaxBounds=Rect(0, 0 - 1080, 2376) mDisplayRotation=ROTATION_0 mWindowingMode=fullscreen mActivityType=standard mAlwaysOnTop=undefined mRotation=ROTATION_0}
02-23 17:19:48.034  3819  3893 D OplusFlexibleDragToSplitAnimController: visibleFlexibleTaskInfos delete:20741
02-23 17:19:48.034  3819  3893 E FlexibleWindowManagerService: notifyTaskObserverToAttachController not need to notify!
02-23 17:19:48.034  3819  3893 I FlexibleWindowManagerService: onFlexibleWindowTaskInfoChanged, return for cur task not embedded
02-23 17:19:48.034  3819  6054 I BLASTSyncEngine: onCommitted syncId: 4149, timeout: false ran: false
02-23 17:19:48.051  3819  4765 D InputMethodManagerService: isSecurity: attribute.packageName = com.oplus.camera mCurMethodId = com.google.android.inputmethod.latin/com.android.inputmethod.latin.LatinIME isSecurity = false ( enable = false needShow = false inBlackList = false isExist = true )
02-23 17:19:48.064  3819  3889 V WindowManager: Sent Transition (#4149) createdAt=02-23 17:19:47.707 via request=TransitionRequestInfo { type = OPEN, triggerTask = TaskInfo{userId=0 taskId=20741 effectiveUid=10474 displayId=0 isRunning=true baseIntent=Intent { flg=0x10000000 cmp=com.mira.dating/.MainActivity mCallingUid=2000 } baseActivity=ComponentInfo{com.mira.dating/com.mira.dating.MainActivity} topActivity=ComponentInfo{com.oplus.camera/com.oplus.camera.component.CapturePhotoActivity} origActivity=null realActivity=ComponentInfo{com.mira.dating/com.mira.dating.MainActivity}
02-23 17:19:48.064  3819  3889 V WindowManager:  numActivities=2 lastActiveTime=182295405 supportsSplitScreenMultiWindow=false supportsMultiWindow=true supportsPocketStudioMultiWindow=false isInFlexibleEmbedded = false uid = 10177 pid = 0 resizeMode=1 isResizeable=true minWidth=-1 minHeight=-1 defaultMinSize=220 token=WCT{RemoteToken{7e0877c Task{261c531 #20741 type=standard A=10474:com.mira.dating}}} topActivityType=1 pictureInPictureParams=null shouldDockBigOverlays=false launchIntoPipHostTaskId=-1 lastParentTaskIdBeforePip=-1 displayCutoutSafeInsets=Rect(0, 0 - 0, 0)
02-23 17:19:48.064  3819  3889 V WindowManager:  topActivityInfo=ActivityInfo{5eadb7f com.oplus.camera.component.CapturePhotoActivity} launchCookies=[] positionInParent=Point(0, 0) parentTaskId=-1 isFocused=true isVisible=true isVisibleRequested=true isTopActivityNoDisplay=false isSleeping=false locusId=null displayAreaFeatureId=1 isTopActivityTransparent=false isActivityStackTransparent=false lastNonFullscreenBounds=Rect(276, 684 - 804, 1764) capturedLink=null capturedLinkTimestamp=0 requestedVisibleTypes=-9 topActivityRequestOpenInBrowserEducationTimestamp=0
02-23 17:19:48.064  3819  3889 V WindowManager:  appCompatTaskInfo=AppCompatTaskInfo { topActivityInSizeCompat=false topActivityInOplusCompatMode=false eligibleForLetterboxEducation= false isLetterboxEducationEnabled= false isLetterboxDoubleTapEnabled= false eligibleForUserAspectRatioButton= false topActivityBoundsLetterboxed= false isFromLetterboxDoubleTap= false topActivityLetterboxVerticalPosition= -1 topActivityLetterboxHorizontalPosition= -1 topActivityLetterboxWidth=-1 topActivityLetterboxHeight=-1 topActivityAppBounds=Rect(0, 0 - 1080, 2376) isUserFullscreenOverrideEnabled=false isSystemFullscreenOverrideEnabled=false hasMinAspectRatioOverride=false topActivityLetterboxBounds=null cameraCompatTaskInfo=CameraCompatTaskInfo { freeformCameraCompatMode=inactive}} topActivityMainWindowFrame=null topActivityLetterboxInsets=Rect(0, 0 - 0, 0)
02-23 17:19:48.064  3819  3889 V WindowManager:  mOplusExtraBundle = Bundle[{androidx.flexible.taskFrame=Rect(0, 0 - 0, 0), topOpaqueSystemBarsAppearance=0, androidx.flexible.Alpha=1.0, androidx.activity.task.attach.blur=0, androidx.activity.LaunchInsensible=0, androidx.activity.LaunchCornerRadius=0, key_flexible_task_state=0, topActivitySupportAppInnerSplit=false, key_flexible_task_animating_type=-1, key_flexible_task_root_activity_processname=com.mira.dating, androidx.activity.LaunchScenario=0, is_oplus_clone_task=false, flexible_super_mini_state=false, topRunningActivityHash=267098134, androidx.activity.LaunchScale=1.0, androidx.activity.LaunchShadowRadius=0, is_transient_hide_for_task_info=false, key_flexible_task_root_activity_pid=27816, key_flexible_task_root_activity_uid=10474}]}, pipChange = null, remoteTransition = null, displayChange = null, flags = 0, debugId = 4149 }
02-23 17:19:48.064  3819  3889 V WindowManager:     startWCT=WindowContainerTransaction { changes= {} hops= [] errorCallbackToken=null taskFragmentOrganizer=null }
02-23 17:19:48.064  3819  3889 V WindowManager:     info={id=4149 t=OPEN f=0x0 trk=0 r=[0@Point(0, 0)] c=[
02-23 17:19:48.064  3819  3889 V WindowManager:         {m=OPEN f=FILLS_TASK leash=Surface(name=ActivityRecord{267098134 u0 com.oplus.camera/.component.CapturePhotoActivity t20741})/@0xd543737 sb=Rect(0, 0 - 0, 0) eb=Rect(0, 0 - 1080, 2376) epz=Point(1080, 2376) d=-1->0 r=-1->0:-1 bc=ff000000 component=com.oplus.camera/.component.CapturePhotoActivity opt={t=FROM_STYLE mUserId=0}},
02-23 17:19:48.064  3819  3889 V WindowManager:         {m=TO_BACK f=FILLS_TASK leash=Surface(name=ActivityRecord{243035466 u0 com.mira.dating/.MainActivity t20741})/@0x92da470 sb=Rect(0, 0 - 1080, 2376) eb=Rect(0, 0 - 1080, 2376) epz=Point(1080, 2376) d=0 bc=ff000000 component=com.mira.dating/.MainActivity opt={t=FROM_STYLE mUserId=0}}
02-23 17:19:48.064  3819  3889 V WindowManager:     ] 
02-23 17:19:48.064  3819  3889 V WindowManager: extendInfo=[
02-23 17:19:48.064  3819  3889 V WindowManager:  OplusTransitionExtendedInfo{mTmpFinishT=null, mInOplusCompatMode=false, mIsProcessRunning=false, mHasMismatchBoundsTarget=false, mRecentsController=null, mRemoteTransition=null, mIsTranslucentActivityToHome=false, mAvoidInterceptKeyEventToHome=false, mIsFromHome=false, mParentLeash=null, mBackAnimClosingLeash=null, mIsOplusAnimRes=false, mKeepBgForContinuous=false, mIsBalAllow=false, mTaskNotInRecent=false, mIsPredictiveBackAnim=false, mIsMergedWithPredictive=false, mIsLaunchFromSpruce=false, mIsLaunchFromDrive=false, mGlobalSearchPageSwitch=false, mNeedNoAlphaGlobalSearchScene=false, mAssistScreenShowing=false, mSwipeUpBrowserScreenShowing=false, mUserIdTransition=-1
02-23 17:19:48.064  3819  3889 V WindowManager: , mInRemoteScene=false, mInPreReady=false, mPreStart=false, mToken=null, mAbortByRemoteFromHome=false, mShellApplyToken=null, mRequestTransitionTaskId=20741, mAbortTransitionOnShell=0, mStartFromShortcut=false, mRemovedTaskId=-1, mTransitionInterruptType=0, mMergeSecondTaskId=-1, mTaskIdStartFromRecents=0, mTransitionId=4149, mCanUseSpringSlideAnim=false, mTransitionLaunchFrom=0, mFoldChangeType=-1, mAnimStartingPosition=[0, 0, 0, 0], mIsOpeningStkDialogActivity=false, mSecondaryHomeToFrontWhenUnFolding=false, mIsNeedApplyStartTForEmbedded=false
02-23 17:19:48.064  3819  3889 V WindowManager: , mNeedCanvasExitAnim=false, mMergeSecondTaskAnimation=false, mIsLaunchUnityStart=false, mIsLaunchFromAssistantByDefault=false, mSkipRemoteTransitionfalse, mIsStartFromKeyguard=false flags=0x0, mWCT=null, mIsOpenMergeToInValidPredictive=false}]}
02-23 17:19:48.071  3819  6054 W PackageConfigPersister: App-specific configuration not found for packageName: com.oplus.camera and userId: 0
02-23 17:19:48.072  3819  6054 W ContextImpl: Calling a method in the system process without a qualified user: android.app.ContextImpl.sendBroadcast:1281 com.android.server.camera.OplusCameraStateBroadcast.notifyCameraState:52 com.android.server.camera.CameraServiceProxyExtImpl.extendNotifyCameraState:370 com.android.server.camera.CameraServiceProxy.updateActivityCount:1580 com.android.server.camera.CameraServiceProxy.-$$Nest$mupdateActivityCount:0 
02-23 17:19:48.073  3568  3568 W VRI[CapturePhotoActivity]: handleResized abandoned!
02-23 17:19:48.073  9033  9033 W VRI[OplusOSEdgeFloatBar]: handleResized abandoned!
02-23 17:19:48.076  5472  5472 W VRI[StatusBar]: handleResized abandoned!
02-23 17:19:48.076  5472  5472 W VRI[NavigationBar_displayId_0]: handleResized abandoned!
02-23 17:19:48.079  5472  5842 W VRI[ScreenDecorOverlay]: handleResized abandoned!
02-23 17:19:48.079  5472  5842 W VRI[ScreenDecorOverlayBottom]: handleResized abandoned!
02-23 17:19:48.081  3819  4584 W ContextImpl: Calling a method in the system process without a qualified user: android.app.ContextImpl.sendBroadcast:1281 com.android.server.camera.OplusCameraStateBroadcast.notifyCameraState:52 com.android.server.camera.CameraServiceProxyExtImpl.extendNotifyCameraState:370 com.android.server.camera.CameraServiceProxy.updateActivityCount:1580 com.android.server.camera.CameraServiceProxy.-$$Nest$mupdateActivityCount:0 
02-23 17:19:48.082  3819  4881 W SettingsProvider: You shouldn't keep your settings in the secure settings. This will soon become an error!!!
02-23 17:19:48.083  3819  5438 D AidlDisplayPanelFeature: getDisplayPanelFeatureValue +++, featureID:184
02-23 17:19:48.084  3819  5438 I AidlDisplayPanelFeature: [0]
02-23 17:19:48.084  3819  5438 D AidlDisplayPanelFeature: getDisplayPanelFeatureValue ---, result = [0]
02-23 17:19:48.085  3568  3568 D VRI[CapturePhotoActivity]: relayoutWindow result, sizeChanged:false, surfaceControlChanged:false, transformHintChanged:false, mSurfaceSize:Point(1080, 2376), mLastSurfaceSize:Point(1080, 2376), mWidth:1080, mHeight:2376, requestedWidth:1080, requestedHeight:2376, transformHint:0, installOrientation:0, displayRotation:0, isSurfaceValid:true, attr.flag:-2122316416, tmpFrames:ClientWindowFrames{frame=[0,0][1080,2376] display=[0,0][1080,2376] parentFrame=[0,0][1080,2376]}, relayoutAsync:true, mSyncSeqId:0
02-23 17:19:48.085  3568  3568 W VRI[CapturePhotoActivity]: updateBlastSurfaceIfNeeded, surfaceSize:Point(1080, 2376), lastSurfaceSize:Point(1080, 2376), format:-3, blastBufferQueue:android.graphics.BLASTBufferQueue@9784af5
02-23 17:19:48.085  3819  5438 V WindowManager: Relayout Window{296392d u0 com.oplus.camera/com.oplus.camera.component.CapturePhotoActivity}: viewVisibility=0, oldvis=0, req=1080x2376 , apr = 0, vsysui=FULLSCREEN LAYOUT_HIDE_NAVIGATION LAYOUT_FULLSCREEN IMMERSIVE_STICKY, x=0, y=0
02-23 17:19:48.086  3819  5438 I WindowContainerExtImpl: ActivityRecord{267098134 u0 com.oplus.camera/.component.CapturePhotoActivity t20741} uses SCREEN_ORIENTATION_BEHIND!!!
02-23 17:19:48.099  3819  3902 W UserAwareMgr: event can not be released, id: 1014, count: 2, releasePid: 3819
02-23 17:19:48.118  3819  3902 W UserAwareMgr: event can not be released, id: 6003, count: 794, releasePid: 2834
02-23 17:19:48.215  3819  3913 I ActivityManager: Start proc 30587:com.oneplus.gallery/u0a155 for content provider {com.oneplus.gallery/com.oplus.gallery.openabilitypage.SmartOpenProvider}
02-23 17:19:48.216  3819  4591 I MemoryOperationUtils: add 30587 to com.oneplus.gallery
02-23 17:19:48.216  3819  3890 I ActivityManager: ProcessObserver broadcast disabled
02-23 17:19:48.271  3819  4881 W PackageConfigPersister: App-specific configuration not found for packageName: com.oplus.camera and userId: 0
02-23 17:19:48.282  3568  3568 D VRI[CapturePhotoActivity]: relayoutWindow result, sizeChanged:false, surfaceControlChanged:false, transformHintChanged:false, mSurfaceSize:Point(1080, 2376), mLastSurfaceSize:Point(1080, 2376), mWidth:1080, mHeight:2376, requestedWidth:1080, requestedHeight:2376, transformHint:0, installOrientation:0, displayRotation:0, isSurfaceValid:true, attr.flag:-2122316416, tmpFrames:ClientWindowFrames{frame=[0,0][1080,2376] display=[0,0][1080,2376] parentFrame=[0,0][1080,2376]}, relayoutAsync:true, mSyncSeqId:0
02-23 17:19:48.282  3568  3568 W VRI[CapturePhotoActivity]: updateBlastSurfaceIfNeeded, surfaceSize:Point(1080, 2376), lastSurfaceSize:Point(1080, 2376), format:-3, blastBufferQueue:android.graphics.BLASTBufferQueue@9784af5
02-23 17:19:48.282  3819  4881 V WindowManager: Relayout Window{296392d u0 com.oplus.camera/com.oplus.camera.component.CapturePhotoActivity}: viewVisibility=0, oldvis=0, req=1080x2376 , apr = 0, vsysui=FULLSCREEN LAYOUT_HIDE_NAVIGATION LAYOUT_FULLSCREEN IMMERSIVE_STICKY, x=0, y=0
02-23 17:19:48.284  3819  4881 I WindowContainerExtImpl: ActivityRecord{267098134 u0 com.oplus.camera/.component.CapturePhotoActivity t20741} uses SCREEN_ORIENTATION_BEHIND!!!
02-23 17:19:48.302  3819  4584 D OplusStartingWindowManager: updateRecordSurfaceViewState windowToken = android.os.BinderProxy@fbd8444, surfaceState = false, attachedToWindow = true, inList = false, win = Window{296392d u0 com.oplus.camera/com.oplus.camera.component.CapturePhotoActivity}
02-23 17:19:48.305  3819  4881 D OplusFeatureCameraBrightness[0]: adjustment == 4817.647
02-23 17:19:48.305  3819  4881 D OplusFeatureCameraBrightness[0]: Camera(boot gallery from camera)
02-23 17:19:48.305  3819  4881 D OplusFeatureCameraBrightness[0]: setCameraBacklight true
02-23 17:19:48.305  3819  4881 D OplusFeatureCameraBrightness[0]: setCameraMode mode = 1
02-23 17:19:48.305  3819  4881 D DpcExtImpl[display=0]: setTemporaryAutoBrightnessAdjustment = 4817.647
02-23 17:19:48.305  3819  3968 D OplusBiometricsDisplayHelper: isFold: false, isUnblockByFp: null
02-23 17:19:48.305  3819  4881 I ActivityManager: Background started FGS: Allowed [callingPackage: com.oplus.camera; callingUid: 10177; uidState: TOP ; uidBFSL: [BFSL]; intent: Intent { cmp=com.oplus.camera/.aps.service.ApsService mCallingUid=10177 }; code:PROC_STATE_TOP; tempAllowListReason:<null>; allowWiu:12; targetSdkVersion:36; callerTargetSdkVersion:36; startForegroundCount:9; bindFromPackage:null: isBindService:false]
02-23 17:19:48.307  3819  4881 W ForegroundServiceTypeLoggerModule: Foreground service start for UID: 10177 does not have any types
02-23 17:19:48.308  3819  3912 V ActivityManager: Attempted to start a foreground service (com.oplus.camera/.aps.service.ApsService) with a broken notification (no icon: Notification(channel=com.oplus.ocs.camera shortcut=null contentView=null vibrate=null sound=null defaults=0 flags=ONGOING_EVENT|FOREGROUND_SERVICE color=0x00000000 category=service vis=PRIVATE))
02-23 17:19:48.316  3819  3902 W UserAwareMgr: event can not be released, id: 1014, count: 2, releasePid: 3819
02-23 17:19:48.319  3819  4584 D ActivityTaskManagerServiceExtImpl: preBindApplication record is null
02-23 17:19:48.333  3819  3912 D NotificationService--OplusNotificationFixHelper: fixAppIcon: pkg=com.oplus.camera
02-23 17:19:48.333  3819  3912 D NotificationService--OplusNotificationFixHelper: fixAppIcon: appIcon = null, pkg = com.oplus.camera
02-23 17:19:48.333  3819  3912 E NotificationVibratorHelper: Error creating vibration waveform with pattern: [0]
02-23 17:19:48.364 30587 30587 V Configuration: Updating configuration, locales updated from [] to [en_GB]
02-23 17:19:48.379  5843  6547 W ContextImpl: Calling a method in the system process without a qualified user: android.app.ContextImpl.sendBroadcast:1296 android.content.ContextWrapper.sendBroadcast:521 com.oplus.coex.CoexRfService.sendRrcStatusToWlan:437 com.oplus.coex.CoexRfService.-$$Nest$msendRrcStatusToWlan:0 com.oplus.coex.CoexRfService$CoexRfHandler.handleMessage:327 
02-23 17:19:48.386  5472  5547 V WindowManagerShell: Transition animation finished (aborted=false), notifying core (#4149) android.os.BinderProxy@aeb85fb@0
02-23 17:19:48.386  5472  5547 D SplitScreen-->AppLockManager: setStartFromSafeControl mStartFromSafeControl=false
02-23 17:19:48.389  3819  4584 D Transition: finishTransition ar ActivityRecord{243035466 u0 com.mira.dating/.MainActivity t20741}, isVisibleRequested=false, state=PAUSED, visibleAtTransitionEndTokens={ActivityRecord{267098134 u0 com.oplus.camera/.component.CapturePhotoActivity t20741}}, this=TransitionRecord{dab0fd3 id=4149 track=0 type=OPEN flags=0x0 state=2 c=[
02-23 17:19:48.389  3819  4584 D Transition:    ChangeInfo{eabd1a6 container=DefaultTaskDisplayArea@15413927 flags=0x0}
02-23 17:19:48.389  3819  4584 D Transition:    ChangeInfo{56d07e7 container=Task{261c531 #20741 type=standard A=10474:com.mira.dating} flags=0x0}
02-23 17:19:48.389  3819  4584 D Transition:    ChangeInfo{b7eef94 container=Display{#0 state=ON size=1080x2376 ROTATION_0} flags=0x0}
02-23 17:19:48.389  3819  4584 D Transition:    ChangeInfo{beb69d1 container=ActivityRecord{243035466 u0 com.mira.dating/.MainActivity t20741} flags=0x0}
02-23 17:19:48.389  3819  4584 D Transition:    ChangeInfo{2834a3d container=ActivityRecord{261248978 u0 com.google.android.permissioncontroller/com.android.permissioncontroller.permission.ui.GrantPermissionsActivity t-1 f}} flags=0x0}
02-23 17:19:48.389  3819  4584 D Transition:    ChangeInfo{8440f8 container=ActivityRecord{267098134 u0 com.oplus.camera/.component.CapturePhotoActivity t20741} flags=0x0}
02-23 17:19:48.389  3819  4584 D Transition: ]
02-23 17:19:48.389  3819  4584 D Transition: }
02-23 17:19:48.390  3819  4584 D ActivityTaskManager: commitVisibility: ActivityRecord{243035466 u0 com.mira.dating/.MainActivity t20741}: visible=false visibleRequested=false, isInTransition=false 
02-23 17:19:48.390  3819  4584 D WindowManager: NFW_setClientVisible:ActivityRecord{243035466 u0 com.mira.dating/.MainActivity t20741} clientVisible:false
02-23 17:19:48.390  3819  4584 I WindowManager: Window{4035541 u0 com.mira.dating/com.mira.dating.MainActivity} state from HAS_DRAWN to DRAW_PENDING; reason: resetDrawState
02-23 17:19:48.391  3819  4584 D Transition: finishTransition ar ActivityRecord{267098134 u0 com.oplus.camera/.component.CapturePhotoActivity t20741}, isVisibleRequested=true, state=RESUMED, visibleAtTransitionEndTokens={ActivityRecord{267098134 u0 com.oplus.camera/.component.CapturePhotoActivity t20741}}, this=TransitionRecord{dab0fd3 id=4149 track=0 type=OPEN flags=0x0 state=2 c=[
02-23 17:19:48.391  3819  4584 D Transition:    ChangeInfo{eabd1a6 container=DefaultTaskDisplayArea@15413927 flags=0x0}
02-23 17:19:48.391  3819  4584 D Transition:    ChangeInfo{56d07e7 container=Task{261c531 #20741 type=standard A=10474:com.mira.dating} flags=0x0}
02-23 17:19:48.391  3819  4584 D Transition:    ChangeInfo{b7eef94 container=Display{#0 state=ON size=1080x2376 ROTATION_0} flags=0x0}
02-23 17:19:48.391  3819  4584 D Transition:    ChangeInfo{beb69d1 container=ActivityRecord{243035466 u0 com.mira.dating/.MainActivity t20741} flags=0x0}
02-23 17:19:48.391  3819  4584 D Transition:    ChangeInfo{2834a3d container=ActivityRecord{261248978 u0 com.google.android.permissioncontroller/com.android.permissioncontroller.permission.ui.GrantPermissionsActivity t-1 f}} flags=0x0}
02-23 17:19:48.391  3819  4584 D Transition:    ChangeInfo{8440f8 container=ActivityRecord{267098134 u0 com.oplus.camera/.component.CapturePhotoActivity t20741} flags=0x0}
02-23 17:19:48.391  3819  4584 D Transition: ]
02-23 17:19:48.391  3819  4584 D Transition: }
02-23 17:19:48.391  3819  4584 I OplusAppSwitchManagerService:  handleAppVisible , r = ActivityRecord{267098134 u0 com.oplus.camera/.component.CapturePhotoActivity t20741}
02-23 17:19:48.391  3819  4584 I WindowContainerExtImpl: ActivityRecord{267098134 u0 com.oplus.camera/.component.CapturePhotoActivity t20741} uses SCREEN_ORIENTATION_BEHIND!!!
02-23 17:19:48.391  3819  4584 D OplusTransitionController: finishTransition, transition: TransitionRecord{dab0fd3 id=4149 track=0 type=OPEN flags=0x0 state=4 c=[
02-23 17:19:48.391  3819  4584 D OplusTransitionController:    ChangeInfo{eabd1a6 container=DefaultTaskDisplayArea@15413927 flags=0x0}
02-23 17:19:48.391  3819  4584 D OplusTransitionController:    ChangeInfo{56d07e7 container=Task{261c531 #20741 type=standard A=10474:com.mira.dating} flags=0x0}
02-23 17:19:48.391  3819  4584 D OplusTransitionController:    ChangeInfo{b7eef94 container=Display{#0 state=ON size=1080x2376 ROTATION_0} flags=0x0}
02-23 17:19:48.391  3819  4584 D OplusTransitionController:    ChangeInfo{beb69d1 container=ActivityRecord{243035466 u0 com.mira.dating/.MainActivity t20741} flags=0x0}
02-23 17:19:48.391  3819  4584 D OplusTransitionController:    ChangeInfo{2834a3d container=ActivityRecord{261248978 u0 com.google.android.permissioncontroller/com.android.permissioncontroller.permission.ui.GrantPermissionsActivity t-1 f}} flags=0x0}
02-23 17:19:48.391  3819  4584 D OplusTransitionController:    ChangeInfo{8440f8 container=ActivityRecord{267098134 u0 com.oplus.camera/.component.CapturePhotoActivity t20741} flags=0x0}
02-23 17:19:48.391  3819  4584 D OplusTransitionController: ]
02-23 17:19:48.391  3819  4584 D OplusTransitionController: }
02-23 17:19:48.391  3819  4584 D FlexibleTaskTransitionController:  finishTransition pendingRecentToFlexibleTask:null,isRotationTransition:false ,pendingRecentToFlexible:null ,transition:TransitionRecord{dab0fd3 id=4149 track=0 type=OPEN flags=0x0 state=4 c=[
02-23 17:19:48.391  3819  4584 D FlexibleTaskTransitionController:    ChangeInfo{eabd1a6 container=DefaultTaskDisplayArea@15413927 flags=0x0}
02-23 17:19:48.391  3819  4584 D FlexibleTaskTransitionController:    ChangeInfo{56d07e7 container=Task{261c531 #20741 type=standard A=10474:com.mira.dating} flags=0x0}
02-23 17:19:48.391  3819  4584 D FlexibleTaskTransitionController:    ChangeInfo{b7eef94 container=Display{#0 state=ON size=1080x2376 ROTATION_0} flags=0x0}
02-23 17:19:48.391  3819  4584 D FlexibleTaskTransitionController:    ChangeInfo{beb69d1 container=ActivityRecord{243035466 u0 com.mira.dating/.MainActivity t20741} flags=0x0}
02-23 17:19:48.391  3819  4584 D FlexibleTaskTransitionController:    ChangeInfo{2834a3d container=ActivityRecord{261248978 u0 com.google.android.permissioncontroller/com.android.permissioncontroller.permission.ui.GrantPermissionsActivity t-1 f}} flags=0x0}
02-23 17:19:48.391  3819  4584 D FlexibleTaskTransitionController:    ChangeInfo{8440f8 container=ActivityRecord{267098134 u0 com.oplus.camera/.component.CapturePhotoActivity t20741} flags=0x0}
02-23 17:19:48.391  3819  4584 D FlexibleTaskTransitionController: ]
02-23 17:19:48.391  3819  4584 D FlexibleTaskTransitionController: }
02-23 17:19:48.392  3819  4584 D KEYLOG_PhoneWindowManager: setKeyguardOccludedLw occluded=false,false,true
02-23 17:19:48.392  3819  4584 D KEYLOG_PhoneWindowManager: setKeyguardOccludedLw occluded=false,false,false
02-23 17:19:48.392  3819  4584 D RefreshRate: ***** request traversal for refresh rate change, reason is highTempRefreshRateChanged: false, windowRefreshRateChanged: true, flexibleWindowStateChanged: false, has float/zoom window *****
02-23 17:19:48.393  3819  4584 D TransitionControllerExtImpl: NFW_send RECOMPUTE_FOCUS in finishTransition
02-23 17:19:48.393  5472  5547 D ShellTaskOrganizer: onTransitionFinish, isRecent:false
02-23 17:19:48.394  5472  5547 V WindowManagerShell: Track 0 became idle
02-23 17:19:48.394  5472  5547 V WindowManagerShell: All active transition animations finished
02-23 17:19:48.396  3819  3893 D VRR [OPlusRefreshRatePolicy]: setRefreshRatePolicy policy=POLICY_SYSTEM, refreshRate=120, statusOn=false
02-23 17:19:48.396  3819  3893 D VRR [OPlusRefreshRatePolicy]: setRefreshRatePolicy policy=POLICY_SYSTEM, refreshRate=60, statusOn=true
02-23 17:19:48.396  3819  8531 D UsageStatsService: User[999] type=0 b=1771843093117 e=1771847388396 cb=1771771204990 ce=1771847178666 disk=0 all=1
02-23 17:19:48.397  3819  3893 D RefreshRate: setFrameRateTargetControl Rate 60.0result:true
02-23 17:19:48.397  3819  3893 D RefreshRate: Refresh rate changing from 120.00001 to 60.0,maxRefreshRate=120.0 FOR:{
02-23 17:19:48.397  3819  3893 D RefreshRate:     | COURSE[ ;camera opening rateId:2 ;win name:com.oplus.camera/com.oplus.camera.component.CapturePhotoActivity]
02-23 17:19:48.397  3819  3893 D RefreshRate:     | VOTES[PRIORITY_WINDOW_REQUEST -> Vote{mRefreshRate=60.0, mMinRefreshRate=60.0, mRequestSource=null};]
02-23 17:19:48.397  3819  3893 D RefreshRate:     | TIME:2026-02-23 11:49:48}
02-23 17:19:48.397  3819  3893 D DisplayModeDirector: setAppRequest displayId : 0  modeId: 1  requestedRefreshRate: 0.0  requestedMinRefreshRateRange: 0.0  requestedMaxRefreshRateRange: 120.0
02-23 17:19:48.397  3819  3902 W UserAwareMgr: event can not be released, id: 5005, count: 3, releasePid: 3819
02-23 17:19:48.399  3819  4584 V WindowManager: Relayout Window{4035541 u0 com.mira.dating/com.mira.dating.MainActivity}: viewVisibility=8, oldvis=0, req=1080x2376 , apr = 0, vsysui=LIGHT_NAVIGATION_BAR
02-23 17:19:48.400  3819  4881 D Transition: finishTransaction-onCommitted syncId=4149
02-23 17:19:48.401  3819  4584 D WindowManager: NFW_findFocusedWindowIfNeeded:Window{296392d u0 com.oplus.camera/com.oplus.camera.component.CapturePhotoActivity} mCurrentFocus:Window{296392d u0 com.oplus.camera/com.oplus.camera.component.CapturePhotoActivity}
02-23 17:19:48.401  3819  4584 I WindowContainerExtImpl: ActivityRecord{267098134 u0 com.oplus.camera/.component.CapturePhotoActivity t20741} uses SCREEN_ORIENTATION_BEHIND!!!
02-23 17:19:48.402 27816 27816 D VRI[MainActivity]: relayoutWindow result, sizeChanged:false, surfaceControlChanged:true, transformHintChanged:false, mSurfaceSize:Point(1080, 2376), mLastSurfaceSize:Point(1080, 2376), mWidth:1080, mHeight:2376, requestedWidth:1080, requestedHeight:2376, transformHint:0, installOrientation:0, displayRotation:0, isSurfaceValid:false, attr.flag:-2122249856, tmpFrames:ClientWindowFrames{frame=[0,0][1080,2376] display=[0,0][1080,2376] parentFrame=[0,0][0,0]}, relayoutAsync:false, mSyncSeqId:0
02-23 17:19:48.404  3819  3892 D WindowManager: NFW_findFocusedWindowIfNeeded:Window{296392d u0 com.oplus.camera/com.oplus.camera.component.CapturePhotoActivity} mCurrentFocus:Window{296392d u0 com.oplus.camera/com.oplus.camera.component.CapturePhotoActivity}
02-23 17:19:48.406  3819  4584 D AutofillSession: updateLocked(null): Set the response has expired.
02-23 17:19:48.406  3819  4584 D PresentationStatsEventLogger: Not setting no presentation reason because it already exists
