02-23 17:19:25.333  3819  6080 D ActivityTaskManagerServiceExtImpl: preBindApplication record is null
02-23 17:19:25.344 29943 29943 V Configuration: Updating configuration, locales updated from [] to [en_GB]
02-23 17:19:25.380 29943 29943 D ResourcesManagerExtImpl: applyConfigurationToAppResourcesLocked app.getDisplayId() return callback.displayId:-1
02-23 17:19:25.385  3819  6080 I ActivityManager: Flag disabled. Ignoring finishAttachApplication from uid: 10115. pid: 29943
02-23 17:19:25.404  3819  3819 I RemoteContentProtectionService: Connection status for: ComponentInfo{com.google.android.odad/com.google.android.apps.miphone.odad.contentprotection.ContentProtectionService} changed to: connected
02-23 17:19:25.417  3819  6080 I ActivityManager: Background started FGS: Allowed [callingPackage: com.google.android.odad; callingUid: 10115; uidState: IMPF; uidBFSL: n/a; intent: Intent { xflg=0x4 cmp=com.google.android.odad/com.google.android.apps.miphone.odad.backgroundwork.impl.WorkService (has extras) mCallingUid=10115 }; code:BACKGROUND_ACTIVITY_PERMISSION; tempAllowListReason:<null>; allowWiu:58; targetSdkVersion:36; callerTargetSdkVersion:36; startForegroundCount:0; bindFromPackage:null: isBindService:false]
02-23 17:19:25.434  3819  6079 W ForegroundServiceTypeLoggerModule: Foreground service start for UID: 10115 does not have any types
02-23 17:19:25.437  3819  3912 D NotificationService--OplusNotificationFixHelper: fixAppIcon: pkg=com.google.android.odad
02-23 17:19:25.438  3819  3912 D NotificationService--OplusNotificationFixHelper: fixAppIcon: appIcon = null, pkg = com.google.android.odad
02-23 17:19:25.586  3819  6079 W ForegroundServiceTypeLoggerModule: FGS stop call for: 10115 has no types!
02-23 17:19:25.645  3819  3902 I UserAwareMgr: handleAppChangedToBg, pkgName: com.android.systemui, pid: 5472
02-23 17:19:25.649  3819  3902 I UserAwareMgr: handleAppChangedToBg, pkgName: com.android.systemui, pid: 5472
02-23 17:19:25.649  3819  3902 W UserAwareMgr: app not not found or not visible: {pkgName='com.android.systemui', serviceName='', procName=com.android.systemui, pid=5472, uid=10233, appId=0, owner='systemui', flags='bg|system_app', renderTid=5791, hwuiTids=[5788, 5790], glTids=null, threadInfos={wmshell.main={threadName='wmshell.main', tid=5547, reporterPid=5472, currentThreadCount=1, maxThreadCount=1, extendTids=null}, ll.splashworker={threadName='ll.splashworker', tid=5576, reporterPid=3819, currentThreadCount=1, maxThreadCount=16, extendTids=null}, wmshell.anim={threadName='wmshell.anim', tid=5560, reporterPid=3819, currentThreadCount=1, maxThreadCount=16, extendTids=null}, VolumeDialogControllerImpl={threadName='VolumeDialogControllerImpl', tid=6132, reporterPid=5472, currentThreadCount=1, maxThreadCount=1, extendTids=null}, ll.splashscreen={threadName='ll.splashscreen', tid=5567, reporterPid=3819, currentThreadCount=1, maxThreadCount=16, extendTids=null}, KeyguardWorkerThread={threadName='KeyguardWorkerThread', tid=5741, reporterPid=5472, currentThreadCount=1, maxThreadCount=1, extendTids=null}, OnScreenFingerprint OpticalUIUpdateThread={threadName='OnScreenFingerprint OpticalUIUpdateThread', tid=6217, reporterPid=5472, currentThreadCount=1, maxThreadCount=1, extendTids=null}, OnScreenFingerprint WorkerThread={threadName='OnScreenFingerprint WorkerThread', tid=6216, reporterPid=5472, currentThreadCount=1, maxThreadCount=1, extendTids=null}, SysUiTileBg={threadName='SysUiTileBg', tid=6363, reporterPid=5472, currentThreadCount=1, maxThreadCount=1, extendTids=null}, KgdAnimThread={threadName='KgdAnimThread', tid=5754, reporterPid=5472, currentThreadCount=1, maxThreadCount=1, extendTids=null}, GestureUI={threadName='GestureUI', tid=6052, reporterPid=5472, currentThreadCount=1, maxThreadCount=1, extendTids=null}, SysUiQsBg={threadName='SysUiQsBg', tid=5954, reporterPid=5472, currentThreadCount=1, maxThreadCount=1, extendTids=null}}, mVideoActivityList=[], mStates=0}
02-23 17:19:25.649  3819  3902 W UserAwareMgr: handleAppChangedToBg process is empty
02-23 17:19:25.649  3819  3902 I UserAwareMgr: handleTopAppChanged: com.mira.dating, pid: 27816, uid: 10474
02-23 17:19:25.943  3819  4591 D osense.compress: in.amazon.mShop.android.shopping do shrink, target ratio = 45, final ratio = 90, cur ratio = 0
02-23 17:19:26.005  3819  3969 D PowerManagerService: userActivityNoUpdateLocked: groupId=0, eventTime=129150821, event=touch, flags=0x0, uid=1000
02-23 17:19:26.009  3819  3969 D PowerManagerService: userActivityNoUpdateLocked: groupId=0, eventTime=129150821, event=touch, flags=0x0, uid=1000
02-23 17:19:26.067  3819  4765 D InputMethodManagerService: isSecurity: attribute.packageName = com.mira.dating mCurMethodId = com.google.android.inputmethod.latin/com.android.inputmethod.latin.LatinIME isSecurity = false ( enable = false needShow = false inBlackList = false isExist = true )
02-23 17:19:26.069 27816 27816 D InsetsController: Setting requestedVisibleTypes to -1 (was -9)
02-23 17:19:26.073  3819  6079 I TaskOrganizerController: onTaskInfoChanged taskid 20741 config { mBounds=Rect(0, 0 - 1080, 2376) mAppBounds=Rect(0, 0 - 1080, 2376) mMaxBounds=Rect(0, 0 - 1080, 2376) mDisplayRotation=ROTATION_0 mWindowingMode=fullscreen mActivityType=standard mAlwaysOnTop=undefined mRotation=ROTATION_0}
02-23 17:19:26.074  3819  6079 D OplusFlexibleDragToSplitAnimController: visibleFlexibleTaskInfos delete:20741
02-23 17:19:26.074  3819  6079 E FlexibleWindowManagerService: notifyTaskObserverToAttachController not need to notify!
02-23 17:19:26.074  3819  6079 I FlexibleWindowManagerService: onFlexibleWindowTaskInfoChanged, return for cur task not embedded
02-23 17:19:26.083  9033  9033 W VRI[OplusOSEdgeFloatBar]: handleResized abandoned!
02-23 17:19:26.084  5472  5472 W VRI[StatusBar]: handleResized abandoned!
02-23 17:19:26.084  3819  4757 V AutofillInlineSuggestionsRequestSession: onInputMethodFinishInput() received
02-23 17:19:26.084  5472  5472 W VRI[NavigationBar_displayId_0]: handleResized abandoned!
02-23 17:19:26.084  3819  4765 I FlexibleTaskController: onShowImeRequested
02-23 17:19:26.085  3819  5438 V AutofillInlineSuggestionsRequestSession: onInputMethodStartInput() received on 1073741900
02-23 17:19:26.085  5472  5842 W VRI[ScreenDecorOverlay]: handleResized abandoned!
02-23 17:19:26.086  5472  5842 W VRI[ScreenDecorOverlayBottom]: handleResized abandoned!
02-23 17:19:26.087 27816 27816 W VRI[MainActivity]: handleResized abandoned!
02-23 17:19:26.089  3819  5438 V AutofillInlineSuggestionsRequestSession: onInputMethodShowInputRequested() received: true
02-23 17:19:26.090  3819  6079 W PackageConfigPersister: App-specific configuration not found for packageName: com.mira.dating and userId: 0
02-23 17:19:26.091  3819  6079 V AutofillInlineSuggestionsRequestSession: onInputMethodStartInputView() received
02-23 17:19:26.172  3819  3902 W QosScheduler: executeSceneQosStrategy failed! qos feature no enable
02-23 17:19:26.172  3819  5438 D CoreBackPreview: Window{4035541 u0 com.mira.dating/com.mira.dating.MainActivity}: Setting back callback OnBackInvokedCallbackInfo{mCallback=android.window.IOnBackInvokedCallback$Stub$Proxy@411e92b, mPriority=0, mIsAnimationCallback=true, mOverrideBehavior=0}
02-23 17:19:26.174  3819  6080 D ActivityManager: sync unfroze 25755 com.google.android.gms for 4
02-23 17:19:26.175  3819  6079 V WindowManager: Relayout Window{79526cb u0 InputMethod}: viewVisibility=0, oldvis=8, req=1080x2256 , apr = 0, vsysui=LIGHT_NAVIGATION_BAR, x=0, y=0
02-23 17:19:26.176  3819  6079 I WindowManager: Window{79526cb u0 InputMethod} state from NO_SURFACE to DRAW_PENDING; reason: resetDrawState
02-23 17:19:26.176  3819  3902 W SmartWindowScene: updateWindowState fail! invalid window type: -1
02-23 17:19:26.176  3819  3902 W SmartWindowScene: updateWindowState fail! invalid window type: -1
02-23 17:19:26.179  3819  6079 D WindowManager: NFW_findFocusedWindowIfNeeded:Window{4035541 u0 com.mira.dating/com.mira.dating.MainActivity} mCurrentFocus:Window{4035541 u0 com.mira.dating/com.mira.dating.MainActivity}
02-23 17:19:26.179  5472  5547 D WindowManagerShell: onKeepClearAreasChanged: restricted={}, unrestricted={Rect(0, 2244 - 1080, 2376)}
02-23 17:19:26.179  8969  8969 W VRI[InputMethod]: updateBlastSurfaceIfNeeded, surfaceSize:Point(1080, 2256), lastSurfaceSize:Point(1080, 2256), format:-2, blastBufferQueue:null
02-23 17:19:26.185  9033  9033 W VRI[OplusOSEdgeFloatBar]: handleResized abandoned!
02-23 17:19:26.185  5472  5472 W VRI[StatusBar]: handleResized abandoned!
02-23 17:19:26.185  5472  5472 W VRI[NavigationBar_displayId_0]: handleResized abandoned!
02-23 17:19:26.185  5472  5842 W VRI[ScreenDecorOverlay]: handleResized abandoned!
02-23 17:19:26.185  5472  5842 W VRI[ScreenDecorOverlayBottom]: handleResized abandoned!
02-23 17:19:26.186 27816 27816 W VRI[MainActivity]: handleResized abandoned!
02-23 17:19:26.186  5472  5547 D WindowManagerShell: onKeepClearAreasChanged: restricted={}, unrestricted={Rect(0, 1479 - 1080, 2376)}
02-23 17:19:26.202  3819  4757 I WindowManager: Window{79526cb u0 InputMethod} state from DRAW_PENDING to COMMIT_DRAW_PENDING; reason: finishDrawingLocked
02-23 17:19:26.204  3819  3893 I WindowManager: Window{79526cb u0 InputMethod} state from COMMIT_DRAW_PENDING to READY_TO_SHOW; reason: commitFinishDrawingLocked
02-23 17:19:26.205  3819  3893 V WindowStateExtImpl: notifyWindowStateChange input show
02-23 17:19:26.205  8969  8969 W VRI[InputMethod]: handleResized, msg:, frameChanged:false, configChanged:false, displayChanged:false, attachedFrameChanged:false, compatScaleChanged:false, pendingDragResizing=false
02-23 17:19:26.205  3819  3893 I WindowManager: Window{79526cb u0 InputMethod} state from READY_TO_SHOW to HAS_DRAWN; reason: performShowLocked
02-23 17:19:26.210 27816 27816 W VRI[MainActivity]: handleResized abandoned!
02-23 17:19:26.211  5472  5472 W VRI[StatusBar]: handleResized abandoned!
02-23 17:19:26.211  5472  5472 W VRI[NavigationBar_displayId_0]: handleResized abandoned!
02-23 17:19:26.211  8969  8969 W VRI[InputMethod]: handleResized abandoned!
02-23 17:19:26.211  5472  5842 W VRI[ScreenDecorOverlay]: handleResized abandoned!
02-23 17:19:26.211  5472  5842 W VRI[ScreenDecorOverlayBottom]: handleResized abandoned!
02-23 17:19:26.212  9033  9033 W VRI[OplusOSEdgeFloatBar]: handleResized abandoned!
02-23 17:19:26.217  3819  3902 I UserAwareMgr: handleFgAppChanged, pkgName: com.google.android.inputmethod.latin, pid: 8969, isVisible: true, fgAppType: FG2
02-23 17:19:26.961  3819  3969 D PowerManagerService: userActivityNoUpdateLocked: groupId=0, eventTime=129151773, event=touch, flags=0x0, uid=1000
02-23 17:19:26.962  3819  3969 D PowerManagerService: userActivityNoUpdateLocked: groupId=0, eventTime=129151773, event=touch, flags=0x0, uid=1000
02-23 17:19:26.966  3819  6079 I VibratorManagerServiceExtImpl: vibrate is uid=10291, pid=0, opPkg=com.google.android.inputmethod.latin, effect=Mono{mEffect=Composed{segments=[OplusVibrationEffectSegment{mEffectId=1, mEffectStrength=-1, mRingtonePath=''}], repeat=-1}}, attributes=VibrationAttributes{mUsage=IME, mAudioUsage= USAGE_UNKNOWN, mFlags=0}, reason=performHapticFeedback(constant=3): ViewRootImpl#performHapticFeedback, token=145309183
02-23 17:19:26.967  3819  4713 W VibrationScaler: Got unexpected vibration intensity: 2000
02-23 17:19:26.968  3819  4713 D VibrationThread: Perform OplusPrebakedSegment{mWaveformId=111, mDuration=20, mEffectStrength=2000, mDefaultUsage=TOUCH} on vibrator 0
02-23 17:19:27.105  3819  4716 V AlarmManager: sending alarm Alarm{cbdcef type 1 origWhen 1771847367104 whenElapsed 182274800 android} uid 1000 whenElapsed 182274800 windowLength 0 maxWhenElapsed 182274800 repeatInterval 0 action null component null tag StorgaeBandInfoAlarmTag flags 0x9 procName system_server
02-23 17:19:27.333  3819  3969 D PowerManagerService: userActivityNoUpdateLocked: groupId=0, eventTime=129152151, event=touch, flags=0x0, uid=1000
02-23 17:19:27.337  3819  3969 D PowerManagerService: userActivityNoUpdateLocked: groupId=0, eventTime=129152151, event=touch, flags=0x0, uid=1000
02-23 17:19:27.344  3819  5438 I VibratorManagerServiceExtImpl: vibrate is uid=10291, pid=0, opPkg=com.google.android.inputmethod.latin, effect=Mono{mEffect=Composed{segments=[OplusVibrationEffectSegment{mEffectId=1, mEffectStrength=-1, mRingtonePath=''}], repeat=-1}}, attributes=VibrationAttributes{mUsage=IME, mAudioUsage= USAGE_UNKNOWN, mFlags=0}, reason=performHapticFeedback(constant=3): ViewRootImpl#performHapticFeedback, token=145309183
02-23 17:19:27.346  3819  4713 W VibrationScaler: Got unexpected vibration intensity: 2000
02-23 17:19:27.347  3819  4713 D VibrationThread: Perform OplusPrebakedSegment{mWaveformId=111, mDuration=20, mEffectStrength=2000, mDefaultUsage=TOUCH} on vibrator 0
02-23 17:19:27.625  3819  3969 D PowerManagerService: userActivityNoUpdateLocked: groupId=0, eventTime=129152441, event=touch, flags=0x0, uid=1000
02-23 17:19:27.627  3819  5438 I VibratorManagerServiceExtImpl: vibrate is uid=10291, pid=0, opPkg=com.google.android.inputmethod.latin, effect=Mono{mEffect=Composed{segments=[OplusVibrationEffectSegment{mEffectId=1, mEffectStrength=-1, mRingtonePath=''}], repeat=-1}}, attributes=VibrationAttributes{mUsage=IME, mAudioUsage= USAGE_UNKNOWN, mFlags=0}, reason=performHapticFeedback(constant=3): ViewRootImpl#performHapticFeedback, token=145309183
02-23 17:19:27.629  3819  3969 D PowerManagerService: userActivityNoUpdateLocked: groupId=0, eventTime=129152441, event=touch, flags=0x0, uid=1000
02-23 17:19:27.632  3819  4713 W VibrationScaler: Got unexpected vibration intensity: 2000
02-23 17:19:27.633  3819  4713 D VibrationThread: Perform OplusPrebakedSegment{mWaveformId=111, mDuration=20, mEffectStrength=2000, mDefaultUsage=TOUCH} on vibrator 0
02-23 17:19:27.961  3819  3969 D PowerManagerService: userActivityNoUpdateLocked: groupId=0, eventTime=129152780, event=touch, flags=0x0, uid=1000
02-23 17:19:27.962  3819  3969 D PowerManagerService: userActivityNoUpdateLocked: groupId=0, eventTime=129152780, event=touch, flags=0x0, uid=1000
02-23 17:19:27.966  3819  6079 I VibratorManagerServiceExtImpl: vibrate is uid=10291, pid=0, opPkg=com.google.android.inputmethod.latin, effect=Mono{mEffect=Composed{segments=[OplusVibrationEffectSegment{mEffectId=1, mEffectStrength=-1, mRingtonePath=''}], repeat=-1}}, attributes=VibrationAttributes{mUsage=IME, mAudioUsage= USAGE_UNKNOWN, mFlags=0}, reason=performHapticFeedback(constant=3): ViewRootImpl#performHapticFeedback, token=145309183
02-23 17:19:27.967  3819  4713 W VibrationScaler: Got unexpected vibration intensity: 2000
02-23 17:19:27.967  3819  4713 D VibrationThread: Perform OplusPrebakedSegment{mWaveformId=111, mDuration=20, mEffectStrength=2000, mDefaultUsage=TOUCH} on vibrator 0
02-23 17:19:28.007  3819  4849 V NetworkPolicy: updateNetworkEnabledNL() return
02-23 17:19:28.007  3819  4849 V NetworkPolicy: updateNotificationsNL not process
02-23 17:19:28.015  3819  4972 D NotificationService--OplusNotificationFixHelper: fixAppIcon: pkg=android
02-23 17:19:28.015  3819  4972 D NotificationService--OplusNotificationFixHelper: fixAppIcon: appIcon = null, pkg = android
02-23 17:19:28.015  3819  4972 I OplusStatusBarManagerServiceEnhance:  getTopIsFullscreen mTopIsFullscreen: false
02-23 17:19:28.017  3819  3819 D NotificationService--OplusNotificationManagerServiceExtImpl: isForwardToAssistants: false, case : Is in mMcsNotInterceptPkgList or is isSystemApp
02-23 17:19:28.017  3819  3819 D NotificationService: This application enqueue notifications is not need postDelayed
02-23 17:19:28.022  3819  3819 D LockSettingsService: [getSeparateProfileChallengeEnabled] userId = 11
02-23 17:19:28.022  3819  3819 D LockSettingsService: [getSeparateProfileChallengeEnabled] userId = 11
02-23 17:19:28.326  3819  3969 D PowerManagerService: userActivityNoUpdateLocked: groupId=0, eventTime=129153143, event=touch, flags=0x0, uid=1000
02-23 17:19:28.330  3819  3969 D PowerManagerService: userActivityNoUpdateLocked: groupId=0, eventTime=129153143, event=touch, flags=0x0, uid=1000
02-23 17:19:28.330  3819  4881 I VibratorManagerServiceExtImpl: vibrate is uid=10291, pid=0, opPkg=com.google.android.inputmethod.latin, effect=Mono{mEffect=Composed{segments=[OplusVibrationEffectSegment{mEffectId=1, mEffectStrength=-1, mRingtonePath=''}], repeat=-1}}, attributes=VibrationAttributes{mUsage=IME, mAudioUsage= USAGE_UNKNOWN, mFlags=0}, reason=performHapticFeedback(constant=3): ViewRootImpl#performHapticFeedback, token=145309183
02-23 17:19:28.333  3819  4713 W VibrationScaler: Got unexpected vibration intensity: 2000
02-23 17:19:28.333  3819  4713 D VibrationThread: Perform OplusPrebakedSegment{mWaveformId=111, mDuration=20, mEffectStrength=2000, mDefaultUsage=TOUCH} on vibrator 0
02-23 17:19:28.407  3819  3819 I ServiceConnector.Impl: unbindJobThread: connection = ServiceConnector@563(Intent { act=android.service.contentcapture.ContentProtectionService xflg=0x4 cmp=com.google.android.odad/com.google.android.apps.miphone.odad.contentprotection.ContentProtectionService mCallingUid=1000 }, user: 0)[Unbinding...]service = android.service.contentcapture.IContentProtectionService$Stub$Proxy@5bbde83 mBinding = false
02-23 17:19:28.415  3819  6054 D ActivityManager: Async freezing 29943 com.google.android.odad
02-23 17:19:28.417  3819  3819 I RemoteContentProtectionService: Connection status for: ComponentInfo{com.google.android.odad/com.google.android.apps.miphone.odad.contentprotection.ContentProtectionService} changed to: disconnected
02-23 17:19:29.111  3819  4716 V AlarmManager: sending alarm Alarm{6ab2839 type 1 origWhen 1771847369110 whenElapsed 182276806 android} uid 1000 whenElapsed 182276806 windowLength 0 maxWhenElapsed 182276806 repeatInterval 0 action null component null tag StorgaeBandInfoAlarmTag flags 0x9 procName system_server
02-23 17:19:29.183  3819  3985 D OplusFeatureDMR[display=0]: onConfigChanged threadId=70 threadName=OplusDisplayWorkHandler physicalDisplayId=4630946652107814787 modeId=1  
02-23 17:19:29.184  3819  3892 I DisplayDeviceRepository: Display device changed render timings: "Built-in Screen", renderFrameRate=60.000004, presentationDeadlineNanos=16666666, appVsyncOffsetNanos=1000000, frameRateOverrides=[]
02-23 17:19:29.185  3819  3892 D LogicalDisplayExt: set displayInfo flag FLAG_ROTATES_WITH_CONTENT
02-23 17:19:29.185  3819  3892 D DisplayManagerService: Delivering display event: displayId=0, event=EVENT_DISPLAY_REFRESH_RATE_CHANGED
02-23 17:19:29.186  3819  3890 D WindowManager: DeferredDisplayUpdater: partially applying DisplayInfo(1264 x 2780) immediately
02-23 17:19:29.188  3819  3890 D OplusVFXScreenEffectFeature: notifySFCompatWindowStateChange entered false
02-23 17:19:29.189  3819  3890 D FSS_FoldScreenBlackCoverController: displayChangeToOn, dc:Display{#0 state=ON size=1080x2376 ROTATION_0}
02-23 17:19:29.194  3819  3969 D PowerManagerService: userActivityNoUpdateLocked: groupId=0, eventTime=129154014, event=touch, flags=0x0, uid=1000
02-23 17:19:29.195  3819  3969 D PowerManagerService: userActivityNoUpdateLocked: groupId=0, eventTime=129154014, event=touch, flags=0x0, uid=1000
02-23 17:19:29.225  3819  3985 D OplusFeatureDMR[display=0]: onConfigChanged threadId=70 threadName=OplusDisplayWorkHandler physicalDisplayId=4630946652107814787 modeId=2  
02-23 17:19:29.226  3819  3892 I DisplayDeviceRepository: Display device changed render timings: "Built-in Screen", renderFrameRate=90.0, presentationDeadlineNanos=14111110, appVsyncOffsetNanos=6555557, frameRateOverrides=[]
02-23 17:19:29.226  3819  3892 D LogicalDisplayExt: set displayInfo flag FLAG_ROTATES_WITH_CONTENT
02-23 17:19:29.226  3819  3892 D DisplayManagerService: Delivering display event: displayId=0, event=EVENT_DISPLAY_REFRESH_RATE_CHANGED
02-23 17:19:29.229  3819  3890 D WindowManager: DeferredDisplayUpdater: partially applying DisplayInfo(1264 x 2780) immediately
02-23 17:19:29.230  3819  3890 D OplusVFXScreenEffectFeature: notifySFCompatWindowStateChange entered false
02-23 17:19:29.230  3819  3890 D FSS_FoldScreenBlackCoverController: displayChangeToOn, dc:Display{#0 state=ON size=1080x2376 ROTATION_0}
02-23 17:19:29.260  3819  6054 I VibratorManagerServiceExtImpl: vibrate is uid=10474, pid=27816, opPkg=com.mira.dating, effect=Mono{mEffect=Composed{segments=[OplusVibrationEffectSegment{mEffectId=0, mEffectStrength=-1, mRingtonePath=''}], repeat=-1}}, attributes=VibrationAttributes{mUsage=TOUCH, mAudioUsage= USAGE_UNKNOWN, mFlags=0}, reason=HapticFeedback (com.mira.dating 10474) (Editor_Cursor_Move), token=88120059
02-23 17:19:29.262  3819  4713 W VibrationScaler: Got unexpected vibration intensity: 2000
02-23 17:19:29.262  3819  4713 D VibrationThread: Perform OplusPrebakedSegment{mWaveformId=1, mDuration=35, mEffectStrength=2000, mDefaultUsage=TOUCH} on vibrator 0
02-23 17:19:29.272  3819  6054 I WindowManager: addWindow: New client android.os.BinderProxy@4dca718 : window=Window{16ca571 u0 PopupWindow:a6f6844}
02-23 17:19:29.275  3819  4048 D VRR [OPlusRefreshRateService]: handleConfigIdChange physicalDisplayId: 4630946652107814787 configId: 2 renderPeriod: 11111111
02-23 17:19:29.276  3819  4048 D VRR [OPlusGameStatusManager]: updateGameState mOSyncFeatureSwitch: false mIsGamePolicy: false
02-23 17:19:29.277 27816 27816 D OplusPredictiveBackController: should not HookOnBackInvokedCallbackEnabled for application com.mira.dating.MainActivity@b69eb91 hasOnBackInvokedCallBackEnabled
02-23 17:19:29.277 27816 27816 D OplusPredictiveBackController: should not HookOnBackInvokedCallbackEnabled for application com.mira.dating.MainActivity@b69eb91 hasOnBackInvokedCallBackEnabled
02-23 17:19:29.277 27816 27816 D OplusPredictiveBackController: should not HookOnBackInvokedCallbackEnabled for application com.mira.dating.MainActivity@b69eb91 hasOnBackInvokedCallBackEnabled
02-23 17:19:29.276  3819  4048 D VRR [OPlusGameStatusManager]: updateGameAccelerationStatus pkgName: com.mira.dating mOSyncFeatureSwitch: false mIsGamePolicy: false mHeartStop: false mHasFlickerRisk: false mForceAcceleration: false mToastReady: false enable: false
02-23 17:19:29.280  3819  6054 D CoreBackPreview: Window{16ca571 u0 PopupWindow:a6f6844}: Setting back callback OnBackInvokedCallbackInfo{mCallback=android.window.IOnBackInvokedCallback$Stub$Proxy@873ebd7, mPriority=0, mIsAnimationCallback=false, mOverrideBehavior=0}
02-23 17:19:29.280  3819  4048 D VRR [OPlusExternalRefreshRateManager]:  Display refreshrate :90 , Switch to OTI-HW 
02-23 17:19:29.280  3819  4757 V WindowManager: Relayout Window{16ca571 u0 PopupWindow:a6f6844}: viewVisibility=0, oldvis=0, req=120x120 , apr = 0, vsysui=, x=341, y=834
02-23 17:19:29.280  3819  4757 I WindowManager: Window{16ca571 u0 PopupWindow:a6f6844} state from NO_SURFACE to DRAW_PENDING; reason: resetDrawState
02-23 17:19:29.280  3819  3902 W SmartWindowScene: updateWindowState fail! invalid window type: -1
02-23 17:19:29.281  3819  3902 W SmartWindowScene: updateWindowState fail! invalid window type: -1
02-23 17:19:29.283  3819  4757 D WindowManager: NFW_findFocusedWindowIfNeeded:Window{4035541 u0 com.mira.dating/com.mira.dating.MainActivity} mCurrentFocus:Window{4035541 u0 com.mira.dating/com.mira.dating.MainActivity}
02-23 17:19:29.306  3819  4757 I WindowManager: Window{16ca571 u0 PopupWindow:a6f6844} state from DRAW_PENDING to COMMIT_DRAW_PENDING; reason: finishDrawingLocked
02-23 17:19:29.307  3819  3893 I WindowManager: Window{16ca571 u0 PopupWindow:a6f6844} state from COMMIT_DRAW_PENDING to READY_TO_SHOW; reason: commitFinishDrawingLocked
02-23 17:19:29.307  3819  3893 D CoreBackPreview:  return markWindowHasDrawn mComposed: false  mWaitTransition: false
02-23 17:19:29.307  3819  3893 D ActivityTaskManager: Clearing startingData for activity=ActivityRecord{243035466 u0 com.mira.dating/.MainActivity t20741} mStartingData=null mStartingSurface=null
02-23 17:19:29.310  3819  3893 I WindowManager: Window{16ca571 u0 PopupWindow:a6f6844} state from READY_TO_SHOW to HAS_DRAWN; reason: performShowLocked
02-23 17:19:29.321  3819  6054 V WindowManager: Relayout Window{16ca571 u0 PopupWindow:a6f6844}: viewVisibility=0, oldvis=0, req=120x120 , apr = 0, vsysui=, x=341, y=834
02-23 17:19:29.321  3819  3894 D SurfaceAnimationRunner: onAnimationStart:Surface(name=Surface(name=16ca571 PopupWindow:a6f6844)/@0xad54130 - animation-leash of window_animation)/@0x1c991a9
02-23 17:19:29.323  3819  3893 D CoreBackPreview:  return markWindowHasDrawn mComposed: false  mWaitTransition: false
02-23 17:19:29.326  3819  4048 D VRR [OPlusSAManager]: updateAutoMinfps for 4630946652107814787 with nits: 97.84091, mHistOK true, mAmbientOK true, mCctOK true, mIrOK true, mBrightnessOK true, isPkgOK true, SA min fps: 89
02-23 17:19:29.410  3819  3894 D SurfaceAnimationRunner: onAnimationEnd:Surface(name=Surface(name=16ca571 PopupWindow:a6f6844)/@0xad54130 - animation-leash of window_animation)/@0x1c991a9
02-23 17:19:29.828  3819  4048 D VRR [OPlusSAManager]: updateAutoMinfps for 4630946652107814787 with nits: 97.84091, mHistOK true, mAmbientOK true, mCctOK true, mIrOK true, mBrightnessOK true, isPkgOK true, SA min fps: 89
02-23 17:19:29.906  3819  3969 D PowerManagerService: userActivityNoUpdateLocked: groupId=0, eventTime=129154723, event=touch, flags=0x0, uid=1000
02-23 17:19:29.910  3819  6054 I VibratorManagerServiceExtImpl: vibrate is uid=10291, pid=0, opPkg=com.google.android.inputmethod.latin, effect=Mono{mEffect=Composed{segments=[OplusVibrationEffectSegment{mEffectId=1, mEffectStrength=-1, mRingtonePath=''}], repeat=-1}}, attributes=VibrationAttributes{mUsage=IME, mAudioUsage= USAGE_UNKNOWN, mFlags=0}, reason=performHapticFeedback(constant=3): ViewRootImpl#performHapticFeedback, token=145309183
02-23 17:19:29.911  3819  3969 D PowerManagerService: userActivityNoUpdateLocked: groupId=0, eventTime=129154723, event=touch, flags=0x0, uid=1000
02-23 17:19:29.913  3819  4713 W VibrationScaler: Got unexpected vibration intensity: 2000
02-23 17:19:29.913  3819  4713 D VibrationThread: Perform OplusPrebakedSegment{mWaveformId=111, mDuration=20, mEffectStrength=2000, mDefaultUsage=TOUCH} on vibrator 0
02-23 17:19:29.973  3819  4757 D CoreBackPreview: Window{16ca571 u0 PopupWindow:a6f6844}: Setting back callback null
02-23 17:19:29.978  3819  4757 D WindowManager: NFW_findFocusedWindowIfNeeded:Window{4035541 u0 com.mira.dating/com.mira.dating.MainActivity} mCurrentFocus:Window{4035541 u0 com.mira.dating/com.mira.dating.MainActivity}
02-23 17:19:29.987  3819  3894 D SurfaceAnimationRunner: onAnimationStart:Surface(name=Surface(name=16ca571 PopupWindow:a6f6844)/@0xad54130 - animation-leash of window_animation)/@0x85bb092
02-23 17:19:30.132  3819  3894 D SurfaceAnimationRunner: onAnimationEnd:Surface(name=Surface(name=16ca571 PopupWindow:a6f6844)/@0xad54130 - animation-leash of window_animation)/@0x85bb092
02-23 17:19:30.133  3819  3893 I WindowManager: Window{16ca571 u0 PopupWindow:a6f6844 EXITING} state from HAS_DRAWN to NO_SURFACE; reason: destroySurface
02-23 17:19:30.133  3819  3902 W SmartWindowScene: updateWindowState fail! invalid window type: -1
02-23 17:19:30.332  3819  3969 D PowerManagerService: userActivityNoUpdateLocked: groupId=0, eventTime=129155150, event=touch, flags=0x0, uid=1000
02-23 17:19:30.334  3819  3969 D PowerManagerService: userActivityNoUpdateLocked: groupId=0, eventTime=129155150, event=touch, flags=0x0, uid=1000
02-23 17:19:30.389  3819  4765 D InputMethodManagerService: isSecurity: attribute.packageName = com.mira.dating mCurMethodId = com.google.android.inputmethod.latin/com.android.inputmethod.latin.LatinIME isSecurity = false ( enable = false needShow = true inBlackList = false isExist = true )
02-23 17:19:30.391  3819  3902 I UserAwareMgr: fg app status not changed, beforeVisible: true, currentVisible: true
02-23 17:19:30.391  3819  4765 I FlexibleTaskController: onShowImeRequested
02-23 17:19:30.392  3819  4757 V AutofillInlineSuggestionsRequestSession: onInputMethodFinishInputView() received
02-23 17:19:30.412  3819  6054 V AutofillInlineSuggestionsRequestSession: onInputMethodFinishInput() received
02-23 17:19:30.412  3819  6054 V AutofillInlineSuggestionsRequestSession: onInputMethodStartInput() received on 1073741901
02-23 17:19:30.413  3819  6054 V AutofillInlineSuggestionsRequestSession: onInputMethodStartInputView() received
02-23 17:19:30.414  3819  4881 D CoreBackPreview: Window{4035541 u0 com.mira.dating/com.mira.dating.MainActivity}: Setting back callback OnBackInvokedCallbackInfo{mCallback=android.window.IOnBackInvokedCallback$Stub$Proxy@42d6242, mPriority=0, mIsAnimationCallback=false, mOverrideBehavior=0}
02-23 17:19:30.414  3819  6079 W PackageConfigPersister: App-specific configuration not found for packageName: com.mira.dating and userId: 0
02-23 17:19:30.448  3819  4881 D CoreBackPreview: Window{4035541 u0 com.mira.dating/com.mira.dating.MainActivity}: Setting back callback OnBackInvokedCallbackInfo{mCallback=android.window.IOnBackInvokedCallback$Stub$Proxy@c4f2253, mPriority=0, mIsAnimationCallback=true, mOverrideBehavior=0}
02-23 17:19:30.448  3819  3902 I UserAwareMgr: fg app status not changed, beforeVisible: true, currentVisible: true
02-23 17:19:30.448  3819  4757 V AutofillInlineSuggestionsRequestSession: onInputMethodShowInputRequested() received: true
02-23 17:19:30.451  3819  4757 V WindowManager: Relayout Window{79526cb u0 InputMethod}: viewVisibility=0, oldvis=0, req=1080x2256 , apr = 0, vsysui=LIGHT_NAVIGATION_BAR, x=0, y=0
02-23 17:19:30.453  8969  8969 W VRI[InputMethod]: updateBlastSurfaceIfNeeded, surfaceSize:Point(1080, 2256), lastSurfaceSize:Point(1080, 2256), format:-2, blastBufferQueue:android.graphics.BLASTBufferQueue@a050f99
02-23 17:19:30.459  9033  9033 W VRI[OplusOSEdgeFloatBar]: handleResized abandoned!
02-23 17:19:30.461 27816 27816 W VRI[MainActivity]: handleResized abandoned!
02-23 17:19:30.461  5472  5472 W VRI[StatusBar]: handleResized abandoned!
02-23 17:19:30.461  5472  5472 W VRI[NavigationBar_displayId_0]: handleResized abandoned!
02-23 17:19:30.461  5472  5842 W VRI[ScreenDecorOverlay]: handleResized abandoned!
02-23 17:19:30.464  5472  5547 D WindowManagerShell: onKeepClearAreasChanged: restricted={}, unrestricted={Rect(0, 1356 - 1080, 2376)}
02-23 17:19:30.469  5472  5842 W VRI[ScreenDecorOverlayBottom]: handleResized abandoned!
02-23 17:19:30.469  8969  8969 W VRI[InputMethod]: handleResized abandoned!
02-23 17:19:31.061  3819  4972 D NotificationService--OplusNotificationFixHelper: fixAppIcon: pkg=android
02-23 17:19:31.061  3819  4972 D NotificationService--OplusNotificationFixHelper: fixAppIcon: appIcon = null, pkg = android
02-23 17:19:31.061  3819  4972 I OplusStatusBarManagerServiceEnhance:  getTopIsFullscreen mTopIsFullscreen: false
02-23 17:19:31.063  3819  3819 D NotificationService--OplusNotificationManagerServiceExtImpl: isForwardToAssistants: false, case : Is in mMcsNotInterceptPkgList or is isSystemApp
02-23 17:19:31.063  3819  3819 D NotificationService: This application enqueue notifications is not need postDelayed
02-23 17:19:31.064  3819  3819 D LockSettingsService: [getSeparateProfileChallengeEnabled] userId = 11
02-23 17:19:31.065  3819  3819 D LockSettingsService: [getSeparateProfileChallengeEnabled] userId = 11
02-23 17:19:31.117  3819  4716 V AlarmManager: sending alarm Alarm{65c039f type 1 origWhen 1771847371116 whenElapsed 182278812 android} uid 1000 whenElapsed 182278812 windowLength 0 maxWhenElapsed 182278812 repeatInterval 0 action null component null tag StorgaeBandInfoAlarmTag flags 0x9 procName system_server
02-23 17:19:31.147  3819  3969 D PowerManagerService: userActivityNoUpdateLocked: groupId=0, eventTime=129155964, event=touch, flags=0x0, uid=1000
02-23 17:19:31.148  3819  3969 D PowerManagerService: userActivityNoUpdateLocked: groupId=0, eventTime=129155964, event=touch, flags=0x0, uid=1000
02-23 17:19:31.152  3819  4757 I VibratorManagerServiceExtImpl: vibrate is uid=10291, pid=0, opPkg=com.google.android.inputmethod.latin, effect=Mono{mEffect=Composed{segments=[OplusVibrationEffectSegment{mEffectId=1, mEffectStrength=-1, mRingtonePath=''}], repeat=-1}}, attributes=VibrationAttributes{mUsage=IME, mAudioUsage= USAGE_UNKNOWN, mFlags=0}, reason=performHapticFeedback(constant=3): ViewRootImpl#performHapticFeedback, token=145309183
02-23 17:19:31.154  3819  4713 W VibrationScaler: Got unexpected vibration intensity: 2000
02-23 17:19:31.155  3819  4713 D VibrationThread: Perform OplusPrebakedSegment{mWaveformId=111, mDuration=20, mEffectStrength=2000, mDefaultUsage=TOUCH} on vibrator 0
02-23 17:19:31.486  3819  3969 D PowerManagerService: userActivityNoUpdateLocked: groupId=0, eventTime=129156303, event=touch, flags=0x0, uid=1000
02-23 17:19:31.487  3819  3969 D PowerManagerService: userActivityNoUpdateLocked: groupId=0, eventTime=129156303, event=touch, flags=0x0, uid=1000
02-23 17:19:31.489  3819  4757 I VibratorManagerServiceExtImpl: vibrate is uid=10291, pid=0, opPkg=com.google.android.inputmethod.latin, effect=Mono{mEffect=Composed{segments=[OplusVibrationEffectSegment{mEffectId=1, mEffectStrength=-1, mRingtonePath=''}], repeat=-1}}, attributes=VibrationAttributes{mUsage=IME, mAudioUsage= USAGE_UNKNOWN, mFlags=0}, reason=performHapticFeedback(constant=3): ViewRootImpl#performHapticFeedback, token=145309183
02-23 17:19:31.493  3819  4713 W VibrationScaler: Got unexpected vibration intensity: 2000
02-23 17:19:31.493  3819  4713 D VibrationThread: Perform OplusPrebakedSegment{mWaveformId=111, mDuration=20, mEffectStrength=2000, mDefaultUsage=TOUCH} on vibrator 0
02-23 17:19:31.584  3819  4591 D osense.compress: com.facebook.katana do shrink, target ratio = 84, final ratio = 90, cur ratio = 78
02-23 17:19:31.589  3819  4591 D osense.compress: com.instagram.android do shrink, target ratio = 20, final ratio = 40, cur ratio = 0
02-23 17:19:32.058  3819  3924 D BatteryStatsImplExtImpl: mActiveProcesses size = 81
02-23 17:19:32.059  3819  3924 D BatteryStatsImplExtImpl: rpmhStats is null or interval time is too short.
02-23 17:19:32.350  3819  3969 D PowerManagerService: userActivityNoUpdateLocked: groupId=0, eventTime=129157166, event=touch, flags=0x0, uid=1000
02-23 17:19:32.353  3819  3969 D PowerManagerService: userActivityNoUpdateLocked: groupId=0, eventTime=129157166, event=touch, flags=0x0, uid=1000
02-23 17:19:32.446 27816 27816 D InsetsController: Setting requestedVisibleTypes to -9 (was -1)
02-23 17:19:32.447  3819  6054 D CoreBackPreview: Window{4035541 u0 com.mira.dating/com.mira.dating.MainActivity}: Setting back callback OnBackInvokedCallbackInfo{mCallback=android.window.IOnBackInvokedCallback$Stub$Proxy@e9b2bd8, mPriority=0, mIsAnimationCallback=false, mOverrideBehavior=0}
02-23 17:19:32.454  3819  6054 I TaskOrganizerController: onTaskInfoChanged taskid 20741 config { mBounds=Rect(0, 0 - 1080, 2376) mAppBounds=Rect(0, 0 - 1080, 2376) mMaxBounds=Rect(0, 0 - 1080, 2376) mDisplayRotation=ROTATION_0 mWindowingMode=fullscreen mActivityType=standard mAlwaysOnTop=undefined mRotation=ROTATION_0}
02-23 17:19:32.455  3819  6054 D OplusFlexibleDragToSplitAnimController: visibleFlexibleTaskInfos delete:20741
02-23 17:19:32.455  3819  6054 E FlexibleWindowManagerService: notifyTaskObserverToAttachController not need to notify!
02-23 17:19:32.455  3819  6054 I FlexibleWindowManagerService: onFlexibleWindowTaskInfoChanged, return for cur task not embedded
02-23 17:19:32.461 27816 27816 W VRI[MainActivity]: handleResized abandoned!
02-23 17:19:32.462  9033  9033 W VRI[OplusOSEdgeFloatBar]: handleResized abandoned!
02-23 17:19:32.463  5472  5547 D WindowManagerShell: onKeepClearAreasChanged: restricted={}, unrestricted={}
02-23 17:19:32.465  5472  5472 W VRI[StatusBar]: handleResized abandoned!
02-23 17:19:32.466  5472  5472 W VRI[NavigationBar_displayId_0]: handleResized abandoned!
02-23 17:19:32.466  5472  5842 W VRI[ScreenDecorOverlay]: handleResized abandoned!
02-23 17:19:32.466  5472  5842 W VRI[ScreenDecorOverlayBottom]: handleResized abandoned!
02-23 17:19:32.500  3819  3892 V WindowStateExtImpl: notifyWindowStateChange input show
02-23 17:19:32.672  3819  3902 I UserAwareMgr: fg app status not changed, beforeVisible: true, currentVisible: true
02-23 17:19:32.680  3819  3902 W QosScheduler: executeSceneQosStrategy failed! qos feature no enable
02-23 17:19:32.680  3819  6054 V AutofillInlineSuggestionsRequestSession: onInputMethodFinishInputView() received
02-23 17:19:32.684  3819  6054 V WindowManager: Relayout Window{79526cb u0 InputMethod}: viewVisibility=0, oldvis=0, req=1080x2256 , apr = 0, vsysui=LIGHT_NAVIGATION_BAR, x=0, y=0
02-23 17:19:32.686  3819  6054 D WindowManager: NFW_findFocusedWindowIfNeeded:Window{4035541 u0 com.mira.dating/com.mira.dating.MainActivity} mCurrentFocus:Window{4035541 u0 com.mira.dating/com.mira.dating.MainActivity}
02-23 17:19:32.687  8969  8969 W VRI[InputMethod]: updateBlastSurfaceIfNeeded, surfaceSize:Point(1080, 2256), lastSurfaceSize:Point(1080, 2256), format:-2, blastBufferQueue:android.graphics.BLASTBufferQueue@a050f99
02-23 17:19:32.712  3819  6079 V WindowManager: Relayout Window{79526cb u0 InputMethod}: viewVisibility=8, oldvis=0, req=1080x2256 , apr = 0, vsysui=LIGHT_NAVIGATION_BAR
02-23 17:19:32.713  3819  6079 I WindowManager: Window{79526cb u0 InputMethod} state from HAS_DRAWN to NO_SURFACE; reason: destroySurface
02-23 17:19:32.713  3819  3902 I UserAwareMgr: handleFgAppChanged, pkgName: com.google.android.inputmethod.latin, pid: 8969, isVisible: false, fgAppType: FG2
02-23 17:19:32.713  3819  3902 W SmartWindowScene: updateWindowState fail! invalid window type: -1
02-23 17:19:32.721  9033  9033 W VRI[OplusOSEdgeFloatBar]: handleResized abandoned!
02-23 17:19:32.721  3819  6079 D WindowManager: NFW_findFocusedWindowIfNeeded:Window{4035541 u0 com.mira.dating/com.mira.dating.MainActivity} mCurrentFocus:Window{4035541 u0 com.mira.dating/com.mira.dating.MainActivity}
02-23 17:19:32.722 27816 27816 W VRI[MainActivity]: handleResized abandoned!
02-23 17:19:32.723  5472  5472 W VRI[StatusBar]: handleResized abandoned!
02-23 17:19:32.723  5472  5472 W VRI[NavigationBar_displayId_0]: handleResized abandoned!
02-23 17:19:32.725  5472  5842 W VRI[ScreenDecorOverlay]: handleResized abandoned!
02-23 17:19:32.725  5472  5842 W VRI[ScreenDecorOverlayBottom]: handleResized abandoned!
02-23 17:19:32.737  9033  9033 W VRI[OplusOSEdgeFloatBar]: handleResized abandoned!
02-23 17:19:32.739 27816 27816 W VRI[MainActivity]: handleResized abandoned!
02-23 17:19:32.741  5472  5472 W VRI[StatusBar]: handleResized abandoned!
02-23 17:19:32.741  5472  5472 W VRI[NavigationBar_displayId_0]: handleResized abandoned!
02-23 17:19:32.742  5472  5842 W VRI[ScreenDecorOverlay]: handleResized abandoned!
02-23 17:19:32.742  5472  5842 W VRI[ScreenDecorOverlayBottom]: handleResized abandoned!
02-23 17:19:32.766  3819  3969 D PowerManagerService: userActivityNoUpdateLocked: groupId=0, eventTime=129157585, event=touch, flags=0x0, uid=1000
02-23 17:19:32.767  3819  3969 D PowerManagerService: userActivityNoUpdateLocked: groupId=0, eventTime=129157585, event=touch, flags=0x0, uid=1000
02-23 17:19:32.842  3819  4765 D InputMethodManagerService: isSecurity: attribute.packageName = com.mira.dating mCurMethodId = com.google.android.inputmethod.latin/com.android.inputmethod.latin.LatinIME isSecurity = false ( enable = false needShow = false inBlackList = false isExist = true )
02-23 17:19:32.846  3819  4765 D InputMethodManagerService: isSecurity: attribute.packageName = com.mira.dating mCurMethodId = com.google.android.inputmethod.latin/com.android.inputmethod.latin.LatinIME isSecurity = false ( enable = false needShow = false inBlackList = false isExist = true )
02-23 17:19:32.846  3819  4881 V AutofillInlineSuggestionsRequestSession: onInputMethodStartInput() received on 1073741901
02-23 17:19:32.849  3819  4757 V AutofillInlineSuggestionsRequestSession: onInputMethodStartInput() received on 1073741901
02-23 17:19:32.849  3819  6054 W PackageConfigPersister: App-specific configuration not found for packageName: com.mira.dating and userId: 0
02-23 17:19:32.850  3819  6054 W PackageConfigPersister: App-specific configuration not found for packageName: com.mira.dating and userId: 0
02-23 17:19:32.893  3819  3902 W UserAwareMgr: event can not be released, id: 1014, count: 2, releasePid: 3819
02-23 17:19:33.122  3819  4716 V AlarmManager: sending alarm Alarm{25ee57c type 1 origWhen 1771847373121 whenElapsed 182280817 android} uid 1000 whenElapsed 182280817 windowLength 0 maxWhenElapsed 182280817 repeatInterval 0 action null component null tag StorgaeBandInfoAlarmTag flags 0x9 procName system_server
02-23 17:19:33.132  3819  3969 D PowerManagerService: userActivityNoUpdateLocked: groupId=0, eventTime=129157948, event=touch, flags=0x0, uid=1000
02-23 17:19:33.134  3819  3969 D PowerManagerService: userActivityNoUpdateLocked: groupId=0, eventTime=129157948, event=touch, flags=0x0, uid=1000
02-23 17:19:33.221  3819  4765 D InputMethodManagerService: isSecurity: attribute.packageName = com.mira.dating mCurMethodId = com.google.android.inputmethod.latin/com.android.inputmethod.latin.LatinIME isSecurity = false ( enable = false needShow = true inBlackList = false isExist = true )
02-23 17:19:33.225  3819  4765 D InputMethodManagerService: isSecurity: attribute.packageName = com.mira.dating mCurMethodId = com.google.android.inputmethod.latin/com.android.inputmethod.latin.LatinIME isSecurity = false ( enable = false needShow = true inBlackList = false isExist = true )
02-23 17:19:33.226  3819  6054 V AutofillInlineSuggestionsRequestSession: onInputMethodStartInput() received on 1073741901
02-23 17:19:33.229  3819  4757 W PackageConfigPersister: App-specific configuration not found for packageName: com.mira.dating and userId: 0
02-23 17:19:33.230  3819  6080 V AutofillInlineSuggestionsRequestSession: onInputMethodStartInput() received on 1073741901
02-23 17:19:33.233  3819  6079 W PackageConfigPersister: App-specific configuration not found for packageName: com.mira.dating and userId: 0
02-23 17:19:33.273  3819  3902 W UserAwareMgr: event can not be released, id: 1014, count: 3, releasePid: 3819
02-23 17:19:33.630  3819  3969 D PowerManagerService: userActivityNoUpdateLocked: groupId=0, eventTime=129158448, event=touch, flags=0x0, uid=1000
02-23 17:19:33.631  3819  3969 D PowerManagerService: userActivityNoUpdateLocked: groupId=0, eventTime=129158448, event=touch, flags=0x0, uid=1000
02-23 17:19:33.681 27816 27816 D InsetsController: Setting requestedVisibleTypes to -1 (was -9)
02-23 17:19:33.682  3819  6054 I VibratorManagerServiceExtImpl: vibrate is uid=10474, pid=27816, opPkg=com.mira.dating, effect=Mono{mEffect=Composed{segments=[OplusVibrationEffectSegment{mEffectId=0, mEffectStrength=-1, mRingtonePath=''}], repeat=-1}}, attributes=VibrationAttributes{mUsage=TOUCH, mAudioUsage= USAGE_UNKNOWN, mFlags=0}, reason=HapticFeedback (com.mira.dating 10474) (Editor_Cursor_Move), token=88120059
02-23 17:19:33.685  3819  4713 W VibrationScaler: Got unexpected vibration intensity: 2000
02-23 17:19:33.685  3819  4713 D VibrationThread: Perform OplusPrebakedSegment{mWaveformId=1, mDuration=35, mEffectStrength=2000, mDefaultUsage=TOUCH} on vibrator 0
02-23 17:19:33.686  3819  6080 I TaskOrganizerController: onTaskInfoChanged taskid 20741 config { mBounds=Rect(0, 0 - 1080, 2376) mAppBounds=Rect(0, 0 - 1080, 2376) mMaxBounds=Rect(0, 0 - 1080, 2376) mDisplayRotation=ROTATION_0 mWindowingMode=fullscreen mActivityType=standard mAlwaysOnTop=undefined mRotation=ROTATION_0}
02-23 17:19:33.687  3819  6080 D OplusFlexibleDragToSplitAnimController: visibleFlexibleTaskInfos delete:20741
02-23 17:19:33.687  3819  6080 E FlexibleWindowManagerService: notifyTaskObserverToAttachController not need to notify!
02-23 17:19:33.687  3819  6080 I FlexibleWindowManagerService: onFlexibleWindowTaskInfoChanged, return for cur task not embedded
02-23 17:19:33.691  3819  6079 V AutofillInlineSuggestionsRequestSession: onInputMethodShowInputRequested() received: true
02-23 17:19:33.691  3819  5438 V AutofillInlineSuggestionsRequestSession: onInputMethodStartInputView() received
02-23 17:19:33.692  9033  9033 W VRI[OplusOSEdgeFloatBar]: handleResized abandoned!
02-23 17:19:33.693  5472  5472 W VRI[StatusBar]: handleResized abandoned!
02-23 17:19:33.693  5472  5472 W VRI[NavigationBar_displayId_0]: handleResized abandoned!
02-23 17:19:33.693  5472  5842 W VRI[ScreenDecorOverlay]: handleResized abandoned!
02-23 17:19:33.693  5472  5842 W VRI[ScreenDecorOverlayBottom]: handleResized abandoned!
02-23 17:19:33.694  3819  4881 I WindowManager: addWindow: New client android.os.BinderProxy@9dc4862 : window=Window{ea4ddf3 u0 PopupWindow:4bc4aa9}
02-23 17:19:33.694  3819  4765 I FlexibleTaskController: onShowImeRequested
02-23 17:19:33.696 27816 27816 D OplusPredictiveBackController: should not HookOnBackInvokedCallbackEnabled for application com.mira.dating.MainActivity@b69eb91 hasOnBackInvokedCallBackEnabled
02-23 17:19:33.696 27816 27816 D OplusPredictiveBackController: should not HookOnBackInvokedCallbackEnabled for application com.mira.dating.MainActivity@b69eb91 hasOnBackInvokedCallBackEnabled
02-23 17:19:33.696 27816 27816 D OplusPredictiveBackController: should not HookOnBackInvokedCallbackEnabled for application com.mira.dating.MainActivity@b69eb91 hasOnBackInvokedCallBackEnabled
02-23 17:19:33.697  3819  4881 V WindowManager: Relayout Window{ea4ddf3 u0 PopupWindow:4bc4aa9}: viewVisibility=0, oldvis=0, req=120x120 , apr = 0, vsysui=, x=116, y=1124
02-23 17:19:33.698  3819  4881 I WindowManager: Window{ea4ddf3 u0 PopupWindow:4bc4aa9} state from NO_SURFACE to DRAW_PENDING; reason: resetDrawState
02-23 17:19:33.698  3819  3902 W SmartWindowScene: updateWindowState fail! invalid window type: -1
02-23 17:19:33.698  3819  3902 W SmartWindowScene: updateWindowState fail! invalid window type: -1
02-23 17:19:33.700  3819  4881 D WindowManager: NFW_findFocusedWindowIfNeeded:Window{4035541 u0 com.mira.dating/com.mira.dating.MainActivity} mCurrentFocus:Window{4035541 u0 com.mira.dating/com.mira.dating.MainActivity}
02-23 17:19:33.700  3819  6080 D CoreBackPreview: Window{ea4ddf3 u0 PopupWindow:4bc4aa9}: Setting back callback OnBackInvokedCallbackInfo{mCallback=android.window.IOnBackInvokedCallback$Stub$Proxy@725664f, mPriority=0, mIsAnimationCallback=false, mOverrideBehavior=0}
02-23 17:19:33.705  3819  4881 I WindowManager: Window{ea4ddf3 u0 PopupWindow:4bc4aa9} state from DRAW_PENDING to COMMIT_DRAW_PENDING; reason: finishDrawingLocked
02-23 17:19:33.705 27816 27816 W VRI[MainActivity]: handleResized abandoned!
02-23 17:19:33.706  3819  3893 I WindowManager: Window{ea4ddf3 u0 PopupWindow:4bc4aa9} state from COMMIT_DRAW_PENDING to READY_TO_SHOW; reason: commitFinishDrawingLocked
02-23 17:19:33.706  3819  3893 D CoreBackPreview:  return markWindowHasDrawn mComposed: false  mWaitTransition: false
02-23 17:19:33.706  3819  3893 D ActivityTaskManager: Clearing startingData for activity=ActivityRecord{243035466 u0 com.mira.dating/.MainActivity t20741} mStartingData=null mStartingSurface=null
02-23 17:19:33.709  3819  3893 I WindowManager: Window{ea4ddf3 u0 PopupWindow:4bc4aa9} state from READY_TO_SHOW to HAS_DRAWN; reason: performShowLocked
02-23 17:19:33.712  3819  3893 D CoreBackPreview:  return markWindowHasDrawn mComposed: false  mWaitTransition: false
02-23 17:19:33.716  3819  4757 D CoreBackPreview: Window{4035541 u0 com.mira.dating/com.mira.dating.MainActivity}: Setting back callback OnBackInvokedCallbackInfo{mCallback=android.window.IOnBackInvokedCallback$Stub$Proxy@3092fc8, mPriority=0, mIsAnimationCallback=true, mOverrideBehavior=0}
02-23 17:19:33.716  3819  3902 W QosScheduler: executeSceneQosStrategy failed! qos feature no enable
02-23 17:19:33.716  3819  4757 V WindowManager: Relayout Window{79526cb u0 InputMethod}: viewVisibility=0, oldvis=8, req=1080x2256 , apr = 0, vsysui=LIGHT_NAVIGATION_BAR, x=0, y=0
02-23 17:19:33.716  3819  4757 I WindowManager: Window{79526cb u0 InputMethod} state from NO_SURFACE to DRAW_PENDING; reason: resetDrawState
02-23 17:19:33.716  3819  3902 W SmartWindowScene: updateWindowState fail! invalid window type: -1
02-23 17:19:33.717  3819  3894 D SurfaceAnimationRunner: onAnimationStart:Surface(name=Surface(name=ea4ddf3 PopupWindow:4bc4aa9)/@0xdbc92e5 - animation-leash of window_animation)/@0x2a81ba
02-23 17:19:33.717  3819  3902 W SmartWindowScene: updateWindowState fail! invalid window type: -1
02-23 17:19:33.720  3819  4757 D WindowManager: NFW_findFocusedWindowIfNeeded:Window{4035541 u0 com.mira.dating/com.mira.dating.MainActivity} mCurrentFocus:Window{4035541 u0 com.mira.dating/com.mira.dating.MainActivity}
02-23 17:19:33.720  5472  5547 D WindowManagerShell: onKeepClearAreasChanged: restricted={}, unrestricted={Rect(0, 2244 - 1080, 2376)}
02-23 17:19:33.721  8969  8969 W VRI[InputMethod]: updateBlastSurfaceIfNeeded, surfaceSize:Point(1080, 2256), lastSurfaceSize:Point(1080, 2256), format:-2, blastBufferQueue:null
02-23 17:19:33.725  5472  5472 W VRI[StatusBar]: handleResized abandoned!
02-23 17:19:33.725 27816 27816 W VRI[MainActivity]: handleResized abandoned!
02-23 17:19:33.725 27816 27816 W VRI[PopupWindow:4bc4aa9]: handleResized abandoned!
02-23 17:19:33.725  5472  5472 W VRI[NavigationBar_displayId_0]: handleResized abandoned!
02-23 17:19:33.725  9033  9033 W VRI[OplusOSEdgeFloatBar]: handleResized abandoned!
02-23 17:19:33.725  5472  5842 W VRI[ScreenDecorOverlay]: handleResized abandoned!
02-23 17:19:33.726  5472  5547 D WindowManagerShell: onKeepClearAreasChanged: restricted={}, unrestricted={Rect(0, 1356 - 1080, 2376)}
02-23 17:19:33.726  5472  5842 W VRI[ScreenDecorOverlayBottom]: handleResized abandoned!
02-23 17:19:33.730  3819  6080 I WindowManager: Window{79526cb u0 InputMethod} state from DRAW_PENDING to COMMIT_DRAW_PENDING; reason: finishDrawingLocked
