02-23 17:19:48.406  3819  4584 V PresentationStatsEventLogger: (ACTION_RESPONSE_EXPIRED) IGNORING - following event won't be logged: Log AutofillPresentationEventReported: requestId=1248 sessionId=879914323 mNoPresentationEventReason=8 mAvailableCount=0 mCountShown=0 mCountFilteredUserTyping=0 mCountNotShownImePresentationNotDrawn=0 mCountNotShownImeUserNotSeen=0 mDisplayPresentationType=0 mAutofillServiceUid=10128 mInlineSuggestionHostUid=-1 mIsRequestTriggered=true mFillRequestSentTimestampMs=-1 mFillResponseReceivedTimestampMs=-1 mSuggestionSentTimestampMs=-1 mSuggestionPresentedTimestampMs=-1 mSelectedDatasetId=-1 mDialogDismissed=false mNegativeCtaButtonClicked=false mPositiveCtaButtonClicked=false mAuthenticationType=0 mAuthenticationResult=0 mLatencyAuthenticationUiDisplayMillis=-1 mLatencyDatasetDisplayMillis=-1 mAvailablePccCount=-1 mAvailablePccOnlyCount=-1 mSelectedDatasetPickedReason=0 mDetectionPreference=0 mFieldClassificationRequestId=-1 mAppPackageUid=10474 mIsCredentialRequest=false mWebviewRequestedCredential=false mFilteredFillabaleViewCount=-1 mViewFillableTotalCount=-1 mViewFillFailureCount=-1 mFocusedId=-1 mViewFillSuccessCount=0 mViewFilledButUnexpectedCount=0 event.mSelectionTimestamp=-1 event.mAutofilledTimestampMs=-1 event.mFieldModifiedFirstTimestampMs=-1 event.mFieldModifiedLastTimestampMs=-1 event.mSuggestionPresentedLastTimestampMs=-1 event.mFocusedVirtualAutofillId=-1 event.mFieldFirstLength=-1 event.mFieldLastLength=-1 event.mViewFailedPriorToRefillCount=0 event.mViewFilledSuccessfullyOnRefillCount=0 event.mViewFailedOnRefillCount=0 event.notExpiringResponseDuringAuthCount=0 event.notifyViewEnteredIgnoredDuringAuthCount=0 event.fillDialogNotShownReason=0 event.fillDialogReadyToShowMs=-1 event.imeAnimationFinishMs=-1
02-23 17:19:48.406  3819  4584 W PresentationStatsEventLogger: Empty dataset. Autofill ignoring log
02-23 17:19:48.411  3819  3902 I UserAwareMgr: handleAppChangedToBg, pkgName: com.mira.dating, pid: 27816
02-23 17:19:48.412  3819  3892 D ActivityManager: Async freezing 30587 com.oneplus.gallery
02-23 17:19:48.423  3819  6054 I WindowManager: Window{4035541 u0 com.mira.dating/com.mira.dating.MainActivity} state from DRAW_PENDING to NO_SURFACE; reason: destroySurface
02-23 17:19:48.424  3819  6054 D OplusStartingWindowManager: skip remove starting window for activity = ActivityRecord{243035466 u0 com.mira.dating/.MainActivity t20741} ,ar != topActivityContainsStartingWindow on activityStopped
02-23 17:19:48.424  3819  4927 D BackgroundInstallControlService: Package event received: 0
02-23 17:19:48.506 30587 30587 D ResourcesManagerExtImpl: applyConfigurationToAppResourcesLocked app.getDisplayId() return callback.displayId:-1
02-23 17:19:48.713  3819  3969 D PowerManagerService: userActivityNoUpdateLocked: groupId=0, eventTime=129173534, event=touch, flags=0x0, uid=1000
02-23 17:19:48.713  3819  3969 D PowerManagerService: userActivityNoUpdateLocked: groupId=0, eventTime=129173534, event=touch, flags=0x0, uid=1000
02-23 17:19:48.732  3568  3568 D VRI[CapturePhotoActivity]: relayoutWindow result, sizeChanged:false, surfaceControlChanged:false, transformHintChanged:false, mSurfaceSize:Point(1080, 2376), mLastSurfaceSize:Point(1080, 2376), mWidth:1080, mHeight:2376, requestedWidth:1080, requestedHeight:2376, transformHint:0, installOrientation:0, displayRotation:0, isSurfaceValid:true, attr.flag:-2122316416, tmpFrames:ClientWindowFrames{frame=[0,0][1080,2376] display=[0,0][1080,2376] parentFrame=[0,0][1080,2376]}, relayoutAsync:true, mSyncSeqId:0
02-23 17:19:48.732  3568  3568 W VRI[CapturePhotoActivity]: updateBlastSurfaceIfNeeded, surfaceSize:Point(1080, 2376), lastSurfaceSize:Point(1080, 2376), format:-3, blastBufferQueue:android.graphics.BLASTBufferQueue@9784af5
02-23 17:19:48.732  3819  4584 V WindowManager: Relayout Window{296392d u0 com.oplus.camera/com.oplus.camera.component.CapturePhotoActivity}: viewVisibility=0, oldvis=0, req=1080x2376 , apr = 0, vsysui=FULLSCREEN LAYOUT_HIDE_NAVIGATION LAYOUT_FULLSCREEN IMMERSIVE_STICKY, x=0, y=0
02-23 17:19:48.734  3819  4584 I WindowContainerExtImpl: ActivityRecord{267098134 u0 com.oplus.camera/.component.CapturePhotoActivity t20741} uses SCREEN_ORIENTATION_BEHIND!!!
02-23 17:19:48.740  3819  4584 D ActivityManager: Async freezing 25755 com.google.android.gms
02-23 17:19:48.755  3819  4584 E OplusAthenaAm: AthenaAmManagerInternal transact code hello:22,flags:0
02-23 17:19:48.772  3819  5983 D FlexibleTaskController: not in list
02-23 17:19:48.772  3819  5983 D ActivityTaskManager: Skipping, invisible task: Task{1bda354 #5 type=home I=com.android.launcher/.Launcher}
02-23 17:19:48.772  3819  5983 D ActivityTaskManager: after skip size:1,pre-Filtered:com.mira.dating # 
02-23 17:19:48.773  3819  5983 D FlexibleTaskController: not in list
02-23 17:19:48.773  3819  5983 D FlexibleTaskController: not in list
02-23 17:19:48.775  3819  5983 D FlexibleTaskController: not in list
02-23 17:19:48.776  3819  5983 D FlexibleTaskController: not in list
02-23 17:19:48.778  3819  5983 D FlexibleTaskController: not in list
02-23 17:19:48.779  3819  6054 I OplusDisplayModeService: setPreferredDisplayMode modeId = 3 callingUid = 10177
02-23 17:19:48.779  3819  6054 I RefreshRate: setPreferredDisplayMode modeId = 3 targetMode = {id=3, width=1264, height=2780, fps=90.0, vsync=90.0, synthetic=false, alternativeRefreshRates=[60.000004, 120.00001, 120.00001], supportedHdrTypes=[1, 2, 3, 4]}
02-23 17:19:48.779  3819  6054 D RefreshRate: setDisplayConfigSpecs complete: targetMode={id=3, width=1264, height=2780, fps=90.0, vsync=90.0, synthetic=false, alternativeRefreshRates=[60.000004, 120.00001, 120.00001], supportedHdrTypes=[1, 2, 3, 4]},srcMode={id=3, width=1264, height=2780, fps=90.0, vsync=90.0, synthetic=false, alternativeRefreshRates=[60.000004, 120.00001, 120.00001], supportedHdrTypes=[1, 2, 3, 4]},sfModId=2,rate=90.0
02-23 17:19:48.779  3819  6054 D RefreshRate: Refresh rate changing from 60.0 to 90.0,maxRefreshRate=90.0 FOR:{
02-23 17:19:48.779  3819  6054 D RefreshRate:     | COURSE[setDisplayConfigSpecs complete: targetMode={id=3, width=1264, height=2780, fps=90.0, vsync=90.0, synthetic=false, alternativeRefreshRates=[60.000004, 120.00001, 120.00001], supportedHdrTypes=[1, 2, 3, 4]},srcMode={id=3, width=1264, height=2780, fps=90.0, vsync=90.0, synthetic=false, alternativeRefreshRates=[60.000004, 120.00001, 120.00001], supportedHdrTypes=[1, 2, 3, 4]},sfModId=2,rate=90.0]
02-23 17:19:48.779  3819  6054 D RefreshRate:     | VOTES[PRIORITY_APP_REQUEST -> Vote{mRefreshRate=90.0, mMinRefreshRate=90.0, mRequestSource=null};PRIORITY_WINDOW_REQUEST -> Vote{mRefreshRate=60.0, mMinRefreshRate=60.0, mRequestSource=null};]
02-23 17:19:48.779  3819  6054 D RefreshRate:     | TIME:2026-02-23 11:49:48}
02-23 17:19:48.779  3819  6054 D RefreshRate: setPreferredDisplayMode: votes=PRIORITY_APP_REQUEST -> Vote{mRefreshRate=90.0, mMinRefreshRate=90.0, mRequestSource=null};PRIORITY_WINDOW_REQUEST -> Vote{mRefreshRate=60.0, mMinRefreshRate=60.0, mRequestSource=null};
02-23 17:19:48.779  3819  5983 D FlexibleTaskController: not in list
02-23 17:19:48.780  3819  4048 D RefreshRate: do setDisplayConfigSpecs  
02-23 17:19:48.781  3819  3893 D VRR [OPlusRefreshRatePolicy]: setRefreshRatePolicy policy=POLICY_SYSTEM, refreshRate=60, statusOn=false
02-23 17:19:48.781  3819  3893 D VRR [OPlusRefreshRatePolicy]: setRefreshRatePolicy policy=POLICY_SYSTEM, refreshRate=90, statusOn=true
02-23 17:19:48.781  3819  3893 D RefreshRate: setFrameRateTargetControl Rate 0.0result:true
02-23 17:19:48.781  3819  3893 D DisplayModeDirector: setAppRequest displayId : 0  modeId: 3  requestedRefreshRate: 0.0  requestedMinRefreshRateRange: 0.0  requestedMaxRefreshRateRange: 90.0
02-23 17:19:48.782  3819  4048 D DisplayModeDirector: setAppRequest displayId : 0  modeId: 3  requestedRefreshRate: 90.0  requestedMinRefreshRateRange: 90.0  requestedMaxRefreshRateRange: 90.0
02-23 17:19:48.783  3819  3892 D DisplayManagerServiceExtImpl: scheduleTraversalLocked intraversal=false
02-23 17:19:48.783  3819  3892 D DisplayManagerService: MSG_REQUEST_TRAVERSAL pendingCompleted=false
02-23 17:19:48.784  3819  3893 D DisplayModeDirector: setAppRequest displayId : 0  modeId: 3  requestedRefreshRate: 0.0  requestedMinRefreshRateRange: 0.0  requestedMaxRefreshRateRange: 90.0
02-23 17:19:48.784  3819  3893 D DisplayManagerService: performTraversalInternal pendingTraversal
02-23 17:19:48.784  3819  3893 D DisplayDevice: setLayerStackLocked id=local:4630946652107814787 token=android.os.BinderProxy@50543f0 stack=0->0
02-23 17:19:48.784  3819  3985 D OplusFeatureDMR[display=0]: onConfigChanged threadId=70 threadName=OplusDisplayWorkHandler physicalDisplayId=4630946652107814787 modeId=0  
02-23 17:19:48.785  3819  3892 D DisplayManagerServiceExtImpl: scheduleTraversalLocked intraversal=false
02-23 17:19:48.785  3819  3892 D DisplayManagerService: MSG_REQUEST_TRAVERSAL pendingCompleted=false
02-23 17:19:48.785  3819  3893 D DisplayManagerService: performTraversalInternal pendingTraversal
02-23 17:19:48.785  3819  3893 D DisplayDevice: setLayerStackLocked id=local:4630946652107814787 token=android.os.BinderProxy@50543f0 stack=0->0
02-23 17:19:48.786  3819  4048 D LocalDisplayAdapter: setDesiredDisplayModeSpecsAsync: display unique id = local:4630946652107814787, display mode specs = defaultMode=2 allowGroupSwitching=false primaryRanges=physical: (90.0 120.0) render:  (90.0 90.0) appRequestRanges=physical: (90.0 120.0) render:  (90.0 90.0) idleScreenRefreshRate=null
02-23 17:19:48.792  3819  4048 D LocalDisplayAdapter: setDesiredDisplayModeSpecsAsync: display unique id = local:4630946652107814787, display mode specs = defaultMode=2 allowGroupSwitching=false primaryRanges=physical: (0.0 120.0) render:  (0.0 90.0) appRequestRanges=physical: (0.0 120.0) render:  (0.0 90.0) idleScreenRefreshRate=null
02-23 17:19:48.792  3819  3892 I DisplayDeviceRepository: Display device changed render timings: "Built-in Screen", renderFrameRate=90.0, presentationDeadlineNanos=14111110, appVsyncOffsetNanos=6555557, frameRateOverrides=[]
02-23 17:19:48.792  3819  3892 D LogicalDisplayExt: set displayInfo flag FLAG_ROTATES_WITH_CONTENT
02-23 17:19:48.792  3819  3892 D DisplayManagerService: Delivering display event: displayId=0, event=EVENT_DISPLAY_REFRESH_RATE_CHANGED
02-23 17:19:48.793  3819  3985 D OplusFeatureDMR[display=0]: onConfigChanged threadId=70 threadName=OplusDisplayWorkHandler physicalDisplayId=4630946652107814787 modeId=0  
02-23 17:19:48.793  3819  3985 D OplusFeatureDMR[display=0]: onConfigChanged threadId=70 threadName=OplusDisplayWorkHandler physicalDisplayId=4630946652107814787 modeId=2  
02-23 17:19:48.794  3819  3890 D WindowManager: DeferredDisplayUpdater: partially applying DisplayInfo(1264 x 2780) immediately
02-23 17:19:48.796  3819  3890 D OplusVFXScreenEffectFeature: notifySFCompatWindowStateChange entered false
02-23 17:19:48.796  3819  3890 D FSS_FoldScreenBlackCoverController: displayChangeToOn, dc:Display{#0 state=ON size=1080x2376 ROTATION_0}
02-23 17:19:48.803  3819  3902 W UserAwareMgr: event can not be released, id: 6003, count: 793, releasePid: 2834
02-23 17:19:48.805  3819  4881 D ActivityTaskManager: Requested Orientation r = ActivityRecord{267098134 u0 com.oplus.camera/.component.CapturePhotoActivity t20741}, requestedOrientation = SCREEN_ORIENTATION_SENSOR (4)
02-23 17:19:48.806  3819  4881 D FlexibleTaskController: isFullToFlexibleAnimating: false
02-23 17:19:48.806  3819  4881 D WindowManager: rotation(ROTATION_0) no changed  displayId = 0, lastOrientation = 4
02-23 17:19:48.806  3568  3624 D LinearmotorVibrator: vibrate: effect=WaveformEffect { b7800d, effectType=1, effectStrength=-1, effectLoop=false, ringtoneVibrateType=-1, isRingtoneCustomized=false, ringtoneFilePath=, strengthSettingEnabled=true, asynchronous=false, usageHint=0 }
02-23 17:19:48.808  3819  6049 I VibratorManagerServiceExtImpl: vibrate is uid=10177, pid=3568, opPkg=com.oplus.camera, effect=Mono{mEffect=Composed{segments=[OplusVibrationEffectSegment{mEffectId=1, mEffectStrength=-1, mRingtonePath=''}], repeat=-1}}, attributes=VibrationAttributes{mUsage=UNKNOWN, mAudioUsage= USAGE_UNKNOWN, mFlags=0}, reason=null, token=217600084
02-23 17:19:48.810  3819  4713 W VibrationScaler: Got unexpected vibration intensity: 2000
02-23 17:19:48.810  3819  4713 D VibrationThread: Perform OplusPrebakedSegment{mWaveformId=2, mDuration=45, mEffectStrength=2000, mDefaultUsage=TOUCH} on vibrator 0
02-23 17:19:48.821  3819  3985 D OplusFeatureDMR[display=0]: onConfigChanged threadId=70 threadName=OplusDisplayWorkHandler physicalDisplayId=4630946652107814787 modeId=2  
02-23 17:19:48.838  3819  6049 W ContextImpl: Calling a method in the system process without a qualified user: android.app.ContextImpl.sendBroadcast:1281 com.android.server.camera.OplusCameraStateBroadcast.notifyCameraState:52 com.android.server.camera.CameraServiceProxyExtImpl.extendNotifyCameraState:370 com.android.server.camera.CameraServiceProxy.updateActivityCount:1580 com.android.server.camera.CameraServiceProxy.-$$Nest$mupdateActivityCount:0 
02-23 17:19:48.848  3819  4584 I ActivityManager: Death received, pid = 16579, processName = com.google.android.calendar for thread android.os.BinderProxy@b9d55ec
02-23 17:19:48.851  3819  7726 I ActivityManager: Process com.google.android.calendar (pid 16579) has died: cch+85 CEM 
02-23 17:19:48.853  3819  3902 W UserAwareMgr: event can not be released, id: 6003, count: 792, releasePid: 2834
02-23 17:19:48.854  3819  6054 I ActivityManager: Death received, pid = 16627, processName = com.android.providers.calendar for thread android.os.BinderProxy@2b3adb5
02-23 17:19:48.854  3819  6054 I ActivityManager: Death received, pid = 16821, processName = com.facebook.system for thread android.os.BinderProxy@46c4c4a
02-23 17:19:48.859  3819  4585 I ActivityManager: Death received, pid = 18575, processName = com.google.android.contacts for thread android.os.BinderProxy@c9737bb
02-23 17:19:48.859  3819  7726 I ActivityManager: Process com.facebook.system (pid 16821) has died: cch+85 CEM 
02-23 17:19:48.860  3819  4883 I ActivityManager: Death received, pid = 18253, processName = com.google.android.gms for thread android.os.BinderProxy@4ffe4d8
02-23 17:19:48.862  3819  4710 D ActivityManager: reportOneUidFrozenStateChanged uid 10279 frozen = false
02-23 17:19:48.872  3819  4048 D VRR [OPlusRefreshRateService]: handleConfigIdChange physicalDisplayId: 4630946652107814787 configId: 2 renderPeriod: 11111111
02-23 17:19:48.872  3819  4048 D VRR [OPlusGameStatusManager]: updateGameState mOSyncFeatureSwitch: false mIsGamePolicy: false
02-23 17:19:48.872  3819  4048 D VRR [OPlusGameStatusManager]: updateGameAccelerationStatus pkgName: com.oplus.camera mOSyncFeatureSwitch: false mIsGamePolicy: false mHeartStop: false mHasFlickerRisk: false mForceAcceleration: false mToastReady: false enable: false
02-23 17:19:48.872  3819  4048 D VRR [OPlusExternalRefreshRateManager]:  Display refreshrate :90 , Switch to OTI-HW 
02-23 17:19:48.872  3819  7726 I ActivityManager: Process com.google.android.contacts (pid 18575) has died: cch+75 CEM 
02-23 17:19:48.874  3819  4710 D ActivityManager: reportOneUidFrozenStateChanged uid 10292 frozen = false
02-23 17:19:48.874  3819  7726 D ActivityManager: Cancel freezing 25755 com.google.android.gms
02-23 17:19:48.890  3819  4883 D ActivityManager: Async freezing 25755 com.google.android.gms
02-23 17:19:48.891  3819  5368 I ActivityManager: Process com.android.providers.calendar (pid 16627) has died: cch+85 CEM 
02-23 17:19:48.894  3819  4710 D ActivityManager: reportOneUidFrozenStateChanged uid 10221 frozen = false
02-23 17:19:48.896  3819  7726 I ActivityManager: Process com.google.android.gms (pid 18253) has died: cch+75 CEM 
02-23 17:19:48.914  3819  4953 D TorchManagerService: onTorchModeChanged, mbTorchMode: false, mbDoSetTorchModeFalseByUs: false
02-23 17:19:48.914  3819  4953 D TorchManagerService: handleNotifyOut needCloseFlash: false
02-23 17:19:48.914  3819  4953 D TorchManagerService: cancelNotifyIn isNotifyIn: false
02-23 17:19:48.914  3819  3985 D OplusBrightnessPhoneStateManager: onTorchModeChanged, id:2 enabled:false
02-23 17:19:48.915  3819  3819 D OplusScreenOffTorchHelper: onTorchModeChanged cameraId = 2 enabled = false
02-23 17:19:48.915  3819  3819 D OplusScreenOffTorchHelper: onTorchModeChanged cameraId = 3 enabled = false
02-23 17:19:48.915  3819  4953 D TorchManagerService: onTorchModeChanged, mbTorchMode: false, mbDoSetTorchModeFalseByUs: false
02-23 17:19:48.915  3819  4953 D TorchManagerService: handleNotifyOut needCloseFlash: false
02-23 17:19:48.915  3819  4953 D TorchManagerService: cancelNotifyIn isNotifyIn: false
02-23 17:19:48.915  3819  3985 D OplusBrightnessPhoneStateManager: onTorchModeChanged, id:3 enabled:false
02-23 17:19:48.915  3819  3985 D OplusBrightnessPhoneStateManager: onTorchModeChanged, id:4 enabled:false
02-23 17:19:48.916  3819  4953 D TorchManagerService: onTorchModeChanged, mbTorchMode: false, mbDoSetTorchModeFalseByUs: false
02-23 17:19:48.916  3819  4953 D TorchManagerService: handleNotifyOut needCloseFlash: false
02-23 17:19:48.916  3819  4953 D TorchManagerService: cancelNotifyIn isNotifyIn: false
02-23 17:19:48.916  3819  3985 D OplusBrightnessPhoneStateManager: onTorchModeChanged, id:0 enabled:false
02-23 17:19:48.918  3819  4953 D TorchManagerService: onTorchModeChanged, mbTorchMode: false, mbDoSetTorchModeFalseByUs: false
02-23 17:19:48.918  3819  4953 D TorchManagerService: handleNotifyOut needCloseFlash: false
02-23 17:19:48.918  3819  4953 D TorchManagerService: cancelNotifyIn isNotifyIn: false
02-23 17:19:48.918  3819  4953 D TorchManagerService: onTorchModeChanged, mbTorchMode: false, mbDoSetTorchModeFalseByUs: false
02-23 17:19:48.918  3819  4953 D TorchManagerService: handleNotifyOut needCloseFlash: false
02-23 17:19:48.918  3819  4953 D TorchManagerService: cancelNotifyIn isNotifyIn: false
02-23 17:19:48.918  3819  3985 D OplusBrightnessPhoneStateManager: onTorchModeChanged, id:5 enabled:false
02-23 17:19:48.920  3819  3819 D OplusScreenOffTorchHelper: onTorchModeChanged cameraId = 4 enabled = false
02-23 17:19:48.920  3819  3819 D OplusScreenOffTorchHelper: onTorchModeChanged cameraId = 0 enabled = false
02-23 17:19:48.921  3819  3819 D OplusScreenOffTorchHelper: onTorchModeChanged cameraId = 5 enabled = false
02-23 17:19:48.922  3819  4048 D VRR [OPlusSAManager]: updateAutoMinfps for 4630946652107814787 with nits: 97.84091, mHistOK true, mAmbientOK true, mCctOK true, mIrOK true, mBrightnessOK true, isPkgOK true, SA min fps: 89
02-23 17:19:48.930  3819  4883 W ContextImpl: Calling a method in the system process without a qualified user: android.app.ContextImpl.sendBroadcast:1281 com.android.server.camera.OplusCameraStateBroadcast.notifyCameraState:52 com.android.server.camera.CameraServiceProxyExtImpl.extendNotifyCameraState:370 com.android.server.camera.CameraServiceProxy.updateActivityCount:1580 com.android.server.camera.CameraServiceProxy.-$$Nest$mupdateActivityCount:0 
02-23 17:19:48.931  3819  3893 D OplusZoomTaskCloneController: onCameraOpened cameraId =:5
02-23 17:19:48.931  3819  3985 D OplusFeatureTemperatureLimitBrightness: onCameraClosed, cameraId = 5
02-23 17:19:48.935  3819  3902 D UserAwareMgr: createNativeProcessInfoIfNecessary :{pkgName='', serviceName='cameraserver_sys', procName=cameraserver_sys, pid=2834, uid=1047, appId=0, owner='cameraserver_sys', flags='', renderTid=0, hwuiTids=null, glTids=null, threadInfos={cameraservice={threadName='cameraservice', tid=3077, reporterPid=2834, currentThreadCount=9, maxThreadCount=16, extendTids=[5015, 9991, 2834, 483, 8332, 2172, 30455, 30457]}}, mVideoActivityList=[], mStates=0} request ReportRequest{mCallingUid=1047, mCallingPid=2834, mThreadName='cameraservice', mProcessName='cameraserver_sys', mPid=2834, mTid=9991, mEventId=6003} processName cameraserver_sys
02-23 17:19:48.935  3819  3902 E UserAwareMgr: thread exist: {threadName='cameraservice', tid=3077, reporterPid=2834, currentThreadCount=9, maxThreadCount=16, extendTids=[5015, 9991, 2834, 483, 8332, 2172, 30455, 30457]}
02-23 17:19:48.941  3819  3893 D OplusZoomTaskCloneController: onCameraOpened cameraId =:1, packageName =:com.oplus.camera
02-23 17:19:48.942  3819  3985 D OplusFeatureTemperatureLimitBrightness: onCameraOpened, cameraId = 1,packageId = com.oplus.camera
02-23 17:19:48.946  3819  3902 D UserAwareMgr: createNativeProcessInfoIfNecessary :{pkgName='', serviceName='cameraserver_sys', procName=cameraserver_sys, pid=2834, uid=1047, appId=0, owner='cameraserver_sys', flags='', renderTid=0, hwuiTids=null, glTids=null, threadInfos={cameraservice={threadName='cameraservice', tid=3077, reporterPid=2834, currentThreadCount=9, maxThreadCount=16, extendTids=[5015, 9991, 2834, 483, 8332, 2172, 30455, 30457]}}, mVideoActivityList=[], mStates=0} request ReportRequest{mCallingUid=1047, mCallingPid=2834, mThreadName='cameraservice', mProcessName='cameraserver_sys', mPid=2834, mTid=30671, mEventId=6003} processName cameraserver_sys
02-23 17:19:48.947  3819  3902 D UserAwareMgr: createNativeProcessInfoIfNecessary :{pkgName='', serviceName='cameraserver_sys', procName=cameraserver_sys, pid=2834, uid=1047, appId=0, owner='cameraserver_sys', flags='', renderTid=0, hwuiTids=null, glTids=null, threadInfos={cameraservice={threadName='cameraservice', tid=3077, reporterPid=2834, currentThreadCount=10, maxThreadCount=16, extendTids=[5015, 9991, 2834, 483, 8332, 2172, 30455, 30457, 30671]}}, mVideoActivityList=[], mStates=0} request ReportRequest{mCallingUid=1047, mCallingPid=2834, mThreadName='cameraservice', mProcessName='cameraserver_sys', mPid=2834, mTid=30673, mEventId=6003} processName cameraserver_sys
02-23 17:19:48.947  3819  3902 D UserAwareMgr: createNativeProcessInfoIfNecessary :{pkgName='', serviceName='cameraserver_sys', procName=cameraserver_sys, pid=2834, uid=1047, appId=0, owner='cameraserver_sys', flags='', renderTid=0, hwuiTids=null, glTids=null, threadInfos={cameraservice={threadName='cameraservice', tid=3077, reporterPid=2834, currentThreadCount=11, maxThreadCount=16, extendTids=[5015, 9991, 2834, 483, 8332, 2172, 30455, 30457, 30671, 30673]}}, mVideoActivityList=[], mStates=0} request ReportRequest{mCallingUid=1047, mCallingPid=2834, mThreadName='cameraservice', mProcessName='cameraserver_sys', mPid=2834, mTid=2834, mEventId=6003} processName cameraserver_sys
02-23 17:19:48.947  3819  3902 E UserAwareMgr: thread exist: {threadName='cameraservice', tid=3077, reporterPid=2834, currentThreadCount=11, maxThreadCount=16, extendTids=[5015, 9991, 2834, 483, 8332, 2172, 30455, 30457, 30671, 30673]}
02-23 17:19:48.953  3819  5426 W ContextImpl: Calling a method in the system process without a qualified user: android.app.ContextImpl.sendBroadcast:1281 com.android.server.camera.OplusCameraStateBroadcast.notifyCameraState:52 com.android.server.camera.CameraServiceProxyExtImpl.extendNotifyCameraState:370 com.android.server.camera.CameraServiceProxy.updateActivityCount:1580 com.android.server.camera.CameraServiceProxy.-$$Nest$mupdateActivityCount:0 
02-23 17:19:48.959  3819  6085 W PackageConfigPersister: App-specific configuration not found for packageName: com.oplus.camera and userId: 0
02-23 17:19:48.963  3819  3902 W UserAwareMgr: addKeyThread error: no cached process :ReportRequest{mCallingUid=10155, mCallingPid=30587, mThreadName='GalleryPreloadThread', mProcessName='null', mPid=30587, mTid=30674, mEventId=8011}
02-23 17:19:48.964  3819  3902 E UserAwareMgr: getCallerByPid: processInfo is null for pid: 30587
02-23 17:19:48.964  3819  3902 W UserAwareMgr: invalid caller: 30587 with name:Pair{null null} for event: 8011, expect:[system_app]
02-23 17:19:49.005  3819  5426 I WindowManager: addWindow: New client android.os.BinderProxy@ad85bfa : window=Window{6223408 u0 OplusFrontCameraPinholeView}
02-23 17:19:49.006  3819  3902 W UserAwareMgr: event can not be released, id: 1014, count: 2, releasePid: 3819
02-23 17:19:49.010  3819  5426 V WindowManager: Relayout Window{6223408 u0 OplusFrontCameraPinholeView}: viewVisibility=0, oldvis=0, req=75x75 , apr = 0, vsysui=, x=502, y=27
02-23 17:19:49.010  3819  5426 I WindowManager: Window{6223408 u0 OplusFrontCameraPinholeView} state from NO_SURFACE to DRAW_PENDING; reason: resetDrawState
02-23 17:19:49.013  3819  5426 D WindowManager: NFW_findFocusedWindowIfNeeded:Window{296392d u0 com.oplus.camera/com.oplus.camera.component.CapturePhotoActivity} mCurrentFocus:Window{296392d u0 com.oplus.camera/com.oplus.camera.component.CapturePhotoActivity}
02-23 17:19:49.018  3819  6085 D OplusStartingWindowManager: updateRecordSurfaceViewState windowToken = android.os.BinderProxy@ad85bfa, surfaceState = true, attachedToWindow = true, inList = false, win = Window{6223408 u0 OplusFrontCameraPinholeView}
02-23 17:19:49.024  3819  6085 I WindowManager: Window{6223408 u0 OplusFrontCameraPinholeView} state from DRAW_PENDING to COMMIT_DRAW_PENDING; reason: finishDrawingLocked
02-23 17:19:49.025  3819  3893 I WindowManager: Window{6223408 u0 OplusFrontCameraPinholeView} state from COMMIT_DRAW_PENDING to READY_TO_SHOW; reason: commitFinishDrawingLocked
02-23 17:19:49.025  3819  3893 I WindowManager: Window{6223408 u0 OplusFrontCameraPinholeView} state from READY_TO_SHOW to HAS_DRAWN; reason: performShowLocked
02-23 17:19:49.057  3819  5764 W ContextImpl: Calling a method in the system process without a qualified user: android.app.ContextImpl.sendBroadcast:1281 com.android.server.camera.OplusCameraStateBroadcast.notifyCameraState:52 com.android.server.camera.CameraServiceProxyExtImpl.extendNotifyCameraState:370 com.android.server.camera.CameraServiceProxy.updateActivityCount:1580 com.android.server.camera.CameraServiceProxy.-$$Nest$mupdateActivityCount:0 
02-23 17:19:49.062  3819  6085 W ContextImpl: Calling a method in the system process without a qualified user: android.app.ContextImpl.sendBroadcast:1281 com.android.server.camera.OplusCameraStateBroadcast.notifyCameraState:52 com.android.server.camera.CameraServiceProxyExtImpl.extendNotifyCameraState:370 com.android.server.camera.CameraServiceProxy.updateActivityCount:1580 com.android.server.camera.CameraServiceProxy.-$$Nest$mupdateActivityCount:0 
02-23 17:19:49.064  3819  5764 W SettingsProvider: You shouldn't keep your settings in the secure settings. This will soon become an error!!!
02-23 17:19:49.105 30587 30674 D ActivityThread: Loading provider com.oplus.gallery.database.provider.config: com.oplus.gallery.foundation.database.provider.ConfigProvider
02-23 17:19:49.106 30587 30674 D ActivityThread: Loading provider com.oplus.gallery.database.provider.cache: com.oplus.gallery.foundation.database.provider.CacheProvider
02-23 17:19:49.107 30587 30674 D ActivityThread: Loading provider com.oplus.gallery.database.provider.watermark_master: com.oplus.gallery.foundation.database.provider.WatermarkMasterProvider
02-23 17:19:49.133  3819  5764 D ActivityManager: Cancel freezing 30587 com.oneplus.gallery
02-23 17:19:49.153  3819  4716 V AlarmManager: sending alarm Alarm{89f3057 type 1 origWhen 1771847389150 whenElapsed 182296846 android} uid 1000 whenElapsed 182296846 windowLength 0 maxWhenElapsed 182296846 repeatInterval 0 action null component null tag StorgaeBandInfoAlarmTag flags 0x9 procName system_server
02-23 17:19:49.185  3568  3568 D VRI[CapturePhotoActivity]: relayoutWindow result, sizeChanged:false, surfaceControlChanged:false, transformHintChanged:false, mSurfaceSize:Point(1080, 2376), mLastSurfaceSize:Point(1080, 2376), mWidth:1080, mHeight:2376, requestedWidth:1080, requestedHeight:2376, transformHint:0, installOrientation:0, displayRotation:0, isSurfaceValid:true, attr.flag:-2122316416, tmpFrames:ClientWindowFrames{frame=[0,0][1080,2376] display=[0,0][1080,2376] parentFrame=[0,0][1080,2376]}, relayoutAsync:true, mSyncSeqId:0
02-23 17:19:49.185  3568  3568 W VRI[CapturePhotoActivity]: updateBlastSurfaceIfNeeded, surfaceSize:Point(1080, 2376), lastSurfaceSize:Point(1080, 2376), format:-3, blastBufferQueue:android.graphics.BLASTBufferQueue@9784af5
02-23 17:19:49.185  3819  6085 V WindowManager: Relayout Window{296392d u0 com.oplus.camera/com.oplus.camera.component.CapturePhotoActivity}: viewVisibility=0, oldvis=0, req=1080x2376 , apr = 0, vsysui=FULLSCREEN LAYOUT_HIDE_NAVIGATION LAYOUT_FULLSCREEN IMMERSIVE_STICKY, x=0, y=0
02-23 17:19:49.187  3819  6085 I OplusDisplayModeService: setPreferredDisplayMode modeId = 0 callingUid = 10177
02-23 17:19:49.187  3819  6085 I RefreshRate: setPreferredDisplayMode modeId = 0 targetMode = null
02-23 17:19:49.187  3819  6085 D RefreshRate: setPreferredDisplayMode: votes=PRIORITY_WINDOW_REQUEST -> Vote{mRefreshRate=60.0, mMinRefreshRate=60.0, mRequestSource=null};
02-23 17:19:49.189  3819  3893 D VRR [OPlusRefreshRatePolicy]: setRefreshRatePolicy policy=POLICY_SYSTEM, refreshRate=90, statusOn=false
02-23 17:19:49.189  3819  3893 D VRR [OPlusRefreshRatePolicy]: setRefreshRatePolicy policy=POLICY_SYSTEM, refreshRate=60, statusOn=true
02-23 17:19:49.189  3819  3893 D RefreshRate: setFrameRateTargetControl Rate 60.0result:true
02-23 17:19:49.189  3819  3893 D RefreshRate: Refresh rate changing from 90.0 to 60.0,maxRefreshRate=120.0 FOR:{
02-23 17:19:49.189  3819  3893 D RefreshRate:     | COURSE[ ;camera opening rateId:2 ;win name:com.oplus.camera/com.oplus.camera.component.CapturePhotoActivity]
02-23 17:19:49.189  3819  3893 D RefreshRate:     | VOTES[PRIORITY_WINDOW_REQUEST -> Vote{mRefreshRate=60.0, mMinRefreshRate=60.0, mRequestSource=null};]
02-23 17:19:49.189  3819  3893 D RefreshRate:     | TIME:2026-02-23 11:49:49}
02-23 17:19:49.189  3819  3893 D DisplayModeDirector: setAppRequest displayId : 0  modeId: 1  requestedRefreshRate: 0.0  requestedMinRefreshRateRange: 0.0  requestedMaxRefreshRateRange: 120.0
02-23 17:19:49.190  3819  3892 D DisplayManagerServiceExtImpl: scheduleTraversalLocked intraversal=false
02-23 17:19:49.190  3819  3892 D DisplayManagerService: MSG_REQUEST_TRAVERSAL pendingCompleted=false
02-23 17:19:49.190  3819  3893 D DisplayManagerService: performTraversalInternal pendingTraversal
02-23 17:19:49.190  3819  3893 D DisplayDevice: setLayerStackLocked id=local:4630946652107814787 token=android.os.BinderProxy@50543f0 stack=0->0
02-23 17:19:49.190  3819  4048 D LocalDisplayAdapter: setDesiredDisplayModeSpecsAsync: display unique id = local:4630946652107814787, display mode specs = defaultMode=0 allowGroupSwitching=false primaryRanges=physical: (0.0 120.0) render:  (0.0 120.0) appRequestRanges=physical: (0.0 120.0) render:  (0.0 120.0) idleScreenRefreshRate=null
02-23 17:19:49.191  3819  3985 D OplusFeatureDMR[display=0]: onConfigChanged threadId=70 threadName=OplusDisplayWorkHandler physicalDisplayId=4630946652107814787 modeId=2  
02-23 17:19:49.193  3819  5764 I ActivityManager: Flag disabled. Ignoring finishAttachApplication from uid: 10155. pid: 30587
02-23 17:19:49.234  3819  3985 D OplusFeatureDMR[display=0]: onConfigChanged threadId=70 threadName=OplusDisplayWorkHandler physicalDisplayId=4630946652107814787 modeId=0  
02-23 17:19:49.234  3819  3892 I DisplayDeviceRepository: Display device changed render timings: "Built-in Screen", renderFrameRate=120.00001, presentationDeadlineNanos=14329999, appVsyncOffsetNanos=6336667, frameRateOverrides=[]
02-23 17:19:49.234  3819  3892 D LogicalDisplayExt: set displayInfo flag FLAG_ROTATES_WITH_CONTENT
02-23 17:19:49.234  3819  3892 D DisplayManagerService: Delivering display event: displayId=0, event=EVENT_DISPLAY_REFRESH_RATE_CHANGED
02-23 17:19:49.237  3819  3890 D WindowManager: DeferredDisplayUpdater: partially applying DisplayInfo(1264 x 2780) immediately
02-23 17:19:49.238  3819  3890 D OplusVFXScreenEffectFeature: notifySFCompatWindowStateChange entered false
02-23 17:19:49.238  3819  3890 D FSS_FoldScreenBlackCoverController: displayChangeToOn, dc:Display{#0 state=ON size=1080x2376 ROTATION_0}
02-23 17:19:49.284  3819  4048 D VRR [OPlusRefreshRateService]: handleConfigIdChange physicalDisplayId: 4630946652107814787 configId: 0 renderPeriod: 8333333
02-23 17:19:49.284  3819  4048 D VRR [OPlusGameStatusManager]: updateGameState mOSyncFeatureSwitch: false mIsGamePolicy: false
02-23 17:19:49.284  3819  4048 D VRR [OPlusGameStatusManager]: updateGameAccelerationStatus pkgName: com.oplus.camera mOSyncFeatureSwitch: false mIsGamePolicy: false mHeartStop: false mHasFlickerRisk: false mForceAcceleration: false mToastReady: false enable: false
02-23 17:19:49.328  3819  4849 V NetworkPolicy: updateNetworkEnabledNL() return
02-23 17:19:49.328  3819  4849 V NetworkPolicy: updateNotificationsNL not process
02-23 17:19:49.331  3819  4972 D NotificationService--OplusNotificationFixHelper: fixAppIcon: pkg=android
02-23 17:19:49.331  3819  4972 D NotificationService--OplusNotificationFixHelper: fixAppIcon: appIcon = null, pkg = android
02-23 17:19:49.331  3819  4972 I OplusStatusBarManagerServiceEnhance:  getTopIsFullscreen mTopIsFullscreen: false
02-23 17:19:49.331  3819  3819 D NotificationService--OplusNotificationManagerServiceExtImpl: isForwardToAssistants: false, case : Is in mMcsNotInterceptPkgList or is isSystemApp
02-23 17:19:49.331  3819  3819 D NotificationService: This application enqueue notifications is not need postDelayed
02-23 17:19:49.333  3819  3819 D LockSettingsService: [getSeparateProfileChallengeEnabled] userId = 11
02-23 17:19:49.333  3819  3819 D LockSettingsService: [getSeparateProfileChallengeEnabled] userId = 11
02-23 17:19:49.335  3819  4048 D VRR [OPlusSAManager]: updateAutoMinfps for 4630946652107814787 with nits: 97.84091, mHistOK true, mAmbientOK true, mCctOK true, mIrOK true, mBrightnessOK true, isPkgOK true, SA min fps: 119
02-23 17:19:49.338  3819 30642 W CameraService_proxy: Unknown extension type: -1
02-23 17:19:49.478  3819  3902 E UserAwareMgr: getCallerByPid: processInfo is null for pid: 30587
02-23 17:19:49.478  3819  3902 W UserAwareMgr: invalid caller: 30587 with name:Pair{null null} for event: 8011, expect:[system_app]
02-23 17:19:49.634  3819  5426 D ActivityManager: Async freezing 11442 com.google.android.googlequicksearchbox:search
02-23 17:19:49.646  3819  3902 D UserAwareMgr: createNativeProcessInfoIfNecessary :{pkgName='', serviceName='cameraserver_sys', procName=cameraserver_sys, pid=2834, uid=1047, appId=0, owner='cameraserver_sys', flags='', renderTid=0, hwuiTids=null, glTids=null, threadInfos={cameraservice={threadName='cameraservice', tid=3077, reporterPid=2834, currentThreadCount=11, maxThreadCount=16, extendTids=[5015, 9991, 2834, 483, 8332, 2172, 30455, 30457, 30671, 30673]}}, mVideoActivityList=[], mStates=0} request ReportRequest{mCallingUid=1047, mCallingPid=2834, mThreadName='cameraservice', mProcessName='cameraserver_sys', mPid=2834, mTid=2172, mEventId=6003} processName cameraserver_sys
02-23 17:19:49.646  3819  3902 E UserAwareMgr: thread exist: {threadName='cameraservice', tid=3077, reporterPid=2834, currentThreadCount=11, maxThreadCount=16, extendTids=[5015, 9991, 2834, 483, 8332, 2172, 30455, 30457, 30671, 30673]}
02-23 17:19:49.660  3819  5426 V WindowManager: Relayout Window{f386298 u0 StatusBar}: viewVisibility=0, oldvis=0, req=1080x120 , apr = 0, vsysui=, x=0, y=0
02-23 17:19:49.661  3819  5426 D WindowManager: BarWindow--setVisible: id=1, oldState=0, state=2, mFocuseWindow= Window{296392d u0 com.oplus.camera/com.oplus.camera.component.CapturePhotoActivity} call: 
02-23 17:19:49.662  3819  5426 I OplusStatusBarManagerServiceEnhance:  topIsFullscreen fullscreen: true
02-23 17:19:49.677  9033  9033 W VRI[OplusOSEdgeFloatBar]: handleResized abandoned!
02-23 17:19:49.680  5472  5472 W VRI[NavigationBar_displayId_0]: handleResized abandoned!
02-23 17:19:49.680  5472  5842 W VRI[ScreenDecorOverlay]: handleResized abandoned!
02-23 17:19:49.680  5472  5842 W VRI[ScreenDecorOverlayBottom]: handleResized abandoned!
02-23 17:19:49.681  5472 23588 W VRI[OplusFrontCameraPinholeView]: handleResized abandoned!
02-23 17:19:49.693  3568  3568 W VRI[CapturePhotoActivity]: handleResized abandoned!
02-23 17:19:49.707  3819  3902 W QosScheduler: executeSceneQosStrategy failed! qos feature no enable
02-23 17:19:49.740  3819 30642 W CameraService_proxy: Unknown extension type: -1
02-23 17:19:49.836  3819  4048 D VRR [OPlusSAManager]: updateAutoMinfps for 4630946652107814787 with nits: 97.84091, mHistOK true, mAmbientOK true, mCctOK true, mIrOK true, mBrightnessOK true, isPkgOK true, SA min fps: 119
02-23 17:19:49.840  3819 30642 W CameraService_proxy: Unknown extension type: -1
02-23 17:19:49.920  3819  3985 D OplusBrightnessPhoneStateManager: Torch state change true -> false
02-23 17:19:49.920  3819  3985 D OplusBrightnessPhoneStateManager: update Lux reliability, isTrust:true
02-23 17:19:49.940  3819 30642 W CameraService_proxy: Unknown extension type: -1
02-23 17:19:50.141  3819 30642 W CameraService_proxy: Unknown extension type: -1
02-23 17:19:50.241  3819 30642 W CameraService_proxy: Unknown extension type: -1
02-23 17:19:50.278  3819  6085 D OplusStartingWindowManager: updateRecordSurfaceViewState windowToken = android.os.BinderProxy@ad85bfa, surfaceState = false, attachedToWindow = true, inList = false, win = Window{6223408 u0 OplusFrontCameraPinholeView}
02-23 17:19:50.282  3819  6085 I WindowManager: Window{6223408 u0 OplusFrontCameraPinholeView} state from HAS_DRAWN to NO_SURFACE; reason: destroySurface
02-23 17:19:50.284  3819  6085 D WindowManager: NFW_findFocusedWindowIfNeeded:Window{296392d u0 com.oplus.camera/com.oplus.camera.component.CapturePhotoActivity} mCurrentFocus:Window{296392d u0 com.oplus.camera/com.oplus.camera.component.CapturePhotoActivity}
02-23 17:19:50.313  3819  6085 E OplusAthenaAm: AthenaAmManagerInternal transact code hello:22,flags:0
02-23 17:19:50.326  3819  3969 D PowerManagerService: userActivityNoUpdateLocked: groupId=0, eventTime=129175147, event=touch, flags=0x0, uid=1000
02-23 17:19:50.328  3819  3969 D PowerManagerService: userActivityNoUpdateLocked: groupId=0, eventTime=129175147, event=touch, flags=0x0, uid=1000
02-23 17:19:50.333  3568  3624 D LinearmotorVibrator: vibrate: effect=WaveformEffect { 7e7802a, effectType=68, effectStrength=-1, effectLoop=false, ringtoneVibrateType=-1, isRingtoneCustomized=false, ringtoneFilePath=, strengthSettingEnabled=true, asynchronous=false, usageHint=0 }
02-23 17:19:50.333  3819  5426 I VibratorManagerServiceExtImpl: vibrate is uid=10177, pid=3568, opPkg=com.oplus.camera, effect=Mono{mEffect=Composed{segments=[OplusVibrationEffectSegment{mEffectId=68, mEffectStrength=-1, mRingtonePath=''}], repeat=-1}}, attributes=VibrationAttributes{mUsage=UNKNOWN, mAudioUsage= USAGE_UNKNOWN, mFlags=0}, reason=null, token=217600084
02-23 17:19:50.334  3819  4713 W VibrationScaler: Got unexpected vibration intensity: 2000
02-23 17:19:50.334  3819  4713 D VibrationThread: Perform OplusPrebakedSegment{mWaveformId=7, mDuration=30, mEffectStrength=2000, mDefaultUsage=TOUCH} on vibrator 0
02-23 17:19:50.342  3568  3568 D VRI[CapturePhotoActivity]: relayoutWindow result, sizeChanged:false, surfaceControlChanged:false, transformHintChanged:false, mSurfaceSize:Point(1080, 2376), mLastSurfaceSize:Point(1080, 2376), mWidth:1080, mHeight:2376, requestedWidth:1080, requestedHeight:2376, transformHint:0, installOrientation:0, displayRotation:0, isSurfaceValid:true, attr.flag:-2122316416, tmpFrames:ClientWindowFrames{frame=[0,0][1080,2376] display=[0,0][1080,2376] parentFrame=[0,0][1080,2376]}, relayoutAsync:true, mSyncSeqId:0
02-23 17:19:50.342  3568  3568 W VRI[CapturePhotoActivity]: updateBlastSurfaceIfNeeded, surfaceSize:Point(1080, 2376), lastSurfaceSize:Point(1080, 2376), format:-3, blastBufferQueue:android.graphics.BLASTBufferQueue@9784af5
02-23 17:19:50.342  3819  5426 V WindowManager: Relayout Window{296392d u0 com.oplus.camera/com.oplus.camera.component.CapturePhotoActivity}: viewVisibility=0, oldvis=0, req=1080x2376 , apr = 0, vsysui=FULLSCREEN LAYOUT_HIDE_NAVIGATION LAYOUT_FULLSCREEN IMMERSIVE_STICKY, x=0, y=0
02-23 17:19:50.350  3568  3624 D LinearmotorVibrator: vibrate: effect=WaveformEffect { 25574f6, effectType=68, effectStrength=-1, effectLoop=false, ringtoneVibrateType=-1, isRingtoneCustomized=false, ringtoneFilePath=, strengthSettingEnabled=true, asynchronous=false, usageHint=0 }
02-23 17:19:50.350  3819  5764 I VibratorManagerServiceExtImpl: vibrate is uid=10177, pid=3568, opPkg=com.oplus.camera, effect=Mono{mEffect=Composed{segments=[OplusVibrationEffectSegment{mEffectId=68, mEffectStrength=-1, mRingtonePath=''}], repeat=-1}}, attributes=VibrationAttributes{mUsage=UNKNOWN, mAudioUsage= USAGE_UNKNOWN, mFlags=0}, reason=null, token=217600084
02-23 17:19:50.373  3819  4713 W VibrationScaler: Got unexpected vibration intensity: 2000
02-23 17:19:50.374  3819  4713 D VibrationThread: Perform OplusPrebakedSegment{mWaveformId=7, mDuration=30, mEffectStrength=2000, mDefaultUsage=TOUCH} on vibrator 0
02-23 17:19:50.642  3819 30642 W CameraService_proxy: Unknown extension type: -1
02-23 17:19:50.656  3819  3893 D VRR [OPlusRefreshRatePolicy]: setRefreshRatePolicy policy=POLICY_SYSTEM, refreshRate=60, statusOn=false
02-23 17:19:50.657  3819  5764 W ContextImpl: Calling a method in the system process without a qualified user: android.app.ContextImpl.sendBroadcast:1281 com.android.server.camera.OplusCameraStateBroadcast.notifyCameraState:52 com.android.server.camera.CameraServiceProxyExtImpl.extendNotifyCameraState:370 com.android.server.camera.CameraServiceProxy.updateActivityCount:1580 com.android.server.camera.CameraServiceProxy.-$$Nest$mupdateActivityCount:0 
02-23 17:19:50.658  3819  3893 D VRR [OPlusRefreshRatePolicy]: setRefreshRatePolicy policy=POLICY_SYSTEM, refreshRate=90, statusOn=true
02-23 17:19:50.658  3819  3893 D RefreshRate: setFrameRateTargetControl Rate 0.0result:true
02-23 17:19:50.658  3819  3893 D RefreshRate: Refresh rate changing from 60.0 to 90.0,maxRefreshRate=90.0 FOR:{
02-23 17:19:50.658  3819  3893 D RefreshRate:     | COURSE[; Win preferred rateId=0, appReqFirst=false, data= RateData{} ;win name:com.oplus.camera/com.oplus.camera.component.CapturePhotoActivity]
02-23 17:19:50.658  3819  3893 D RefreshRate:     | VOTES[PRIORITY_WINDOW_REQUEST -> Vote{mRefreshRate=90.0, mMinRefreshRate=90.0, mRequestSource=null};]
02-23 17:19:50.658  3819  3893 D RefreshRate:     | TIME:2026-02-23 11:49:50}
02-23 17:19:50.658  3819  3893 D DisplayModeDirector: setAppRequest displayId : 0  modeId: 3  requestedRefreshRate: 0.0  requestedMinRefreshRateRange: 0.0  requestedMaxRefreshRateRange: 90.0
02-23 17:19:50.660  3819  3892 D DisplayManagerServiceExtImpl: scheduleTraversalLocked intraversal=false
02-23 17:19:50.660  3819  3892 D DisplayManagerService: MSG_REQUEST_TRAVERSAL pendingCompleted=false
02-23 17:19:50.661  3819  3893 D DisplayManagerService: performTraversalInternal pendingTraversal
02-23 17:19:50.661  3819  3893 D DisplayDevice: setLayerStackLocked id=local:4630946652107814787 token=android.os.BinderProxy@50543f0 stack=0->0
02-23 17:19:50.661  3819  4048 D LocalDisplayAdapter: setDesiredDisplayModeSpecsAsync: display unique id = local:4630946652107814787, display mode specs = defaultMode=2 allowGroupSwitching=false primaryRanges=physical: (0.0 120.0) render:  (0.0 90.0) appRequestRanges=physical: (0.0 120.0) render:  (0.0 90.0) idleScreenRefreshRate=null
02-23 17:19:50.662  3819  3985 D OplusFeatureDMR[display=0]: onConfigChanged threadId=70 threadName=OplusDisplayWorkHandler physicalDisplayId=4630946652107814787 modeId=0  
02-23 17:19:50.688  3819  3985 D OplusFeatureDMR[display=0]: onConfigChanged threadId=70 threadName=OplusDisplayWorkHandler physicalDisplayId=4630946652107814787 modeId=2  
02-23 17:19:50.690  3819  3892 I DisplayDeviceRepository: Display device changed render timings: "Built-in Screen", renderFrameRate=90.0, presentationDeadlineNanos=14111110, appVsyncOffsetNanos=6555557, frameRateOverrides=[]
02-23 17:19:50.690  3819  3892 D LogicalDisplayExt: set displayInfo flag FLAG_ROTATES_WITH_CONTENT
02-23 17:19:50.690  3819  3892 D DisplayManagerService: Delivering display event: displayId=0, event=EVENT_DISPLAY_REFRESH_RATE_CHANGED
02-23 17:19:50.691  3819  3890 D WindowManager: DeferredDisplayUpdater: partially applying DisplayInfo(1264 x 2780) immediately
02-23 17:19:50.695  3819  3890 D OplusVFXScreenEffectFeature: notifySFCompatWindowStateChange entered false
02-23 17:19:50.696  3819  3890 D FSS_FoldScreenBlackCoverController: displayChangeToOn, dc:Display{#0 state=ON size=1080x2376 ROTATION_0}
02-23 17:19:50.714  3819  8526 E TaskPersister: File error accessing recents directory (directory doesn't exist?).
02-23 17:19:50.738  3819  4048 D VRR [OPlusRefreshRateService]: handleConfigIdChange physicalDisplayId: 4630946652107814787 configId: 2 renderPeriod: 11111111
02-23 17:19:50.739  3819  4048 D VRR [OPlusGameStatusManager]: updateGameState mOSyncFeatureSwitch: false mIsGamePolicy: false
02-23 17:19:50.739  3819  4048 D VRR [OPlusGameStatusManager]: updateGameAccelerationStatus pkgName: com.oplus.camera mOSyncFeatureSwitch: false mIsGamePolicy: false mHeartStop: false mHasFlickerRisk: false mForceAcceleration: false mToastReady: false enable: false
02-23 17:19:50.739  3819  4048 D VRR [OPlusExternalRefreshRateManager]:  Display refreshrate :90 , Switch to OTI-HW 
02-23 17:19:50.789  3819  4048 D VRR [OPlusSAManager]: updateAutoMinfps for 4630946652107814787 with nits: 97.84091, mHistOK true, mAmbientOK true, mCctOK true, mIrOK true, mBrightnessOK true, isPkgOK true, SA min fps: 89
02-23 17:19:51.155  3819  4716 V AlarmManager: sending alarm Alarm{1e1a5 type 1 origWhen 1771847391154 whenElapsed 182298850 android} uid 1000 whenElapsed 182298850 windowLength 0 maxWhenElapsed 182298850 repeatInterval 0 action null component null tag StorgaeBandInfoAlarmTag flags 0x9 procName system_server
02-23 17:19:51.291  3819  4048 D VRR [OPlusSAManager]: updateAutoMinfps for 4630946652107814787 with nits: 97.84091, mHistOK true, mAmbientOK true, mCctOK true, mIrOK true, mBrightnessOK true, isPkgOK true, SA min fps: 89
02-23 17:19:51.382  5843  6547 W ContextImpl: Calling a method in the system process without a qualified user: android.app.ContextImpl.sendBroadcast:1296 android.content.ContextWrapper.sendBroadcast:521 com.oplus.coex.CoexRfService.sendRrcStatusToWlan:437 com.oplus.coex.CoexRfService.-$$Nest$msendRrcStatusToWlan:0 com.oplus.coex.CoexRfService$CoexRfHandler.handleMessage:327 
02-23 17:19:51.553  3819  5426 D CompatChangeReporter: Compat change id reported: 343977174; UID 10155; state: ENABLED
02-23 17:19:51.755  3819  3892 I DisplayDeviceRepository: Display device changed render timings: "Built-in Screen", renderFrameRate=60.000004, presentationDeadlineNanos=16666666, appVsyncOffsetNanos=1000000, frameRateOverrides=[]
02-23 17:19:51.756  3819  3892 D LogicalDisplayExt: set displayInfo flag FLAG_ROTATES_WITH_CONTENT
02-23 17:19:51.756  3819  3892 D DisplayManagerService: Delivering display event: displayId=0, event=EVENT_DISPLAY_REFRESH_RATE_CHANGED
02-23 17:19:51.757  3819  3890 D WindowManager: DeferredDisplayUpdater: partially applying DisplayInfo(1264 x 2780) immediately
02-23 17:19:51.757  3819  3985 D OplusFeatureDMR[display=0]: onConfigChanged threadId=70 threadName=OplusDisplayWorkHandler physicalDisplayId=4630946652107814787 modeId=1  
02-23 17:19:51.757  3819  3890 D OplusVFXScreenEffectFeature: notifySFCompatWindowStateChange entered false
02-23 17:19:51.760  3819  3890 D FSS_FoldScreenBlackCoverController: displayChangeToOn, dc:Display{#0 state=ON size=1080x2376 ROTATION_0}
02-23 17:19:51.805  3819  4048 D VRR [OPlusRefreshRateService]: handleConfigIdChange physicalDisplayId: 4630946652107814787 configId: 1 renderPeriod: 16666666
02-23 17:19:51.806  3819  4048 D VRR [OPlusGameStatusManager]: updateGameState mOSyncFeatureSwitch: false mIsGamePolicy: false
02-23 17:19:51.806  3819  4048 D VRR [OPlusGameStatusManager]: updateGameAccelerationStatus pkgName: com.oplus.camera mOSyncFeatureSwitch: false mIsGamePolicy: false mHeartStop: false mHasFlickerRisk: false mForceAcceleration: false mToastReady: false enable: false
02-23 17:19:51.856  3819  4048 D VRR [OPlusSAManager]: updateAutoMinfps for 4630946652107814787 with nits: 97.84091, mHistOK true, mAmbientOK true, mCctOK true, mIrOK true, mBrightnessOK true, isPkgOK true, SA min fps: 119
02-23 17:19:51.967  3819  3969 D PowerManagerService: userActivityNoUpdateLocked: groupId=0, eventTime=129176785, event=touch, flags=0x0, uid=1000
02-23 17:19:51.968  3819  3969 D PowerManagerService: userActivityNoUpdateLocked: groupId=0, eventTime=129176785, event=touch, flags=0x0, uid=1000
02-23 17:19:51.986  3568  3568 D VRI[CapturePhotoActivity]: relayoutWindow result, sizeChanged:false, surfaceControlChanged:false, transformHintChanged:false, mSurfaceSize:Point(1080, 2376), mLastSurfaceSize:Point(1080, 2376), mWidth:1080, mHeight:2376, requestedWidth:1080, requestedHeight:2376, transformHint:0, installOrientation:0, displayRotation:0, isSurfaceValid:true, attr.flag:-2122316416, tmpFrames:ClientWindowFrames{frame=[0,0][1080,2376] display=[0,0][1080,2376] parentFrame=[0,0][1080,2376]}, relayoutAsync:true, mSyncSeqId:0
02-23 17:19:51.986  3568  3568 W VRI[CapturePhotoActivity]: updateBlastSurfaceIfNeeded, surfaceSize:Point(1080, 2376), lastSurfaceSize:Point(1080, 2376), format:-3, blastBufferQueue:android.graphics.BLASTBufferQueue@9784af5
02-23 17:19:51.986  3819  6085 V WindowManager: Relayout Window{296392d u0 com.oplus.camera/com.oplus.camera.component.CapturePhotoActivity}: viewVisibility=0, oldvis=0, req=1080x2376 , apr = 0, vsysui=FULLSCREEN LAYOUT_HIDE_NAVIGATION LAYOUT_FULLSCREEN IMMERSIVE_STICKY, x=0, y=0
02-23 17:19:52.016  3819  3892 I DisplayDeviceRepository: Display device changed render timings: "Built-in Screen", renderFrameRate=90.0, presentationDeadlineNanos=14111110, appVsyncOffsetNanos=6555557, frameRateOverrides=[]
