--------- beginning of system
02-23 17:12:20.338  3819  4591 D osense.compress: com.jio.myjio do shrink, target ratio = 73, final ratio = 90, cur ratio = 56
--------- beginning of main
02-23 17:12:20.390  2198 24003 E WifiHAL : WLAN_DIAG_TYPE_CONFIG - possible buffer over access, length=1480 count=16 hdr_size=8 payload len=12966
02-23 17:12:20.390  2198 24003 E WifiHAL : WLAN_DIAG_TYPE_CONFIG - possible buffer over access, length=1480 count=16 hdr_size=8 payload len=12966
02-23 17:12:20.391  2198 24003 E WifiHAL : WLAN_DIAG_TYPE_CONFIG - possible buffer over access, length=1444 count=16 hdr_size=8 payload len=12966
02-23 17:12:20.488  3819  4584 I ActivityManager: Force stopping com.mira.dating appid=10474 user=0: from pid 24866
02-23 17:12:20.496  3819  4584 I ActivityManager: Killing 21255:com.snapchat.android/u0a410 (adj 500): remove task
02-23 17:12:20.511  3819  4584 W ProcessStats: Tracking association SourceState{9a2c202 com.google.android.googlequicksearchbox:interactor/10132 BFgs #408354} whose proc state 4 is better than process ProcessState{11f5a1f com.google.android.googlequicksearchbox:search/10132 pkg=com.google.android.googlequicksearchbox} proc state 14 (5 skipped)
02-23 17:12:20.513  3819  4584 I AppsFilter: interaction: PackageSetting{3120c2 com.android.microdroid.empty_payload/10309} -> PackageSetting{ce3ffc com.mira.dating/10474} BLOCKED
02-23 17:12:20.514  3819  4584 I AppsFilter: interaction: PackageSetting{47b3a10 com.oplus.locationproxy/10200} -> PackageSetting{ce3ffc com.mira.dating/10474} BLOCKED
02-23 17:12:20.514  3819  4584 I AppsFilter: interaction: PackageSetting{c88c909 com.android.certinstaller/10243} -> PackageSetting{ce3ffc com.mira.dating/10474} BLOCKED
02-23 17:12:20.514  3819  4584 I AppsFilter: interaction: PackageSetting{974870e com.oplus.location/10260} -> PackageSetting{ce3ffc com.mira.dating/10474} BLOCKED
02-23 17:12:20.514  3819  4584 W ActivityManager: Invalid packageName: com.mira.dating
02-23 17:12:20.514  3819  4584 W ActivityManager: Invalid packageName: com.mira.dating
02-23 17:12:20.526  5640  5640 D CarrierSvcBindHelper: onHandleForceStop: [com.mira.dating]
02-23 17:12:20.526  5640  6582 D EuiccConnector: handleMessage: E msg.what=1
02-23 17:12:20.526  5640  6582 D EuiccConnector: processMsg: UnavailableState
02-23 17:12:20.527  5640  6582 W EuiccConnector: No valid EuiccService implementation found
02-23 17:12:20.527  5640  6582 D EuiccConnector: handleMessage: X
02-23 17:12:20.527  5640  5640 D CarrierSvcBindHelper: No carrier app for: 0
02-23 17:12:20.527  5640  5640 D CarrierSvcBindHelper: No carrier app for: 1
02-23 17:12:20.528  3819  4766 I system_server: AssetManager2(0xb40000729b655e28) locale list changing from [] to [en-GB]
02-23 17:12:20.528  3819  3889 D LocationManagerService: package com.mira.dating reset
02-23 17:12:20.528  3819  3819 D NotificationService--OplusNotificationManagerServiceExtImpl: notifyDelayRemovedLocked,reason:10020 isGroup:false
02-23 17:12:20.528  3819  3889 W GnssListenerMultiplexer: onPackageReset com.mira.dating
02-23 17:12:20.530  3819  4766 I system_server: AssetManager2(0xb40000729b654f28) locale list changing from [] to [en-GB]
02-23 17:12:20.531  3819  4766 I system_server: AssetManager2(0xb40000729b767328) locale list changing from [] to [en-GB]
02-23 17:12:20.532  3819  4591 I resRelease: policy type is 2
02-23 17:12:20.533  3819  4766 I system_server: AssetManager2(0xb4000072ac453c28) locale list changing from [] to [en-GB]
02-23 17:12:20.536  3819  4765 I VibrationEffectConvertor: onInputMethodListUpdated received, info.size = 4
02-23 17:12:20.537  3819  4765 I VibrationEffectConvertor: userid = 0, packageName = com.google.android.tts
02-23 17:12:20.537  3819  4765 I VibrationEffectConvertor: userid = 0, packageName = com.google.android.inputmethod.latin
02-23 17:12:20.537  3819  4765 I VibrationEffectConvertor: userid = 0, packageName = com.snapchat.android
02-23 17:12:20.537  3819  4765 I VibrationEffectConvertor: userid = 0, packageName = com.oplus.securitykeyboard
02-23 17:12:20.573  3819  3914 I libprocessgroup: Removed cgroup /sys/fs/cgroup/apps/uid_10410/pid_21255
02-23 17:12:20.573  2061  2061 I Zygote  : Process 21255 exited due to signal 9 (Killed)
02-23 17:12:20.575  2407  3759 I ClientCache: removeProcess: Cache owner=0xb400007c19598580
02-23 17:12:20.576  3819  4584 I ActivityManager: Death received, pid = 21255, processName = com.snapchat.android for thread android.os.BinderProxy@ba189f1
02-23 17:12:20.577  2407  3229 I SurfaceFlinger: [SF client] REMOVE (0xb400007bdb1798a0) for (21255:com.snapchat.android)
02-23 17:12:20.578  2834  2172 D OplusCameraService: Set async binder(tid: 2834 isEnable: 0) successfully.
02-23 17:12:20.578  2834  2172 D OplusCameraService: Set async binder(tid: 483 isEnable: 0) successfully.
02-23 17:12:20.578  2834  2172 D OplusCameraService: Set async binder(tid: 5015 isEnable: 0) successfully.
02-23 17:12:20.578  8969  8969 E InputEventReceiver: channel 'ClientState{88ab08d mUid=10410 mPid=21255 mSelfReportedDisplayId=0}' ~ Publisher closed input channel or an error occurred. events=0x9
02-23 17:12:20.580  2834  2172 D OplusCameraService: Set async binder(tid: -1 isEnable: 0) successfully.
02-23 17:12:20.580  2834  2172 I Camera2ClientBase: ~Camera2ClientBase: Client object's dtor for Camera Id 1 completed. Client was: com.snapchat.android (PID 21255, UID 10410)
02-23 17:12:20.583  3819  3902 W UserAwareMgr: event can not be released, id: 6003, count: 791, releasePid: 2834
02-23 17:12:20.583  2834  2172 E cameraserver: CameraServiceExtImpl_sm8650.cpp: 922 release UX successfully for 2172
02-23 17:12:20.583  2834  2172 I Camera3-Device: disconnectImpl: DisconnectUseUxthread:0
02-23 17:12:20.583  2834  2172 I Camera3DeviceInjectionMethods: injectionDisconnectImpl: Injection camera disconnect
02-23 17:12:20.590  3819  4858 D ConnectivityService: releasing NetworkRequest [ REQUEST id=22531, [ Capabilities: INTERNET&NOT_RESTRICTED&TRUSTED&NOT_VCN_MANAGED&NOT_BANDWIDTH_CONSTRAINED Uid: 10410 RequestorUid: 10410 RequestorPkg: com.snapchat.android UnderlyingNetworks: Null] ] (release request)
02-23 17:12:20.590  3819  4858 D ConnectivityService: releasing NetworkRequest [ REQUEST id=22449, [ Capabilities: INTERNET&NOT_RESTRICTED&TRUSTED&NOT_VCN_MANAGED&NOT_BANDWIDTH_CONSTRAINED Uid: 10410 RequestorUid: 10410 RequestorPkg: com.snapchat.android UnderlyingNetworks: Null] ] (release request)
02-23 17:12:20.594  3819  3902 I UserAwareMgr: process killed: {pkgName='com.snapchat.android', serviceName='', procName=com.snapchat.android, pid=21255, uid=10410, appId=0, owner='null', flags='bg', renderTid=21294, hwuiTids=[21318, 21319], glTids=null, threadInfos=null, mVideoActivityList=[], mStates=0}
02-23 17:12:20.594  3819  3902 I UserAwareMgr: handleProcessKilled, pkgName: com.snapchat.android, pid: 21255
02-23 17:12:20.595  3819  5368 E WindowProcessControllerExtImpl: shouldMakeAbnormalActivityFinishing, list may empty, mHasActivities: false
02-23 17:12:20.595  3819  3892 W ActivityManager: setHasOverlayUi called on unknown pid: 21255
02-23 17:12:20.598  5437  6757 V OsAgent : broadcastSystemEvent - 7
02-23 17:12:20.598  5843 11932 D ActivityAdapter: ugc uid gone, uid=10410
02-23 17:12:20.598  3819  5888 I OplusHansManager : onUidGone(), 10410 com.snapchat.android exit SM
02-23 17:12:20.598  3819  5888 I OplusHansManager : onUidGone(),  keep: 10410 com.snapchat.android alarm
02-23 17:12:20.599 29078 29177 I metis_v2_AppDiedObserver: shortcutAppDiedCallback, fenceKey = app_died_shortcut [Metis|com.oplus.metis|2.0.20-aa39d14]
02-23 17:12:20.600  3819  5672 I OplusHansManager : uid=10410, pkg=com.snapchat.android F exit SM
02-23 17:12:20.600  3819  5672 I OplusHansManager : uid=10410, pkg=com.snapchat.android F exit(), F stay=36, reason=UidGone, FrozenActionKeepProxy=false
02-23 17:12:20.600  3819  4858 D InetDiagMessage: Destroyed 0 sockets, proto=IPPROTO_TCP, family=AF_INET, states=14
02-23 17:12:20.600  3819  5672 I OplusHansManager : unfreeze uid: 10410 com.snapchat.android pids: [21255] reason: UidGone scene: LcdOn
02-23 17:12:20.600  3819  4858 D InetDiagMessage: Destroyed 0 sockets, proto=IPPROTO_TCP, family=AF_INET6, states=14
02-23 17:12:20.600  3819  4858 D InetDiagMessage: Destroyed live tcp sockets for uids={10410} in 1ms
02-23 17:12:20.601  3819  5672 I OplusHansManager : uid=10410, pkg=com.snapchat.android M exit(), M stay=0
02-23 17:12:20.601  3819  5672 I OplusHansManager : uid=10410, pkg=com.snapchat.android R exit(), R stay=0
02-23 17:12:20.601  3819  5677 I OplusHansManager : rm p_bc uid 10410, r: uidGone
02-23 17:12:20.601  3819  4858 D InetDiagMessage: Destroyed 0 sockets, proto=IPPROTO_TCP, family=AF_INET, states=14
02-23 17:12:20.602  3819  4858 D InetDiagMessage: Destroyed 0 sockets, proto=IPPROTO_TCP, family=AF_INET6, states=14
02-23 17:12:20.602  3819  4858 D InetDiagMessage: Destroyed live tcp sockets for uids={20410} in 1ms
02-23 17:12:20.603  2282  2282 E qspmHal : setAppInfoH atPid = 21255, gpuFname:com.snapchat.android, gpuFver:2695220
02-23 17:12:20.603  5843  6547 D RadioProxyJ[0]: [90614]> getRRCStatus
02-23 17:12:20.603  5843  6547 D RadioProxyJ[1]: [90615]> getRRCStatus
02-23 17:12:20.604  2822  3004 D QmiNasClient: getRRCStatus - enter
02-23 17:12:20.604  3694  3732 D QmiNasClient: getRRCStatus - enter
02-23 17:12:20.605  2822  4271 D QmiNasClient: getRRCStatus callback - enter
02-23 17:12:20.605  2822  4271 D QmiNasClient: getRRCStatus result.rsp.rrcStatusInfo.rrcStatus = 1
02-23 17:12:20.606  2822  3004 D NasProxy: handleMessage msg is 4001
02-23 17:12:20.606  2822  3004 D RadioProxy: getRRCStatus : response cb for instance 0
02-23 17:12:20.606  5843  8140 D RadioProxyJ[0]: [90614]< getRRCStatusResponse 1
02-23 17:12:20.606  3694  4275 D QmiNasClient: getRRCStatus callback - enter
02-23 17:12:20.606  3694  4275 D QmiNasClient: getRRCStatus result.rsp.rrcStatusInfo.rrcStatus = 0
02-23 17:12:20.607  3694  3732 D NasProxy: handleMessage msg is 4001
02-23 17:12:20.607  3694  3732 D RadioProxy: getRRCStatus : response cb for instance 1
02-23 17:12:20.607  5843  8140 D RadioProxyJ[1]: [90615]< getRRCStatusResponse 0
02-23 17:12:20.608  5843  6547 D CoexRfService: report RRC state:true
02-23 17:12:20.608  5843  6547 W ContextImpl: Calling a method in the system process without a qualified user: android.app.ContextImpl.sendBroadcast:1296 android.content.ContextWrapper.sendBroadcast:521 com.oplus.coex.CoexRfService.sendRrcStatusToWlan:437 com.oplus.coex.CoexRfService.-$$Nest$msendRrcStatusToWlan:0 com.oplus.coex.CoexRfService$CoexRfHandler.handleMessage:327 
02-23 17:12:20.612  3819  3819 D OplusWifiBroadCastDispatcher: mBroadcastReceiver: onReceiver  action=oplus.intent.action.WWAN_TX_STATUS
02-23 17:12:20.751  2198 24003 E WifiHAL : WLAN_DIAG_TYPE_CONFIG - possible buffer over access, length=1448 count=16 hdr_size=8 payload len=12966
02-23 17:12:20.752  2198 24003 E WifiHAL : WLAN_DIAG_TYPE_CONFIG - possible buffer over access, length=1476 count=16 hdr_size=8 payload len=12966
02-23 17:12:20.752  2198 24003 E WifiHAL : WLAN_DIAG_TYPE_CONFIG - possible buffer over access, length=1468 count=16 hdr_size=8 payload len=12966
02-23 17:12:21.032  3568  3613 W OPLUS_LOG_LOAD: ==LOGS PROG INFO, prog(com.oplus.camera) ==
02-23 17:12:21.032  3568  3613 I APS_ALOG: flushRoutine g_immediateFlush=0 g_pendingCount=0 g_oobCount=0 asan-debug7
02-23 17:12:21.039  2198 24003 E WifiHAL : WLAN_DIAG_TYPE_CONFIG - possible buffer over access, length=1460 count=16 hdr_size=8 payload len=12966
02-23 17:12:21.041  2198 24003 E WifiHAL : WLAN_DIAG_TYPE_CONFIG - possible buffer over access, length=1452 count=16 hdr_size=8 payload len=12966
02-23 17:12:21.041  2198 24003 E WifiHAL : WLAN_DIAG_TYPE_CONFIG - possible buffer over access, length=1480 count=16 hdr_size=8 payload len=12966
02-23 17:12:21.080  2822  4325 D QmiClient: qmiServiceEventCallback recv msg id 47
02-23 17:12:21.081  2822  4325 D QmiClient: enter -mServiceType 10 onQmiServiceEventCallback msgId 47
02-23 17:12:21.081  2822  4325 D QmiClient: onQmiServiceEventCallback - enter. msgId=47
02-23 17:12:21.081  2822  2960 D OttProxy: handleMessage msg is 3001
02-23 17:12:21.082  5843  8140 D SubsysRadioIndication[0]: radioLinkLatencyInfoInd
02-23 17:12:21.083  5843  8140 D SubsysRadioIndication[0]: notify enter
02-23 17:12:21.084  5843  5843 D NetworkService[0]: handleMessage what:1008
02-23 17:12:21.084  5843  5843 D NetworkService[0]: EVENT_REG_LINK_LATENCY_INFO_CHANGE ulLatency:14821
02-23 17:12:21.112  3819  4972 D OplusWifiSarManager: wifisarprop msg=11110000001010000:1:0 sar_idx=11110000001110000:1:0
02-23 17:12:21.168  2332  2490 D BatteryChargeControl: bcc get no support from charging protocol
02-23 17:12:21.375  2198 24003 E WifiHAL : WLAN_DIAG_TYPE_CONFIG - possible buffer over access, length=1460 count=16 hdr_size=8 payload len=12966
02-23 17:12:21.376  2198 24003 E WifiHAL : WLAN_DIAG_TYPE_CONFIG - possible buffer over access, length=1472 count=16 hdr_size=8 payload len=12966
02-23 17:12:21.586  2198 24003 E WifiHAL : WLAN_DIAG_TYPE_CONFIG - possible buffer over access, length=1472 count=16 hdr_size=8 payload len=12966
02-23 17:12:21.587  2198 24003 E WifiHAL : WLAN_DIAG_TYPE_CONFIG - possible buffer over access, length=1480 count=16 hdr_size=8 payload len=12966
02-23 17:12:21.589  2198 24003 E WifiHAL : WLAN_DIAG_TYPE_CONFIG - possible buffer over access, length=1460 count=16 hdr_size=8 payload len=12966
02-23 17:12:21.613  3819  4972 D OplusWifiSarManager: OplusWifiSarTxStateMonitor onStateChanged:true
02-23 17:12:21.614  3819  4972 I OplusWifiSarManager: mWifiConnected: false mWifiState: false
02-23 17:12:21.615  3819  4972 D OplusWifiSarManager: set wifi_dbs_enable to false
02-23 17:12:21.615  3819  4972 D OplusWifiSarManager: wifiBand mWifi2gState:true mWifi5gState: false mWifi5gBand:WIFI_5G_DISABLE mWifi6gBand:WIFI_5G_DISABLE
02-23 17:12:21.615  3819  4972 I OplusWifiSarManager: sar sensor state:
02-23 17:12:21.615  3819  4972 I OplusWifiSarManager: sensor index: 0, state: null
02-23 17:12:21.615  3819  4972 I OplusWifiSarManager: sensor index: 1, state: null
02-23 17:12:21.615  3819  4972 I OplusWifiSarManager: sensor index: 2, state: null
02-23 17:12:21.615  3819  4972 I OplusWifiSarManager: sensor index: 3, state: null
02-23 17:12:21.615  3819  4972 I OplusWifiSarManager: sensor index: 4, state: null
02-23 17:12:21.615  3819  4972 I OplusWifiSarManager: sensor index: 5, state: null
02-23 17:12:21.615  3819  4972 I OplusWifiSarManager: sensor index: 6, state: null
02-23 17:12:21.615  3819  4972 I OplusWifiSarManager: sensor index: 7, state: null
02-23 17:12:21.615  3819  4972 I OplusWifiSarManager: sensor index: 8, state: null
02-23 17:12:21.615  3819  4972 I OplusWifiSarManager: sensor index: 9, state: null
02-23 17:12:21.615  3819  4972 I OplusWifiSarManager: sensor index: 10, state: null
02-23 17:12:21.615  3819  4972 I OplusWifiSarManager: sensor index: 11, state: null
02-23 17:12:21.615  3819  4972 I OplusWifiSarManager: sensor index: 12, state: null
02-23 17:12:21.615  3819  4972 I OplusWifiSarManager: sensor index: 13, state: null
02-23 17:12:21.615  3819  4972 I OplusWifiSarManager: sensor index: 14, state: null
02-23 17:12:21.615  3819  4972 I OplusWifiSarManager: sensor index: 15, state: null
02-23 17:12:21.615  3819  4972 I OplusWifiSarManager: project: 23867, country: IN
02-23 17:12:21.615  3819  4972 I OplusWifiSarManager: sensor state: earpiece: 0, sensor: null, isScreenOn: true
02-23 17:12:21.615  3819  4972 I OplusWifiSarManager: modem state: mCellOn: false mDataOn: true mData5gOn: true
02-23 17:12:21.615  3819  4972 I OplusWifiSarManager: wifi state: mWifiConnected: false mWifiSapEnabled: true mWifiP2pConnected: false mWifi2gState: true mWifi5gState: false mWifi5gBand: WIFI_5G_DISABLE mWifi6gBand: WIFI_5G_DISABLE mIsBluetoothTxOn: false
02-23 17:12:21.615  3819  4972 I OplusWifiSarManager: mSta5gBand: WIFI_5G_DISABLE , mP2p5gBand: WIFI_5G_DISABLE , mSap5gBand: WIFI_5G_DISABLE , mSta6gBand: WIFI_5G_DISABLE , mP2p6gBand: WIFI_5G_DISABLE , mSap6gBand: WIFI_5G_DISABLE , wifiBand5g: WIFI_5G_DISABLE , wifiBand6g: WIFI_5G_DISABLE
02-23 17:12:21.615  3819  4972 I OplusWifiSarManager: wifisar engineerMode state: enable: false, Regdomain: , modemWorkType(2:4G, 3:5G): -1, sensorWorkType: -1, wifiChannel2.4G: -1, wifiChannel5G: -1, wifiChannel6G: -1 mWifiSarTestFoldWorkType((1=unfold,0=fold)):-1, bt work type: -1, hotspot work type: -1
02-23 17:12:21.616  3819  4972 I OplusWifiSarManager: sensor index: 13, max: 16
02-23 17:12:21.616  3819  4972 D OplusWifiSarManager:  state: 11110000001110000 country: IN
02-23 17:12:21.639  3819  4962 I [UAH_CLIENT]: UahEventAcquire, cmdid:2, pkg:none, identity:com.android.server.wm
02-23 17:12:21.639  3819  5438 W ActivityTaskManager: callingPackage for (uid=2000, pid=24895) has no WPC
02-23 17:12:21.644  3819  5438 D WindowManager: NFW_setClientVisible:ActivityRecord{33991822 u0 com.mira.dating/.MainActivity clientVisible:true
02-23 17:12:21.645  3819  5438 V GrammaticalInflectionUtils: AttributionSource: android.content.AttributionSource@53832e5e does not have READ_SYSTEM_GRAMMATICAL_GENDER permission.
02-23 17:12:21.648  3819  5438 D FlexibleTaskController: isSupportFlexibleWindow target = com.mira.dating/.MainActivity callPkg = FlexibleTaskController support = true ,caller = 3819
02-23 17:12:21.649  3819  5438 D ActivityStarterExtImpl: do not intercept for realCallingAppIsSystemApp or CallingAppIsSystemApp
02-23 17:12:21.649  3819  3902 E QosSceneRecognizer[ActivityStartScene]: notifyActivityStart get launchedFromUid failed through AppManager! launchedFromPackage: com.android.shell, pkg: com.mira.dating
02-23 17:12:21.650  3819  5438 D FlexibleWindowManagerService: isIgnoreAppearedAcrossTask:false
02-23 17:12:21.650  3819  5438 D FlexibleWindowManagerService: isIgnoreAppearedAcrossTask:false
02-23 17:12:21.650  3819  5438 D FlexibleTaskController: findSourceTaskForFreeForm: sourceRecord = null ,realCallingPid:24895 ,launchFromZoomMode:false ,prevTopTask:Task{1bda354 #5 type=home I=com.android.launcher/.Launcher}
02-23 17:12:21.650  3819  5438 D FlexibleTaskController: findSourceTaskForFreeForm: the caller is not a flexible freeform window application and does not have a zoom windowMode startup parameter
02-23 17:12:21.650  3819  5438 D FlexibleTaskController: adjustOptionsForFlexibleTask not allow options follow process task's options, reason:9 ,reusedOptions:null
02-23 17:12:21.650  3819  5438 D FlexibleTaskController: isSupportFlexibleWindow target = com.mira.dating/.MainActivity callPkg = FlexibleTaskController support = true ,caller = 3819
02-23 17:12:21.650  3819  5438 D FlexibleWindowManagerService: no reused task found for ActivityRecord{33991822 u0 com.mira.dating/.MainActivity t-1}
02-23 17:12:21.651  3819  5438 D CompactServiceDelegate: updateDecorsManagerIfNeed return because not attachToProcess task:Task{dca7045 #20737 type=standard}
02-23 17:12:21.651  3819  5438 D CompactServiceDelegate: updateDecorsManagerIfNeed return because not attachToProcess task:Task{dca7045 #20737 type=standard}
02-23 17:12:21.655  2274  2274 I [UAH_CLIENT]: UahPlatformResAcquire
02-23 17:12:21.655  2274  2274 I [UAH_CLIENT]: UahEventAcquire, cmdid:-3, pkg:2407 10479, identity:qcom-perfd
02-23 17:12:21.656  3819  5438 D SecondaryPageStartupPolicy: checkSecondaryPageStartupStatus not support sourcePackage=com.android.shell
02-23 17:12:21.656  2274  2483 E ANDR-PERF-RESOURCEQS: ANDR-PERF-RESOURCEQS: AddAndApply() 125: Resource with major=16, minor=0 not supported
02-23 17:12:21.660  3819  5438 D OplusStartingWindowManager: we don't revise window flags for third app
02-23 17:12:21.661  3819  5438 D ActivityTaskManager: validateStartingWindowTheme:  Pkg=com.mira.dating, Translucent=false, Floating=false, ShowWallpaper=false, Disable=false, LaunchSource=4, Prev=null, LaunchedFromPackage=com.android.shell
02-23 17:12:21.661  3819  5438 D ActivityTaskManager: addStartingWindow for ActivityRecord{33991822 u0 com.mira.dating/.MainActivity t20737}, mainWin=null, state=INITIALIZING, isKeyguardLocked=false, isKeyguardGoingAway=false
02-23 17:12:21.661  3819  5438 D ActivityTaskManager: getStartingWindowType: , newTask=true, taskSwitch=true, processRunning=false, allowTaskSnapshot=true, activityCreated=false, activityAllDrawn=false, snapshot exist: false
02-23 17:12:21.661  3819  5438 D ActivityRecordExtImpl: handleStartingWindowForCompactWindow origin type:2, adjustType : 2
02-23 17:12:21.661  3819  5438 D TaskOrganizerController: TaskOrganizerController.addStartingWindow: call wmshell to addStartingWindow:ActivityRecord{33991822 u0 com.mira.dating/.MainActivity t20737}
02-23 17:12:21.662  9177 15657 D ShellSubscriberWorkerThread: the first 8 bytes empty, and RestData length > 8 
02-23 17:12:21.663  3819  5438 D ActivityTrigger: ActivityTrigger activityPauseTrigger 
02-23 17:12:21.662  5472  5567 D PhoneStartingWindowTypeAlgorithm: preferredStartingWindowType newTask=true, taskSwitch=true, processRunning=false, allowTaskSnapshot=true, activityCreated=false, isSolidColorSplashScreen=false, legacySplashScreen=false, activityDrawn=false, windowless=false, topIsHome=false
02-23 17:12:21.663  5472  5567 D OplusShellStartingWindowManager: getReviseStartingWindowType not support, windowInfo is null
02-23 17:12:21.664  3819  4962 I [UAH_CLIENT]: UahEventAcquire, cmdid:1, pkg:com.mira.dating, identity:com.android.server.wm
02-23 17:12:21.664  3819  5438 D ActivityTaskManager: notifyTaskAdded, task: Task{dca7045 #20737 type=standard A=10474:com.mira.dating} trace:com.android.server.wm.RecentTasks.add:1392 com.android.server.wm.ActivityStarter.startActivityInner:3011 com.android.server.wm.ActivityStarter.startActivityUnchecked:2156 com.android.server.wm.ActivityStarter.executeRequest:1906 com.android.server.wm.ActivityStarter.execute:1004 
02-23 17:12:21.665  5472  5567 I ndroid.systemui: AssetManager2(0xb400007268b48028) locale list changing from [] to [en-GB]
02-23 17:12:21.665  5472  5547 V WindowManagerShell: Transition requested (#4136): android.os.BinderProxy@91c86ae TransitionRequestInfo { type = OPEN, triggerTask = TaskInfo{userId=0 taskId=20737 effectiveUid=10474 displayId=0 isRunning=true baseIntent=Intent { flg=0x10000000 cmp=com.mira.dating/.MainActivity mCallingUid=2000 } baseActivity=ComponentInfo{com.mira.dating/com.mira.dating.MainActivity} topActivity=ComponentInfo{com.mira.dating/com.mira.dating.MainActivity} origActivity=null realActivity=ComponentInfo{com.mira.dating/com.mira.dating.MainActivity}
02-23 17:12:21.665  5472  5547 V WindowManagerShell:  numActivities=1 lastActiveTime=181849360 supportsSplitScreenMultiWindow=true supportsMultiWindow=true supportsPocketStudioMultiWindow=true isInFlexibleEmbedded = false uid = 10474 pid = 0 resizeMode=1 isResizeable=true minWidth=-1 minHeight=-1 defaultMinSize=220 token=WCT{android.window.IWindowContainerToken$Stub$Proxy@ac28c4f} topActivityType=1 pictureInPictureParams=null shouldDockBigOverlays=false launchIntoPipHostTaskId=-1 lastParentTaskIdBeforePip=-1 displayCutoutSafeInsets=Rect(0, 120 - 0, 0)
02-23 17:12:21.665  5472  5547 V WindowManagerShell:  topActivityInfo=ActivityInfo{fafffdc com.mira.dating.MainActivity} launchCookies=[] positionInParent=Point(0, 0) parentTaskId=-1 isFocused=false isVisible=false isVisibleRequested=false isTopActivityNoDisplay=false isSleeping=false locusId=null displayAreaFeatureId=1 isTopActivityTransparent=false isActivityStackTransparent=false lastNonFullscreenBounds=Rect(276, 684 - 804, 1764) capturedLink=null capturedLinkTimestamp=0 requestedVisibleTypes=-9 topActivityRequestOpenInBrowserEducationTimestamp=0
02-23 17:12:21.665  5472  5547 V WindowManagerShell:  appCompatTaskInfo=AppCompatTaskInfo { topActivityInSizeCompat=false topActivityInOplusCompatMode=false eligibleForLetterboxEducation= false isLetterboxEducationEnabled= false isLetterboxDoubleTapEnabled= false eligibleForUserAspectRatioButton= false topActivityBoundsLetterboxed= false isFromLetterboxDoubleTap= false topActivityLetterboxVerticalPosition= -1 topActivityLetterboxHorizontalPosition= -1 topActivityLetterboxWidth=-1 topActivityLetterboxHeight=-1 topActivityAppBounds=Rect(0, 0 - 1080, 2376) isUserFullscreenOverrideEnabled=false isSystemFullscreenOverrideEnabled=false hasMinAspectRatioOverride=false topActivityLetterboxBounds=null cameraCompatTaskInfo=CameraCompatTaskInfo { freeformCameraCompatMode=inactive}} topActivityMainWindowFrame=null topActivityLetterboxInsets=Rect(0, 0 - 0, 0)
02-23 17:12:21.665  5472  5547 V WindowManagerShell:  mOplusExtraBundle = Bundle[mParcelledData.dataSize=1460]}, pipChange = null, remoteTransition = null, displayChange = null, flags = 0, debugId = 4136 }
02-23 17:12:21.665  3819  5642 V GrammaticalInflectionUtils: AttributionSource: android.content.AttributionSource@53832e5e does not have READ_SYSTEM_GRAMMATICAL_GENDER permission.
02-23 17:12:21.666  5472  5547 D ShellSplitScreen: logExit: no-op, mLoggerSessionId is null
02-23 17:12:21.666  5853  5853 W OPLUS_LOG_LOAD: ==LOGS PROG INFO, prog(com.android.launcher) ==
02-23 17:12:21.666  3819  5438 D osense.compress: notifyActivityLaunched pkgName = com.mira.dating, userId = 0
02-23 17:12:21.666  5853  5853 D PantaCard.Lnch.CardViewInfo:  getUTraceIntentContext,serviceId:536872100,cardViewInfo:100804607,extraData == null[sdk:v1.3.100-ceef8c0,app:v16.4.12]
02-23 17:12:21.666  5853  5853 I PantaCard.Lnch.AppCardImpl:  110&1000001&1_sid=536872100_rk=6ce230_sk=05b109, launch onHide, engine=pantanal.app.app_card.engine.SmartEngine@3d0c910 cardTag:110&1000001&1 lastReceiveUIDataTime:1771846864733 cardViewInfo = CardViewInfo[entrance:[launcher,type=2,hostId=1], serviceId:536872100, cardType:110, hostId:1, cardId:1000001, cardCategory:APP, cardSize:1, sizeList:[1], instantUri:, width:438, height:438, isRecommend:false, isDragging:false, initDataSize:0, policyName:, uTraceIntentContext:null, extraDataToEngineList.size:null, serviceInfo:null, extraBundle:Bundle[{}], cardLaunchInterceptor:null, cardBlurHandler:com.android.launcher3.card.CardBlurHandlerImpl@9bf5568, allowReceiveUIDataBackground:false, isLocalCard:falsecardUiDataLen:null][sdk:v1.3.100-ceef8c0,app:v16.4.12]
02-23 17:12:21.666  5853  5853 I PantaCard.Lnch.AppCardImpl:  110&1000001&1_sid=536872100_rk=6ce230,packCardAction:origin params:{life_circle=pause}[sdk:v1.3.100-ceef8c0,app:v16.4.12]
02-23 17:12:21.666  5853  5853 I PantaCard.Lnch.CardManagerProxy:  110&1000001&1_sid=536872100_rk=6ce230_sk=05b109,requestCardAction: life_circle:pause,yyypUWdyRXP5ZWa09mTkxWdvh2cgwSZ1JHd9g2Y0VmRlNmcvZEZsV3boNHIs0XZzVXYw1TZsNmcpN2XlZWastXPtFmchBHIsITPu9Wa0NWYo42bpR3YBRmchNkOu9Wa0NWYxxx[sdk:v1.3.100-ceef8c0,app:v16.4.12]
02-23 17:12:21.666  5853  5853 I PantaCard.Lnch.SmartEngineChecker:  110&1000001&1_sid=536872100_rk=6ce230,getSmartApi...[sdk:v1.3.100-ceef8c0,app:v16.4.12]
02-23 17:12:21.666  3819  5438 I ActivityTaskManager: START u0 {flg=0x10000000 xflg=0x5 cmp=com.mira.dating/.MainActivity mCallingUid=2000} with LAUNCH_SINGLE_TASK from uid 2000 (BAL_ALLOW_PERMISSION (START_ACTIVITIES_FROM_BACKGROUND permission granted)) result code=0
02-23 17:12:21.666  5853  5853 I SplitScreenManager: Attached Launcher#3caacb7 ON_PAUSE
02-23 17:12:21.666  5472  5567 D OplusShellStartingWindowManager: adjustSuggestedWindowType originType: 1, wi: StartingWindowInfo{taskId=20737 targetActivityInfo=null displayId=0 topActivityType=1 preferredStartingWindowType=28b mainWindowLayoutParams=null splashScreenThemeResId 7f130247, exi: OplusStartingWindowExtendedInfo{mAppToken=android.os.BinderProxy@42e5fba, mSupportSplashScreenPreview=false, mIsSystemApp=false, mIsExceptionListApp=false, mPreviewBitmap=null, mShouldDrawBackground=false, mForceLightMode=false, mForceNightMode=false, mNotSupportNightMode=false, mForcePreview=false, mForceBigIcon=false, mQuickStartingSurface=null, mForceSolidColorSplash=false}
02-23 17:12:21.666  5472  5567 D OplusShellStartingWindowManager: adjustSuggestedWindowType: skip no-system app and no-exception list app
02-23 17:12:21.667  5853  5853 D AnimSeqTimeStamp: resetLastLaunchTaskTime
02-23 17:12:21.667  3819  6072 D CompatChangeReporter: Compat change id reported: 377864165; UID 10474; state: ENABLED
02-23 17:12:21.667  5853  6379 I PantaCard.Lnch.ServiceManagerProxy:  requestCardAction: lifeCircle = pause, costTime = 1ms,yyy##QXp0XZzVXYw1TZsNmcpN2XlZWastXPtFmchBHLy0jbvlGdjFGKu9Wa0NWQkJXYD1jbvlGdjFGIskDMxIWNw0zaz9FMzITZjZTPrJ3XwATMycDO2MTN9QWaz9VMmEDMwADMwEjJwETM9kXZLVWdxlmbVRmchN2W6cWYUN3cl5WazVnYxxx[sdk:v1.3.100-ceef8c0,app:v16.4.12]
02-23 17:12:21.667  5853  6379 I Channel.Server[1000037].launcher.ClientProxyImpl(card_service_launcher): request, businessTag=[cardUniqueKey=110&1000001&1_sid=536872100_rk=6ce230_sk=05b109, action=CardAction(action=2,param={life_circle=pause})], shouldForceFetch=true, shouldNotify=true, this=65801039
02-23 17:12:21.667  5853  6379 I Channel.Server[1000037].launcher.AlwaysPuller: pullClient, businessTag=[cardUniqueKey=110&1000001&1_sid=536872100_rk=6ce230_sk=05b109, action=CardAction(action=2,param={life_circle=pause})], shouldForceFetch = [true] clientName = [card_service_launcher], clientConfig=ClientConfig(clientPackage='com.oplus.pantanal.ums', providerAuthority='com.oplus.pantanal.ums.cardservice.provider.CardServiceClientProvider', serviceComponent='com.oplus.pantanal.ums.cardservice.service.CardComponentService', aliveType=3, needNotify=false)
02-23 17:12:21.667  5853  7630 D PantaCard.Lnch.CardViewInfo:  getUTraceIntentContext,serviceId:536872100,cardViewInfo:100804607,extraData == null[sdk:v1.3.100-ceef8c0,app:v16.4.12]
02-23 17:12:21.667  5853  7630 I PantaCard.Lnch.SmartEngine:  110&1000001&1_sid=536872100_rk=6ce230,onInVisible card=CardViewInfo[entrance:[launcher,type=2,hostId=1], serviceId:536872100, cardType:110, hostId:1, cardId:1000001, cardCategory:APP, cardSize:1, sizeList:[1], instantUri:, width:438, height:438, isRecommend:false, isDragging:false, initDataSize:0, policyName:, uTraceIntentContext:null, extraDataToEngineList.size:null, serviceInfo:null, extraBundle:Bundle[{}], cardLaunchInterceptor:null, cardBlurHandler:com.android.launcher3.card.CardBlurHandlerImpl@9bf5568, allowReceiveUIDataBackground:false, isLocalCard:falsecardUiDataLen:null], v=com.oplus.smartengine.widget.RootConstraintLayout{700df22 VFE...C.. ........ 27,28-465,466 #1 alpha=1.0 viewInfo = }[sdk:v1.3.100-ceef8c0,app:v16.4.12]
02-23 17:12:21.667  5853  7630 D ViewApiDelegate: onInVisible, view=com.oplus.smartengine.widget.RootConstraintLayout{700df22 VFE...C.. ........ 27,28-465,466 #1 alpha=1.0 viewInfo = }, isThemeCard=false
02-23 17:12:21.667  3819  5771 I OplusAccessController: enter isIgnoreAppSwitchActivity
02-23 17:12:21.667  3819  5771 I OplusAccessController: enter isIgnoreAppSwitchActivity and intent != null
02-23 17:12:21.667  3819  5771 I OplusAccessController: enter isIgnoreAppSwitchActivity and componentName != null
02-23 17:12:21.667  3819  5771 I OplusAccessController: enter isIgnoreAppSwitchActivity and packageName&activity is not Empty
02-23 17:12:21.667  5853  5853 D ClearCardEntity: onInVisible() called with: view = com.oplus.phonemanager.cardview.optimize.ClearCardView{218e2e9 V.E...... ........ 0,0-438,438 #2 alpha=1.0 viewInfo = }
02-23 17:12:21.668  5472  5567 D WindowManager: Add to mViews: android.widget.FrameLayout{7ec6e61 V.E...... ......I. 0,0-0,0 alpha=1.0 viewInfo = },pkg= com.mira.dating
02-23 17:12:21.668  3819  5771 I AppsFilter: interaction: PackageSetting{3120c2 com.android.microdroid.empty_payload/10309} -> PackageSetting{20758ec com.mira.dating/10474} BLOCKED
02-23 17:12:21.668  5472  5791 D skia    : setRusSupported enable 1
02-23 17:12:21.668  3819  5771 I AppsFilter: interaction: PackageSetting{47b3a10 com.oplus.locationproxy/10200} -> PackageSetting{20758ec com.mira.dating/10474} BLOCKED
02-23 17:12:21.668  3819  5771 I AppsFilter: interaction: PackageSetting{c88c909 com.android.certinstaller/10243} -> PackageSetting{20758ec com.mira.dating/10474} BLOCKED
02-23 17:12:21.668  3819  5771 I AppsFilter: interaction: PackageSetting{974870e com.oplus.location/10260} -> PackageSetting{20758ec com.mira.dating/10474} BLOCKED
02-23 17:12:21.668  3819  5771 I OplusHansManager : front pkg: com.mira.dating, uid: 10474, prev pkg: com.android.launcher, prev uid: 10229
02-23 17:12:21.668  3819  5771 D RefreshRate: boostRefreshId choose max:currentRefreshRate:120.00001 targetRefreshRate:60.0 mCurrentPickRate:120.00001
02-23 17:12:21.668  3819  5771 D RefreshRate: Trigger app switch boost, ar=ActivityRecord{33991822 u0 com.mira.dating/.MainActivity t20737},currDisplayRate=120.00001,boostId=3
02-23 17:12:21.668  3819  5771 D RefreshRate: setDisplayConfigSpecs complete: targetMode={id=1, width=1264, height=2780, fps=120.00001, vsync=120.00001, synthetic=false, alternativeRefreshRates=[60.000004, 90.0], supportedHdrTypes=[1, 2, 3, 4]},srcMode={id=1, width=1264, height=2780, fps=120.00001, vsync=120.00001, synthetic=false, alternativeRefreshRates=[60.000004, 90.0], supportedHdrTypes=[1, 2, 3, 4]},sfModId=0,rate=120.00001
02-23 17:12:21.668  3819  5771 D RefreshRate: startAppSwitchBoost targetMode={id=1, width=1264, height=2780, fps=120.00001, vsync=120.00001, synthetic=false, alternativeRefreshRates=[60.000004, 90.0], supportedHdrTypes=[1, 2, 3, 4]} record=ActivityRecord{33991822 u0 com.mira.dating/.MainActivity t20737}: votes=PRIORITY_START_ANIMATION_BOOST -> Vote{mRefreshRate=120.0, mMinRefreshRate=120.0, mRequestSource=null};PRIORITY_WINDOW_REQUEST -> Vote{mRefreshRate=120.0, mMinRefreshRate=120.0, mRequestSource=null};
02-23 17:12:21.668  3819  4962 D JobSchedulerServiceExtImpl: updateOsenseRestrictMode for 1 true false
02-23 17:12:21.669  3819  5771 V SensorManager: call sensorServiceCommonInterface name: setScreenShotDisable
02-23 17:12:21.669  3819  5771 D SensorServiceExtImpl: sensorServiceCommonInterface funcName = setScreenShotDisable, flag = 0, status = 0
02-23 17:12:21.669  3819  4962 I [UAH_CLIENT]: UahEventAcquire, cmdid:1, pkg:com.mira.dating, identity:com.android.server.wm
02-23 17:12:21.669  3819  5677 D NativeFreezeManager: freezeForAppSwitchScene mAppLaunchFzDxEnable enter, mFgAppPkgname com.mira.dating
02-23 17:12:21.669  3819  5771 D ActivityTaskManager: setAppVisibility(Token{7c5039a ActivityRecord{33991822 u0 com.mira.dating/.MainActivity t20737}}, visible=true):  visible=false mVisibleRequested=false
02-23 17:12:21.669  3819  5771 D ActivityTaskManager: setVisibility(Token{7c5039a ActivityRecord{33991822 u0 com.mira.dating/.MainActivity t20737}}, visible=true) defer commitVisibility for transition collecting
02-23 17:12:21.669  3819  5771 V SensorManager: call sensorServiceCommonInterface name: setScreenShotDisable
02-23 17:12:21.669  3819  5771 D SensorServiceExtImpl: sensorServiceCommonInterface funcName = setScreenShotDisable, flag = 0, status = 0
02-23 17:12:21.669  3819  5771 D ActivityTaskManager: setAppVisibility(Token{20c9bf2 ActivityRecord{126050373 u0 com.android.launcher/.Launcher t5}}, visible=false):  visible=true mVisibleRequested=true
02-23 17:12:21.669  3819  4962 I [UAH_CLIENT]: UahEventAcquire, cmdid:1, pkg:com.mira.dating, identity:com.android.server.wm
02-23 17:12:21.669  3819  5771 D ActivityTaskManager: setVisibility(Token{20c9bf2 ActivityRecord{126050373 u0 com.android.launcher/.Launcher t5}}, visible=false) defer commitVisibility for transition collecting
02-23 17:12:21.669  2407  2407 I BpBinder: onLastStrongRef automatically unlinking death recipients: 
02-23 17:12:21.670  5472  5547 D WindowManagerShell: setLauncherKeepClearAreaHeight: visible=false, height=240
02-23 17:12:21.672  3819  5438 I AppSnapshotController: attachStartingWindow, win = Window{1b5874a u0 Splash Screen com.mira.dating}, shouldAppSnapshot = false
02-23 17:12:21.672  3819  5438 D ActivityTaskManager: attachStartingWindow: mStartingData=SplashScreenStartingData{b8717d8 removeAfterTransaction= 0}, mAssociatedTask=null, mStartingWindow=Window{1b5874a u0 Splash Screen com.mira.dating}
02-23 17:12:21.672  3819  5438 D WindowManager: attachImeScreenshotOnTargetIfNeeded, mImeHiding = false, requestedVisibleTypes = -9
02-23 17:12:21.672  3819  5438 I WindowManager: addWindow: New client android.os.BinderProxy@cc0f4b5 : window=Window{1b5874a u0 Splash Screen com.mira.dating}
02-23 17:12:21.672  3819  5438 D FlexibleTaskController: isFullToFlexibleAnimating: false
02-23 17:12:21.672  3819  5438 D WindowManager: rotation(ROTATION_0) no changed  displayId = 0, lastOrientation = 1
02-23 17:12:21.674  5472  5567 D ViewRootImplExtImpl: onDisplayChanged -1 for VRI android.view.ViewRootImpl@c208f9d
02-23 17:12:21.677  5472  5576 D ShellStartingWindow: getWindowAttrs SplashScreenWindowAttrs{ mWindowBgResId: 1060070, mWindowBgColor: ffff6b6b, mWindowBgImage: false, mSplashScreenIcon: true, mBrandingImage: false, mIconBgColor: 0, uiMode: 0}
02-23 17:12:21.677  5472  5576 I ShellStartingWindow: makeSplashScreenContentView themeBGColor: ffff6b6b, isDark: false, last config hash: -1807904879
02-23 17:12:21.677  5472  5576 D ShellStartingWindow: SplashScreenView build mIconBgColor:0, mThemeColor:-38037
02-23 17:12:21.677  3819  5360 I Osense-BaseDecisionMaker: notifySceneToAthenaPolicy: SCENE_APP_SWITCH, bundle: Bundle[{prevPkgName=com.android.launcher, curUid=10474, isGame=false, curPkgName=com.mira.dating, prevUid=10229}]
02-23 17:12:21.677  5472  5576 D ShellStartingWindow: inconsize = 576
02-23 17:12:21.677  3819  5360 I Osense-BaseDecisionMaker: scene: SCENE_APP_SWITCH, excutingPolicy: freezer
02-23 17:12:21.677  3819  5360 D Osense-BaseDecisionMaker: invoke freezer policy,type: fast
02-23 17:12:21.677  3819  5683 I OPM-Process: resume pkg: com.mira.dating, uid:10474, prev pkg: com.android.launcher, prev uid: 10229
02-23 17:12:21.678  3819  4048 D RefreshRate: do setDisplayConfigSpecs  
02-23 17:12:21.678  2407  3759 D SurfaceFlinger: VRR [SurfaceFlinger] setDesiredDisplayModeSpecs, from process 3819, 0, 0, primaryRanges = [ 120.000008, 120.000008, 120.000008, 120.000008 ], appRequestRanges = [ 120.000008, 120.000008, 120.000008 120.000008 ]
02-23 17:12:21.678  3819  4960 D osense-blo: [0, false] [0, false] [0, false] 
02-23 17:12:21.678  2407  2407 I RefreshRateSelector: Display 4630946652107814787 policy changed
02-23 17:12:21.678  2407  2407 I RefreshRateSelector: Previous: {defaultModeId=0, allowGroupSwitching=false, primaryRanges={physical=[0.00 Hz, 120.00 Hz], render=[0.00 Hz, 120.00 Hz]}, appRequestRanges={physical=[0.00 Hz, 120.00 Hz], render=[0.00 Hz, 120.00 Hz]} idleScreenConfig=nullptr}
02-23 17:12:21.678  2407  2407 I RefreshRateSelector: Current:  DisplayManagerPolicy{defaultModeId=0, allowGroupSwitching=false, primaryRanges={physical=[120.00 Hz, 120.00 Hz], render=[120.00 Hz, 120.00 Hz]}, appRequestRanges={physical=[120.00 Hz, 120.00 Hz], render=[120.00 Hz, 120.00 Hz]} idleScreenConfig=nullptr}
02-23 17:12:21.678  2407  2407 I RefreshRateSelector: 0 mode changes were performed under the previous policy
02-23 17:12:21.678  2407  2407 D SurfaceFlinger: VRR [SurfaceFlinger] applyRefreshRateSelectorPolicy: 0 (120.00 Hz), policy: {defaultModeId=0, allowGroupSwitching=false, primaryRanges={physical=[120.00 Hz, 120.00 Hz], render=[120.00 Hz, 120.00 Hz]}, appRequestRanges={physical=[120.00 Hz, 120.00 Hz], render=[120.00 Hz, 120.00 Hz]} idleScreenConfig=nullptr}
02-23 17:12:21.678  2407  2407 D SurfaceFlinger: VRR [SurfaceFlinger] setDesiredActiveMode: displayId: 4630946652107814787, renderRate: 120, vsyncRate: 120, event: 1
02-23 17:12:21.678  2407  2407 D DisplayModeController: setDesiredMode 4630946652107814787 {mode={fps=120.00 Hz, modePtr={id=0, vsyncRate=120.00 Hz, peakRefreshRate=120.00 Hz}}, emitEvent=true, force=false}
02-23 17:12:21.678  2407  3177 D VRR [OTI]: handleIdle from 1 to 0
02-23 17:12:21.678  2407  3177 D VRR [OTI-HW]: isStateReady 0
02-23 17:12:21.678  2407  3177 D VRR [OTI-HW]: keep rate.
02-23 17:12:21.678  2407  3177 D VRR [OTI-ADFR]: targetRate change from 60 to 0
02-23 17:12:21.678  2407  3177 D VRR [RefreshRateDirector]: requestRefreshRateByOti insert [ oti-adfr, {fps=0, modePtr={id=0, vsyncRate=120.00 Hz, peakRefreshRate=120.00 Hz}} ]
02-23 17:12:21.678  2407  3177 I VRR-[OPlusRefreshRateSelector]: setIdleModeExternal success, idle fps: 0
02-23 17:12:21.678  3819  4048 D DisplayModeDirector: setAppRequest displayId : 0  modeId: 1  requestedRefreshRate: 120.00001  requestedMinRefreshRateRange: 120.00001  requestedMaxRefreshRateRange: 120.00001
02-23 17:12:21.679  3819  4048 D VRR [OPlusRefreshRateService]:  setDirectorStates [flag: 1, state: 1, directorStateOff: 1]
02-23 17:12:21.679  2237  2901 I SDM     : DisplayBuiltIn::SetQSyncModeLocked: VRR + update qsync mode 0 minfps 00C20080
02-23 17:12:21.679  2237  2901 I SDM     : HWDeviceDRM::OPlusIsQSyncMinFpsForAuto: VRR +  OPlusIsQSyncMinFpsForAuto: 1
02-23 17:12:21.679  2237  2901 I SDM     : DisplayBuiltIn::SetQSyncModeLocked: VRR + needs_avr_update_ 0
02-23 17:12:21.679  2407  3229 D VRR [RefreshRateDirector]: updateState mState = 0
02-23 17:12:21.679  8261 22592 I Channel.Client[1000037].ums.ChannelClientProvider: call, has RESULT_COMMAND_LIST in extras, clientProxy=com.oplus.channel.client.ClientProxy@a5491a1, clientName=card_service_launcher, method=pull
02-23 17:12:21.680  5853  6379 I Channel.Server[1000037].launcher.AlwaysPuller: pullClient, businessTag=[cardUniqueKey=110&1000001&1_sid=536872100_rk=6ce230_sk=05b109, action=CardAction(action=2,param={life_circle=pause})], clientName=[card_service_launcher] result=[Bundle[{consumed=true, call_result=0}]]
02-23 17:12:21.680  3819  5888 W OplusHansManager : Failed to notify phone app uid : not register
02-23 17:12:21.681  8261  8763 I CardService[1006140].ClientImpl: request: cardAction = Action(shouldForceFetch=false, shouldNotify=true, action=2, extraParams={life_circle=pause, service_instance_id=, card_unique_key=110&1000001&1_sid=536872100_rk=6ce230_sk=05b109, is_support_multi_instance=false})
02-23 17:12:21.681  2274  2495 I [UAH_CLIENT]: UahPlatformResAcquire
02-23 17:12:21.681  2274  2495 I [UAH_CLIENT]: UahEventAcquire, cmdid:-3, pkg:2407 10476, identity:qcom-perfd
02-23 17:12:21.681  8261  8763 I CardService[1006140].UiDataChannelPolicy: [110&1000001&1_sid=536872100_rk=6ce230_sk=05b109] request: cardAction = {life_circle=pause, service_instance_id=, card_unique_key=110&1000001&1_sid=536872100_rk=6ce230_sk=05b109, is_support_multi_instance=false}
02-23 17:12:21.682  3819  5888 I OplusHansManager : FastFreeze enter, freeze uids: [10345]
02-23 17:12:21.682  3819  5888 I OplusHansManager : enter FastFreezer, frontApp: 10474, frozen uids: [10345], important uids: {}, reason: osense
02-23 17:12:21.683  2274  2483 E ANDR-PERF-RESOURCEQS: ANDR-PERF-RESOURCEQS: AddAndApply() 125: Resource with major=16, minor=41 not supported
02-23 17:12:21.684  2407  2407 I VRR [AVT]: setFrameRate with [0, oti-adfr]
02-23 17:12:21.684  2407  2407 D VRR-[OPlusVSyncReactor]: Set Avt Period and update immediately with period 0.
02-23 17:12:21.684  2407  2407 I VRR-[OPlusRefreshRateSelector]: updateDispTePeriod magic_mode: 5a878000, fps: 120
02-23 17:12:21.684  2237  2901 I SDM     : DisplayBuiltIn::SetQSyncModeLocked: VRR + update qsync mode 0 high_precision_fps 00878000
02-23 17:12:21.684  2237  2901 I SDM     : HWDeviceDRM::OPlusIsQSyncMinFpsForAuto: VRR +  OPlusIsQSyncMinFpsForAuto: 1
02-23 17:12:21.684  2237  2901 I SDM     : DisplayBuiltIn::SetQSyncModeLocked: VRR + needs_avr_update_ 0
02-23 17:12:21.684  2274  2483 E ANDR-PERF-RESOURCEQS: ANDR-PERF-RESOURCEQS: AddAndApply() 125: Resource with major=16, minor=0 not supported
02-23 17:12:21.684  2274 26554 I [UAH_CLIENT]: UahRelease, handle:165121
02-23 17:12:21.684  3819  3985 D OplusFeatureDMR[display=0]: onConfigChanged threadId=70 threadName=OplusDisplayWorkHandler physicalDisplayId=4630946652107814787 modeId=0  
02-23 17:12:21.685  2274 24901 I [UAH_CLIENT]: UahRelease, handle:165154
02-23 17:12:21.685  2237  2612 I SDM     : HWDeviceDRM::OPlusIsQSyncMinFpsForAuto: VRR +  OPlusIsQSyncMinFpsForAuto: 1
02-23 17:12:21.685  2237  2612 E SDM     : DRMConnector::Perform: Connector 69: Setting Qsync min fps 12714112
02-23 17:12:21.685  2237  2612 E SDM     : DRMConnector::Perform: Connector 69: Setting high_precision_fps 8880128
02-23 17:12:21.686  3819  4765 I VibrationEffectConvertor: onInputMethodListUpdated received, info.size = 4
02-23 17:12:21.686  3819  4765 I VibrationEffectConvertor: userid = 0, packageName = com.google.android.tts
02-23 17:12:21.686  3819  4765 I VibrationEffectConvertor: userid = 0, packageName = com.google.android.inputmethod.latin
02-23 17:12:21.686  3819  4765 I VibrationEffectConvertor: userid = 0, packageName = com.snapchat.android
02-23 17:12:21.686  3819  4765 I VibrationEffectConvertor: userid = 0, packageName = com.oplus.securitykeyboard
02-23 17:12:21.686  3819  5438 I InputDispatcher: updateFocusedWindow,  on display 0, reason: NO_WINDOW, result:   FocusedWindows: <none>
02-23 17:12:21.686  5853  5853 D VRI[Launcher]: onFocusEvent false
02-23 17:12:21.686  5472  5567 E OplusBracketLog: [OplusViewMirrorManager] updateHostViewRootIfNeeded, not support android.view.ViewRootImpl@c208f9d
02-23 17:12:21.686  5472  5567 D ViewRootImplExtImpl: wrapConfigInfoIntoFlags rotation=0, smallestScreenWidthDp=0, residentWS=false, scenario=0, bounds=Rect(0, 0 - 1080, 2376), relayoutAsync=false, flags=0, newFlags=1245708288, title=Splash Screen com.mira.dating
02-23 17:12:21.686  3819  5438 D CoreBackPreview: Window{1b5874a u0 Splash Screen com.mira.dating}: Setting back callback OnBackInvokedCallbackInfo{mCallback=android.window.IOnBackInvokedCallback$Stub$Proxy@25c2708, mPriority=0, mIsAnimationCallback=false, mOverrideBehavior=0}
02-23 17:12:21.687  3819  4582 V WindowManager: Relayout Window{1b5874a u0 Splash Screen com.mira.dating}: viewVisibility=0, oldvis=0, req=1080x2376 , apr = 0, vsysui=, x=0, y=0
02-23 17:12:21.687  3819  4582 I WindowManager: Window{1b5874a u0 Splash Screen com.mira.dating} state from NO_SURFACE to DRAW_PENDING; reason: resetDrawState
02-23 17:12:21.687  5472  5547 D ZoomController: onTaskMovedToFront, task id:20737
02-23 17:12:21.687  5472  5547 I ZoomUiController: FloatHandle-isFloatHandleShow mPackageName = null
02-23 17:12:21.688  8261  8922 I CardService[1006140].CardServiceImpl: [110&1000001&1_sid=536872100_rk=6ce230_sk=05b109] requestCardAction, action = {life_circle=pause, service_instance_id=, card_unique_key=110&1000001&1_sid=536872100_rk=6ce230_sk=05b109, is_support_multi_instance=false}, card = Card(cardIdentify=CardIdentify(cardIndex=1000001, cardType=110, hostId=1, cardCreateType=1, cardEntrance=2))
02-23 17:12:21.688  8261  8922 I CardService[1006140].CardDataChannelImpl: [110&1000001&1_sid=536872100_rk=6ce230] requestCardAction, action = 2, extras = {life_circle=pause, service_instance_id=, card_unique_key=110&1000001&1_sid=536872100_rk=6ce230_sk=05b109, is_support_multi_instance=false}, protocol=1, shouldForceFetch=true, shouldNotify=true
02-23 17:12:21.688  8261  8922 I Channel.Server[1000037].ums.ClientProxyImpl(onemanager.idleoptimize.CardDataProvider): request, businessTag=[110&1000001&1_sid=536872100_rk=6ce230], extra = [pause, , 110&1000001&1_sid=536872100_rk=6ce230_sk=05b109, false], shouldForceFetch=true, shouldNotify=true, this=233077507
02-23 17:12:21.688  3819  4582 D DisplayModeDirector: setAppRequest displayId : 0  modeId: 1  requestedRefreshRate: 0.0  requestedMinRefreshRateRange: 0.0  requestedMaxRefreshRateRange: 120.00001
02-23 17:12:21.689  3819  5438 W SurfaceFlingerPuller: Failed to pull atom 150134 from surfaceflinger. Success is 0, binder status is EX_NONE
02-23 17:12:21.689  3819  4582 D WindowManager: NFW_findFocusedWindowIfNeeded:null mCurrentFocus:Window{7964ea8 u0 com.android.launcher/com.android.launcher.Launcher}
02-23 17:12:21.689  3819  4582 V WindowManager: Changing focus from Window{7964ea8 u0 com.android.launcher/com.android.launcher.Launcher} to null,diplayid=0
02-23 17:12:21.690  3819  5438 V GrammaticalInflectionUtils: AttributionSource: android.content.AttributionSource@3174679e does not have READ_SYSTEM_GRAMMATICAL_GENDER permission.
02-23 17:12:21.690  2060  2086 E statsd  : Stats puller failed for tag: 150134 at 181849383942441
02-23 17:12:21.690  5472  5567 W VRI[dating]: updateBlastSurfaceIfNeeded, surfaceSize:Point(1080, 2376), lastSurfaceSize:Point(0, 0), format:-3, blastBufferQueue:null
02-23 17:12:21.690  5472  5567 D BufferQueueConsumer: [](id:1560000014a3,api:0,p:-1,c:5472) connect: controlledByApp=false
02-23 17:12:21.691  5472  5567 D BufferQueueConsumer: [VRI[dating]#5160(BLAST Consumer)5160](id:1560000014a3,api:0,p:-1,c:5472) setMaxAcquiredBufferCount: 2
02-23 17:12:21.691  3819  4927 D BackgroundInstallControlService: Package event received: 0
02-23 17:12:21.692  5472  5791 D HWUI    : createSurface new attribs array
02-23 17:12:21.692  5472  5791 D libEGL  : this is from skia gles
02-23 17:12:21.692  5472  5791 D BufferQueueProducer: [VRI[dating]#5160(BLAST Consumer)5160](id:1560000014a3,api:1,p:5472,c:5472) connect: api=1 producerControlledByApp=true
02-23 17:12:21.692  5472  5567 I SurfaceControl:  setExtendedRangeBrightness sc=Surface(name=Splash Screen com.mira.dating)/@0x461180c,currentBufferRatio=1.0,desiredRatio=1.0
02-23 17:12:21.691  2061  2061 D Zygote  : Forked child process 24910
02-23 17:12:21.696  5853  5853 D OplusSystemUINavigationGesture: packageName: com.android.launcher, systemGestureExclusionChanged region=SkRegion() list:
02-23 17:12:21.696  5472  5791 D BLASTBufferQueue: [VRI[dating]#5160](f:0,a:1) acquireNextBufferLocked size=1080x2376 mFrameNumber=1 applyTransaction=true mTimestamp=128726520530216(auto) mPendingTransactions.size=0 graphicBufferId=23502061255905 transform=0
02-23 17:12:21.697  2274 10447 E ANDR-PERF-LM: MetaMeter: handleAsync() 166: AdaptLaunch Invalid Async
