02-23 17:12:22.464  3819  3902 D UserAwareMgr: createNativeProcessInfoIfNecessary :{pkgName='', serviceName='cameraserver_sys', procName=cameraserver_sys, pid=2834, uid=1047, appId=0, owner='cameraserver_sys', flags='', renderTid=0, hwuiTids=null, glTids=null, threadInfos={cameraservice={threadName='cameraservice', tid=3077, reporterPid=2834, currentThreadCount=16, maxThreadCount=16, extendTids=[5015, 9991, 2834, 483, 8332, 2172, 8738, 8740, 8743, 9053, 9056, 9852, 9854, 21614, 21616]}}, mVideoActivityList=[], mStates=0} request ReportRequest{mCallingUid=1047, mCallingPid=2834, mThreadName='cameraservice', mProcessName='cameraserver_sys', mPid=2834, mTid=2172, mEventId=6003} processName cameraserver_sys
02-23 17:12:22.464  3819  3902 E UserAwareMgr: thread exist: {threadName='cameraservice', tid=3077, reporterPid=2834, currentThreadCount=16, maxThreadCount=16, extendTids=[5015, 9991, 2834, 483, 8332, 2172, 8738, 8740, 8743, 9053, 9056, 9852, 9854, 21614, 21616]}
02-23 17:12:22.465  2834  2172 I AttributionAndPermissionUtils: checkPermission (forDataDelivery 0 startDataDelivery 0): Permission hard denied for client attribution [uid 10474, pid 24910, packageName "<unknown>"]
02-23 17:12:22.467 24910 25056 I OplusCameraManagerGlobal: setClientInfo, packageName: com.mira.dating, uid: 10474, pid: 24910
02-23 17:12:22.468  2834  2172 I AttributionAndPermissionUtils: checkPermission (forDataDelivery 0 startDataDelivery 0): Permission hard denied for client attribution [uid 10474, pid 24910, packageName "<unknown>"]
02-23 17:12:22.469 24910 24910 W VRI[MainActivity]: performTraversals: cancelAndRedraw, mLastPerformTraversalsSkipDrawReasonpredraw_expo.modules.splashscreen.SplashScreenManager$registerOnActivity$1
02-23 17:12:22.469 24910 25056 D Camera2CameraCoordinator: Updated concurrent camera map: {0=[1], 1=[0]}
02-23 17:12:22.469 24910 25056 I OplusCameraManagerGlobal: setClientInfo, packageName: com.mira.dating, uid: 10474, pid: 24910
02-23 17:12:22.472 24910 25056 I OplusCameraManagerGlobal: setClientInfo, packageName: com.mira.dating, uid: 10474, pid: 24910
02-23 17:12:22.473  2834  2172 I AttributionAndPermissionUtils: checkPermission (forDataDelivery 0 startDataDelivery 0): Permission hard denied for client attribution [uid 10474, pid 24910, packageName "<unknown>"]
02-23 17:12:22.473 24910 25056 I OplusCameraManagerGlobal: setClientInfo, packageName: com.mira.dating, uid: 10474, pid: 24910
02-23 17:12:22.474  2834  2172 I AttributionAndPermissionUtils: checkPermission (forDataDelivery 0 startDataDelivery 0): Permission hard denied for client attribution [uid 10474, pid 24910, packageName "<unknown>"]
02-23 17:12:22.474 24910 25056 D Camera2CameraFactory: Updated available camera list: [] -> [0, 1, 2, 3]
02-23 17:12:22.477  2198 24003 E WifiHAL : WLAN_DIAG_TYPE_CONFIG - possible buffer over access, length=1464 count=16 hdr_size=8 payload len=12966
02-23 17:12:22.478 24910 25056 D CameraRepository: Added camera: 0
02-23 17:12:22.478  2198 24003 E WifiHAL : WLAN_DIAG_TYPE_CONFIG - possible buffer over access, length=1444 count=16 hdr_size=8 payload len=12966
02-23 17:12:22.478  2198 24003 E WifiHAL : WLAN_DIAG_TYPE_CONFIG - possible buffer over access, length=1472 count=16 hdr_size=8 payload len=12966
02-23 17:12:22.480 24910 25056 D CameraQuirks: camera2 CameraQuirks = 
02-23 17:12:22.480 24910 24910 W VRI[MainActivity]: performTraversals: cancelAndRedraw, mLastPerformTraversalsSkipDrawReasonpredraw_expo.modules.splashscreen.SplashScreenManager$registerOnActivity$1
02-23 17:12:22.481 24910 25026 W unknown:BridgelessReact: ReactHost{0}.getOrCreateReactInstanceTask(): Loading JS Bundle
02-23 17:12:22.482 24910 25026 W unknown:BridgelessReact: ReactHost{0}.handleHostException(message = "Unable to load script.
02-23 17:12:22.482 24910 25026 W unknown:BridgelessReact: 
02-23 17:12:22.482 24910 25026 W unknown:BridgelessReact: Make sure you're running Metro or that your bundle 'index.android.bundle' is packaged correctly for release.
02-23 17:12:22.482 24910 25026 W unknown:BridgelessReact: 
02-23 17:12:22.482 24910 25026 W unknown:BridgelessReact: The device must either be USB connected (with bundler set to "localhost:8081") or be on the same Wi-Fi network as your computer (with bundler set to your computer IP) to connect to Metro.
02-23 17:12:22.482 24910 25026 W unknown:BridgelessReact: 
02-23 17:12:22.482 24910 25026 W unknown:BridgelessReact: If you're using USB on a physical device, make sure you also run this command:
02-23 17:12:22.482 24910 25026 W unknown:BridgelessReact:   adb reverse tcp:8081 tcp:8081")
02-23 17:12:22.483 24910 25026 E unknown:ReactNative: Exception in native call
02-23 17:12:22.483 24910 25026 E unknown:ReactNative: java.lang.RuntimeException: Unable to load script.
02-23 17:12:22.483 24910 25026 E unknown:ReactNative: 
02-23 17:12:22.483 24910 25026 E unknown:ReactNative: Make sure you're running Metro or that your bundle 'index.android.bundle' is packaged correctly for release.
02-23 17:12:22.483 24910 25026 E unknown:ReactNative: 
02-23 17:12:22.483 24910 25026 E unknown:ReactNative: The device must either be USB connected (with bundler set to "localhost:8081") or be on the same Wi-Fi network as your computer (with bundler set to your computer IP) to connect to Metro.
02-23 17:12:22.483 24910 25026 E unknown:ReactNative: 
02-23 17:12:22.483 24910 25026 E unknown:ReactNative: If you're using USB on a physical device, make sure you also run this command:
02-23 17:12:22.483 24910 25026 E unknown:ReactNative:   adb reverse tcp:8081 tcp:8081
02-23 17:12:22.483 24910 25026 E unknown:ReactNative: 	at com.facebook.react.runtime.ReactInstance.loadJSBundleFromAssets(Native Method)
02-23 17:12:22.483 24910 25026 E unknown:ReactNative: 	at com.facebook.react.runtime.ReactInstance.access$loadJSBundleFromAssets(ReactInstance.kt:85)
02-23 17:12:22.483 24910 25026 E unknown:ReactNative: 	at com.facebook.react.runtime.ReactInstance$loadJSBundle$1.loadScriptFromAssets(ReactInstance.kt:314)
02-23 17:12:22.483 24910 25026 E unknown:ReactNative: 	at com.facebook.react.bridge.JSBundleLoader$Companion$createAssetLoader$1.loadScript(JSBundleLoader.kt:33)
02-23 17:12:22.483 24910 25026 E unknown:ReactNative: 	at com.facebook.react.runtime.ReactInstance.loadJSBundle(ReactInstance.kt:293)
02-23 17:12:22.483 24910 25026 E unknown:ReactNative: 	at com.facebook.react.runtime.ReactHostImpl.getOrCreateReactInstanceTask$lambda$41$lambda$38(ReactHostImpl.kt:939)
02-23 17:12:22.483 24910 25026 E unknown:ReactNative: 	at com.facebook.react.runtime.ReactHostImpl.$r8$lambda$LQY77bFECGrnkUqd7Ku55sJ721A(Unknown Source:0)
02-23 17:12:22.483 24910 25026 E unknown:ReactNative: 	at com.facebook.react.runtime.ReactHostImpl$$ExternalSyntheticLambda22.then(D8$$SyntheticClass:0)
02-23 17:12:22.483 24910 25026 E unknown:ReactNative: 	at com.facebook.react.runtime.internal.bolts.Task$Companion.completeImmediately$lambda$3(Task.kt:356)
02-23 17:12:22.483 24910 25026 E unknown:ReactNative: 	at com.facebook.react.runtime.internal.bolts.Task$Companion.$r8$lambda$b7MTC0ufkn_2TjF4BGcNqGR9qK0(Unknown Source:0)
02-23 17:12:22.483 24910 25026 E unknown:ReactNative: 	at com.facebook.react.runtime.internal.bolts.Task$Companion$$ExternalSyntheticLambda3.run(D8$$SyntheticClass:0)
02-23 17:12:22.483 24910 25026 E unknown:ReactNative: 	at com.facebook.react.runtime.internal.bolts.Executors$ImmediateExecutor.execute(Executors.kt:41)
02-23 17:12:22.483 24910 25026 E unknown:ReactNative: 	at com.facebook.react.runtime.internal.bolts.Task$Companion.completeImmediately(Task.kt:354)
02-23 17:12:22.483 24910 25026 E unknown:ReactNative: 	at com.facebook.react.runtime.internal.bolts.Task$Companion.access$completeImmediately(Task.kt:250)
02-23 17:12:22.483 24910 25026 E unknown:ReactNative: 	at com.facebook.react.runtime.internal.bolts.Task.continueWith(Task.kt:132)
02-23 17:12:22.483 24910 25026 E unknown:ReactNative: 	at com.facebook.react.runtime.internal.bolts.Task.continueWith$default(Task.kt:117)
02-23 17:12:22.483 24910 25026 E unknown:ReactNative: 	at com.facebook.react.runtime.internal.bolts.Task.onSuccess$lambda$12(Task.kt:174)
02-23 17:12:22.483 24910 25026 E unknown:ReactNative: 	at com.facebook.react.runtime.internal.bolts.Task.$r8$lambda$l0wwo5AvbHxlwfI1R7CH_codxoo(Unknown Source:0)
02-23 17:12:22.483 24910 25026 E unknown:ReactNative: 	at com.facebook.react.runtime.internal.bolts.Task$$ExternalSyntheticLambda2.then(D8$$SyntheticClass:0)
02-23 17:12:22.483 24910 25026 E unknown:ReactNative: 	at com.facebook.react.runtime.internal.bolts.Task$Companion.completeAfterTask$lambda$5(Task.kt:390)
02-23 17:12:22.483 24910 25026 E unknown:ReactNative: 	at com.facebook.react.runtime.internal.bolts.Task$Companion.$r8$lambda$IPpysnehFwANEiW061YzapkMdoE(Unknown Source:0)
02-23 17:12:22.483 24910 25026 E unknown:ReactNative: 	at com.facebook.react.runtime.internal.bolts.Task$Companion$$ExternalSyntheticLambda4.run(D8$$SyntheticClass:0)
02-23 17:12:22.483 24910 25026 E unknown:ReactNative: 	at java.util.concurrent.ThreadPoolExecutor.runWorker(ThreadPoolExecutor.java:1154)
02-23 17:12:22.483 24910 25026 E unknown:ReactNative: 	at java.util.concurrent.ThreadPoolExecutor$Worker.run(ThreadPoolExecutor.java:652)
02-23 17:12:22.483 24910 25026 E unknown:ReactNative: 	at java.lang.Thread.run(Thread.java:1564)
02-23 17:12:22.483 24910 25026 W unknown:BridgelessReact: ReactHost{0}.getOrCreateDestroyTask()
02-23 17:12:22.483 24910 25026 W unknown:BridgelessReact: ReactHost{0}.raiseSoftException(getOrCreateDestroyTask()): handleHostException(message = "Unable to load script.
02-23 17:12:22.483 24910 25026 W unknown:BridgelessReact: 
02-23 17:12:22.483 24910 25026 W unknown:BridgelessReact: Make sure you're running Metro or that your bundle 'index.android.bundle' is packaged correctly for release.
02-23 17:12:22.483 24910 25026 W unknown:BridgelessReact: 
02-23 17:12:22.483 24910 25026 W unknown:BridgelessReact: The device must either be USB connected (with bundler set to "localhost:8081") or be on the same Wi-Fi network as your computer (with bundler set to your computer IP) to connect to Metro.
02-23 17:12:22.483 24910 25026 W unknown:BridgelessReact: 
02-23 17:12:22.483 24910 25026 W unknown:BridgelessReact: If you're using USB on a physical device, make sure you also run this command:
02-23 17:12:22.483 24910 25026 W unknown:BridgelessReact:   adb reverse tcp:8081 tcp:8081")
02-23 17:12:22.484 24910 25026 E unknown:ReactHost: Unhandled SoftException
02-23 17:12:22.484 24910 25026 E unknown:ReactHost: com.facebook.react.bridge.ReactNoCrashSoftException: raiseSoftException(getOrCreateDestroyTask()): handleHostException(message = "Unable to load script.
02-23 17:12:22.484 24910 25026 E unknown:ReactHost: 
02-23 17:12:22.484 24910 25026 E unknown:ReactHost: Make sure you're running Metro or that your bundle 'index.android.bundle' is packaged correctly for release.
02-23 17:12:22.484 24910 25026 E unknown:ReactHost: 
02-23 17:12:22.484 24910 25026 E unknown:ReactHost: The device must either be USB connected (with bundler set to "localhost:8081") or be on the same Wi-Fi network as your computer (with bundler set to your computer IP) to connect to Metro.
02-23 17:12:22.484 24910 25026 E unknown:ReactHost: 
02-23 17:12:22.484 24910 25026 E unknown:ReactHost: If you're using USB on a physical device, make sure you also run this command:
02-23 17:12:22.484 24910 25026 E unknown:ReactHost:   adb reverse tcp:8081 tcp:8081")
02-23 17:12:22.484 24910 25026 E unknown:ReactHost: 	at com.facebook.react.runtime.ReactHostImpl.raiseSoftException(ReactHostImpl.kt:787)
02-23 17:12:22.484 24910 25026 E unknown:ReactHost: 	at com.facebook.react.runtime.ReactHostImpl.getOrCreateDestroyTask(ReactHostImpl.kt:1311)
02-23 17:12:22.484 24910 25026 E unknown:ReactHost: 	at com.facebook.react.runtime.ReactHostImpl.destroy$lambda$10(ReactHostImpl.kt:473)
02-23 17:12:22.484 24910 25026 E unknown:ReactHost: 	at com.facebook.react.runtime.ReactHostImpl.$r8$lambda$vrU67S1pce6ypI1MpEJ0yfM09iA(Unknown Source:0)
02-23 17:12:22.484 24910 25026 E unknown:ReactHost: 	at com.facebook.react.runtime.ReactHostImpl$$ExternalSyntheticLambda35.call(D8$$SyntheticClass:0)
02-23 17:12:22.484 24910 25026 E unknown:ReactHost: 	at com.facebook.react.runtime.internal.bolts.Task$Companion.call$lambda$2(Task.kt:315)
02-23 17:12:22.484 24910 25026 E unknown:ReactHost: 	at com.facebook.react.runtime.internal.bolts.Task$Companion.$r8$lambda$MFqd_-X5KhHmu0hvNE2Bec_4mJM(Unknown Source:0)
02-23 17:12:22.484 24910 25026 E unknown:ReactHost: 	at com.facebook.react.runtime.internal.bolts.Task$Companion$$ExternalSyntheticLambda1.run(D8$$SyntheticClass:0)
02-23 17:12:22.484 24910 25026 E unknown:ReactHost: 	at java.util.concurrent.ThreadPoolExecutor.runWorker(ThreadPoolExecutor.java:1154)
02-23 17:12:22.484 24910 25026 E unknown:ReactHost: 	at java.util.concurrent.ThreadPoolExecutor$Worker.run(ThreadPoolExecutor.java:652)
02-23 17:12:22.484 24910 25026 E unknown:ReactHost: 	at java.lang.Thread.run(Thread.java:1564)
02-23 17:12:22.484 24910 25026 E unknown:ReactHost: Caused by: java.lang.RuntimeException: Unable to load script.
02-23 17:12:22.484 24910 25026 E unknown:ReactHost: 
02-23 17:12:22.484 24910 25026 E unknown:ReactHost: Make sure you're running Metro or that your bundle 'index.android.bundle' is packaged correctly for release.
02-23 17:12:22.484 24910 25026 E unknown:ReactHost: 
02-23 17:12:22.484 24910 25026 E unknown:ReactHost: The device must either be USB connected (with bundler set to "localhost:8081") or be on the same Wi-Fi network as your computer (with bundler set to your computer IP) to connect to Metro.
02-23 17:12:22.484 24910 25026 E unknown:ReactHost: 
02-23 17:12:22.484 24910 25026 E unknown:ReactHost: If you're using USB on a physical device, make sure you also run this command:
02-23 17:12:22.484 24910 25026 E unknown:ReactHost:   adb reverse tcp:8081 tcp:8081
02-23 17:12:22.484 24910 25026 E unknown:ReactHost: 	at com.facebook.react.runtime.ReactInstance.loadJSBundleFromAssets(Native Method)
02-23 17:12:22.484 24910 25026 E unknown:ReactHost: 	at com.facebook.react.runtime.ReactInstance.access$loadJSBundleFromAssets(ReactInstance.kt:85)
02-23 17:12:22.484 24910 25026 E unknown:ReactHost: 	at com.facebook.react.runtime.ReactInstance$loadJSBundle$1.loadScriptFromAssets(ReactInstance.kt:314)
02-23 17:12:22.484 24910 25026 E unknown:ReactHost: 	at com.facebook.react.bridge.JSBundleLoader$Companion$createAssetLoader$1.loadScript(JSBundleLoader.kt:33)
02-23 17:12:22.484 24910 25026 E unknown:ReactHost: 	at com.facebook.react.runtime.ReactInstance.loadJSBundle(ReactInstance.kt:293)
02-23 17:12:22.484 24910 25026 E unknown:ReactHost: 	at com.facebook.react.runtime.ReactHostImpl.getOrCreateReactInstanceTask$lambda$41$lambda$38(ReactHostImpl.kt:939)
02-23 17:12:22.484 24910 25026 E unknown:ReactHost: 	at com.facebook.react.runtime.ReactHostImpl.$r8$lambda$LQY77bFECGrnkUqd7Ku55sJ721A(Unknown Source:0)
02-23 17:12:22.484 24910 25026 E unknown:ReactHost: 	at com.facebook.react.runtime.ReactHostImpl$$ExternalSyntheticLambda22.then(D8$$SyntheticClass:0)
02-23 17:12:22.484 24910 25026 E unknown:ReactHost: 	at com.facebook.react.runtime.internal.bolts.Task$Companion.completeImmediately$lambda$3(Task.kt:356)
02-23 17:12:22.484 24910 25026 E unknown:ReactHost: 	at com.facebook.react.runtime.internal.bolts.Task$Companion.$r8$lambda$b7MTC0ufkn_2TjF4BGcNqGR9qK0(Unknown Source:0)
02-23 17:12:22.484 24910 25026 E unknown:ReactHost: 	at com.facebook.react.runtime.internal.bolts.Task$Companion$$ExternalSyntheticLambda3.run(D8$$SyntheticClass:0)
02-23 17:12:22.484 24910 25026 E unknown:ReactHost: 	at com.facebook.react.runtime.internal.bolts.Executors$ImmediateExecutor.execute(Executors.kt:41)
02-23 17:12:22.484 24910 25026 E unknown:ReactHost: 	at com.facebook.react.runtime.internal.bolts.Task$Companion.completeImmediately(Task.kt:354)
02-23 17:12:22.484 24910 25026 E unknown:ReactHost: 	at com.facebook.react.runtime.internal.bolts.Task$Companion.access$completeImmediately(Task.kt:250)
02-23 17:12:22.484 24910 25026 E unknown:ReactHost: 	at com.facebook.react.runtime.internal.bolts.Task.continueWith(Task.kt:132)
02-23 17:12:22.484 24910 25026 E unknown:ReactHost: 	at com.facebook.react.runtime.internal.bolts.Task.continueWith$default(Task.kt:117)
02-23 17:12:22.484 24910 25026 E unknown:ReactHost: 	at com.facebook.react.runtime.internal.bolts.Task.onSuccess$lambda$12(Task.kt:174)
02-23 17:12:22.484 24910 25026 E unknown:ReactHost: 	at com.facebook.react.runtime.internal.bolts.Task.$r8$lambda$l0wwo5AvbHxlwfI1R7CH_codxoo(Unknown Source:0)
02-23 17:12:22.484 24910 25026 E unknown:ReactHost: 	at com.facebook.react.runtime.internal.bolts.Task$$ExternalSyntheticLambda2.then(D8$$SyntheticClass:0)
02-23 17:12:22.484 24910 25026 E unknown:ReactHost: 	at com.facebook.react.runtime.internal.bolts.Task$Companion.completeAfterTask$lambda$5(Task.kt:390)
02-23 17:12:22.484 24910 25026 E unknown:ReactHost: 	at com.facebook.react.runtime.internal.bolts.Task$Companion.$r8$lambda$IPpysnehFwANEiW061YzapkMdoE(Unknown Source:0)
02-23 17:12:22.484 24910 25026 E unknown:ReactHost: 	at com.facebook.react.runtime.internal.bolts.Task$Companion$$ExternalSyntheticLambda4.run(D8$$SyntheticClass:0)
02-23 17:12:22.484 24910 25026 E unknown:ReactHost: 	... 3 more
02-23 17:12:22.484 24910 25026 W unknown:BridgelessReact: ReactHost{0}.getOrCreateDestroyTask(): Resetting createReactInstance task ref
02-23 17:12:22.486 24910 25056 I Camera2CameraInfo: Device Level: INFO_SUPPORTED_HARDWARE_LEVEL_3
02-23 17:12:22.486 24910 25056 I OplusCameraManagerGlobal: setClientInfo, packageName: com.mira.dating, uid: 10474, pid: 24910
02-23 17:12:22.487 24910 25056 D CameraRepository: Added camera: 1
02-23 17:12:22.487 24910 25056 D CameraQuirks: camera2 CameraQuirks = 
02-23 17:12:22.487 24910 25056 I Camera2CameraInfo: Device Level: INFO_SUPPORTED_HARDWARE_LEVEL_3
02-23 17:12:22.488 24910 25056 I OplusCameraManagerGlobal: setClientInfo, packageName: com.mira.dating, uid: 10474, pid: 24910
02-23 17:12:22.488 24910 25056 D CameraRepository: Added camera: 2
02-23 17:12:22.488 24910 25056 D CameraQuirks: camera2 CameraQuirks = 
02-23 17:12:22.488 24910 25056 I Camera2CameraInfo: Device Level: INFO_SUPPORTED_HARDWARE_LEVEL_3
02-23 17:12:22.488 24910 25056 I OplusCameraManagerGlobal: setClientInfo, packageName: com.mira.dating, uid: 10474, pid: 24910
02-23 17:12:22.489 24910 25056 D CameraRepository: Added camera: 3
02-23 17:12:22.489 24910 25056 D CameraQuirks: camera2 CameraQuirks = 
02-23 17:12:22.489 24910 25056 I Camera2CameraInfo: Device Level: INFO_SUPPORTED_HARDWARE_LEVEL_3
02-23 17:12:22.489 24910 25056 I OplusCameraManagerGlobal: setClientInfo, packageName: com.mira.dating, uid: 10474, pid: 24910
02-23 17:12:22.490 24910 25056 I CameraPresencePrvdr: Starting CameraPresenceProvider monitoring.
02-23 17:12:22.490 24910 25056 I CameraPresenceSrc: First observer added. Starting monitoring.
02-23 17:12:22.490 24910 25056 I Camera2PresenceSrc: Starting system availability monitoring.
02-23 17:12:22.490 24910 25056 I OplusCameraManagerGlobal: setClientInfo, packageName: com.mira.dating, uid: 10474, pid: 24910
02-23 17:12:22.490 24910 25060 D Camera2PresenceSrc: System onCameraAvailable: 0
02-23 17:12:22.490 24910 25061 D Camera2PresenceSrc: System onCameraAvailable: 1
02-23 17:12:22.490 24910 25060 D Camera2PresenceSrc: System onCameraAvailable: 2
02-23 17:12:22.490 24910 25061 D Camera2PresenceSrc: System onCameraAvailable: 3
02-23 17:12:22.490 24910 25056 D CameraValidator: Verifying camera lens facing on OP5D3BL1, lensFacingInteger: null
02-23 17:12:22.490 24910 25059 I OplusCameraManagerGlobal: setClientInfo, packageName: com.mira.dating, uid: 10474, pid: 24910
02-23 17:12:22.490 24910 25061 I OplusCameraManagerGlobal: setClientInfo, packageName: com.mira.dating, uid: 10474, pid: 24910
02-23 17:12:22.491 24910 25059 D Camera2PresenceSrc: [FetchData] Refreshed camera list: CameraIdentifier{cameraIds=0}, CameraIdentifier{cameraIds=1}, CameraIdentifier{cameraIds=2}, CameraIdentifier{cameraIds=3}
02-23 17:12:22.491 24910 25061 D Camera2PresenceSrc: [FetchData] Refreshed camera list: CameraIdentifier{cameraIds=0}, CameraIdentifier{cameraIds=1}, CameraIdentifier{cameraIds=2}, CameraIdentifier{cameraIds=3}
02-23 17:12:22.491 24910 25060 I OplusCameraManagerGlobal: setClientInfo, packageName: com.mira.dating, uid: 10474, pid: 24910
02-23 17:12:22.491 24910 25060 D Camera2PresenceSrc: [FetchData] Refreshed camera list: CameraIdentifier{cameraIds=0}, CameraIdentifier{cameraIds=1}, CameraIdentifier{cameraIds=2}, CameraIdentifier{cameraIds=3}
02-23 17:12:22.491 24910 25059 I OplusCameraManagerGlobal: setClientInfo, packageName: com.mira.dating, uid: 10474, pid: 24910
02-23 17:12:22.491 24910 24910 W VRI[MainActivity]: performTraversals: cancelAndRedraw, mLastPerformTraversalsSkipDrawReasonpredraw_expo.modules.splashscreen.SplashScreenManager$registerOnActivity$1
02-23 17:12:22.491 24910 25061 I OplusCameraManagerGlobal: setClientInfo, packageName: com.mira.dating, uid: 10474, pid: 24910
02-23 17:12:22.491 24910 25059 D Camera2PresenceSrc: [FetchData] Refreshed camera list: CameraIdentifier{cameraIds=0}, CameraIdentifier{cameraIds=1}, CameraIdentifier{cameraIds=2}, CameraIdentifier{cameraIds=3}
02-23 17:12:22.492 24910 25062 I CameraDevices: Initializing ExtensionsManager...
02-23 17:12:22.492 24910 25061 D Camera2PresenceSrc: [FetchData] Refreshed camera list: CameraIdentifier{cameraIds=0}, CameraIdentifier{cameraIds=1}, CameraIdentifier{cameraIds=2}, CameraIdentifier{cameraIds=3}
02-23 17:12:22.493 24910 25062 D ExtensionVersionImpl: checkApiVersion, version: 1.5.0
02-23 17:12:22.493 24910 25062 D ExtenderVersion: Selected vendor runtime: 1.5.0
02-23 17:12:22.496  3819  5438 D ActivityManager: pid 23472 com.android.oemextensions received async transactions while frozen
02-23 17:12:22.497  3819  5438 D ActivityManager: sync unfroze 23472 com.android.oemextensions for 6
02-23 17:12:22.497 24910 24910 E OplusCustomizeRestrictionManager: sInstance is null, start a new sInstance
02-23 17:12:22.498 24910 25062 I ServiceManager: bindServiceSync, bindService, mServiceConnection:androidx.camera.extensions.impl.serviceforward.ServiceManager$2@5ef0769
02-23 17:12:22.500  3819  4710 D ActivityManager: reportOneUidFrozenStateChanged uid 10097 frozen = false
02-23 17:12:22.501  5437  6757 V OsAgent : broadcastSystemEvent - 7
02-23 17:12:22.503  3819  5438 W OplusNavigationBarUtil: color navigation bar util isn't init.
02-23 17:12:22.504 24910 24910 D OplusPredictiveBackController: should not HookOnBackInvokedCallbackEnabled for application com.mira.dating.MainActivity@b69eb91 hasOnBackInvokedCallBackEnabled
02-23 17:12:22.504 24910 24910 D WindowOnBackDispatcher:  predictive settings is disabled for com.mira.dating
02-23 17:12:22.505 24910 24910 D WindowManager: Add to mViews: com.android.internal.policy.DecorView{4c30847 V.ED..... R.....ID 0,0-0,0 alpha=1.0 viewInfo = }[MainActivity],pkg= com.mira.dating
02-23 17:12:22.505 24910 25019 D skia    : setRusSupported enable 1
02-23 17:12:22.506 24910 25023 W ServiceManager: service connected, androidx.camera.extensions.impl.serviceforward.ServiceManager$2@5ef0769, binder: android.os.BinderProxy@17a5874, mServiceConnection: androidx.camera.extensions.impl.serviceforward.ServiceManager$2@5ef0769, mExtensionService: androidx.camera.extensions.impl.service.IExtensionsService$Stub$Proxy@5c3319d
02-23 17:12:22.507 23472 23482 D ExtensionsService: initialize, sHasUnitInterface: true
02-23 17:12:22.507 23472 23482 I CameraManagerExtImpl: packagename is com.android.oemextensions
02-23 17:12:22.507 23472 23482 I OplusCameraManager: saveOpPackageName, mOpPackageName: com.android.oemextensions
02-23 17:12:22.507  3819  6033 D WindowManager: NFW_findFocusedWindowIfNeeded:Window{93fb40b u0 com.mira.dating/com.mira.dating.MainActivity} mCurrentFocus:Window{6246d34 u0 com.mira.dating/com.mira.dating.MainActivity}
02-23 17:12:22.507  3819  6033 V WindowManager: Changing focus from Window{6246d34 u0 com.mira.dating/com.mira.dating.MainActivity} to Window{93fb40b u0 com.mira.dating/com.mira.dating.MainActivity},diplayid=0
02-23 17:12:22.507 23472 23482 I OplusCameraManagerGlobal: setClientInfo, packageName: com.android.oemextensions, uid: 10474, pid: 24910
02-23 17:12:22.507  3819  4048 D VRR [OPlusSurfaceFlingerController]:  setComplexSceneEnable : false
02-23 17:12:22.507  3819  4962 E UAH-Framework: invalid window type -1
02-23 17:12:22.507 23472 23482 W CameraUnit, ExtensionClient: invalidCameraId, cameraIdList: [0, 1, 2, 3]
02-23 17:12:22.507 24910 25062 D ExtensionsManager: Successfully initialized extensions
02-23 17:12:22.508 24910 25062 D ServiceManager: initialize success!
02-23 17:12:22.508  3819  6033 D Theia.NoFocusWindow: FocusWindowErrorScene cancelCheckFreezeScreen
02-23 17:12:22.508  3819  6033 W TheiaWindowMonitor: [check] focusedWindow is null or enable is false
02-23 17:12:22.509  3819  6033 I WindowManager: addWindow: New client android.os.BinderProxy@2d2c7da : window=Window{93fb40b u0 com.mira.dating/com.mira.dating.MainActivity}
02-23 17:12:22.509 24910 25062 I CameraDevices: Successfully initialized!
02-23 17:12:22.509 23472 23477 W d.oemextensions: userfaultfd: MOVE ioctl seems unsupported: Connection timed out
02-23 17:12:22.510 24910 24910 D ViewRootImplExtImpl: onDisplayChanged -1 for VRI android.view.ViewRootImpl@c1e87e0
02-23 17:12:22.510 24910 24910 W unknown:BridgelessReact: ReactHost{0}.getOrCreateDestroyTask(): Starting React Native destruction
02-23 17:12:22.510 24910 24910 W unknown:BridgelessReact: ReactHost{0}.raiseSoftException(getOrCreateDestroyTask()): Destroy: ReactInstance task faulted. Stage: 1: Starting destroy. Fault reason: Unable to load script.
02-23 17:12:22.510 24910 24910 W unknown:BridgelessReact: 
02-23 17:12:22.510 24910 24910 W unknown:BridgelessReact: Make sure you're running Metro or that your bundle 'index.android.bundle' is packaged correctly for release.
02-23 17:12:22.510 24910 24910 W unknown:BridgelessReact: 
02-23 17:12:22.510 24910 24910 W unknown:BridgelessReact: The device must either be USB connected (with bundler set to "localhost:8081") or be on the same Wi-Fi network as your computer (with bundler set to your computer IP) to connect to Metro.
02-23 17:12:22.510 24910 24910 W unknown:BridgelessReact: 
02-23 17:12:22.510 24910 24910 W unknown:BridgelessReact: If you're using USB on a physical device, make sure you also run this command:
02-23 17:12:22.510 24910 24910 W unknown:BridgelessReact:   adb reverse tcp:8081 tcp:8081. Destroy reason: handleHostException(message = "Unable to load script.
02-23 17:12:22.510 24910 24910 W unknown:BridgelessReact: 
02-23 17:12:22.510 24910 24910 W unknown:BridgelessReact: Make sure you're running Metro or that your bundle 'index.android.bundle' is packaged correctly for release.
02-23 17:12:22.510 24910 24910 W unknown:BridgelessReact: 
02-23 17:12:22.510 24910 24910 W unknown:BridgelessReact: The device must either be USB connected (with bundler set to "localhost:8081") or be on the same Wi-Fi network as your computer (with bundler set to your computer IP) to connect to Metro.
02-23 17:12:22.510 24910 24910 W unknown:BridgelessReact: 
02-23 17:12:22.510 24910 24910 W unknown:BridgelessReact: If you're using USB on a physical device, make sure you also run this command:
02-23 17:12:22.510 24910 24910 W unknown:BridgelessReact:   adb reverse tcp:8081 tcp:8081")
02-23 17:12:22.511 24910 24910 E unknown:ReactHost: Unhandled SoftException
02-23 17:12:22.511 24910 24910 E unknown:ReactHost: com.facebook.react.bridge.ReactNoCrashSoftException: raiseSoftException(getOrCreateDestroyTask()): Destroy: ReactInstance task faulted. Stage: 1: Starting destroy. Fault reason: Unable to load script.
02-23 17:12:22.511 24910 24910 E unknown:ReactHost: 
02-23 17:12:22.511 24910 24910 E unknown:ReactHost: Make sure you're running Metro or that your bundle 'index.android.bundle' is packaged correctly for release.
02-23 17:12:22.511 24910 24910 E unknown:ReactHost: 
02-23 17:12:22.511 24910 24910 E unknown:ReactHost: The device must either be USB connected (with bundler set to "localhost:8081") or be on the same Wi-Fi network as your computer (with bundler set to your computer IP) to connect to Metro.
02-23 17:12:22.511 24910 24910 E unknown:ReactHost: 
02-23 17:12:22.511 24910 24910 E unknown:ReactHost: If you're using USB on a physical device, make sure you also run this command:
02-23 17:12:22.511 24910 24910 E unknown:ReactHost:   adb reverse tcp:8081 tcp:8081. Destroy reason: handleHostException(message = "Unable to load script.
02-23 17:12:22.511 24910 24910 E unknown:ReactHost: 
02-23 17:12:22.511 24910 24910 E unknown:ReactHost: Make sure you're running Metro or that your bundle 'index.android.bundle' is packaged correctly for release.
02-23 17:12:22.511 24910 24910 E unknown:ReactHost: 
02-23 17:12:22.511 24910 24910 E unknown:ReactHost: The device must either be USB connected (with bundler set to "localhost:8081") or be on the same Wi-Fi network as your computer (with bundler set to your computer IP) to connect to Metro.
02-23 17:12:22.511 24910 24910 E unknown:ReactHost: 
02-23 17:12:22.511 24910 24910 E unknown:ReactHost: If you're using USB on a physical device, make sure you also run this command:
02-23 17:12:22.511 24910 24910 E unknown:ReactHost:   adb reverse tcp:8081 tcp:8081")
02-23 17:12:22.511 24910 24910 E unknown:ReactHost: 	at com.facebook.react.runtime.ReactHostImpl.raiseSoftException(ReactHostImpl.kt:787)
02-23 17:12:22.511 24910 24910 E unknown:ReactHost: 	at com.facebook.react.runtime.ReactHostImpl.raiseSoftException$default(ReactHostImpl.kt:779)
02-23 17:12:22.511 24910 24910 E unknown:ReactHost: 	at com.facebook.react.runtime.ReactHostImpl.createReactInstanceUnwrapper$lambda$46(ReactHostImpl.kt:1129)
02-23 17:12:22.511 24910 24910 E unknown:ReactHost: 	at com.facebook.react.runtime.ReactHostImpl.$r8$lambda$TjbS0TZW9o8rbR9te9jnWsd5w3w(Unknown Source:0)
02-23 17:12:22.511 24910 24910 E unknown:ReactHost: 	at com.facebook.react.runtime.ReactHostImpl$$ExternalSyntheticLambda36.invoke(D8$$SyntheticClass:0)
02-23 17:12:22.511 24910 24910 E unknown:ReactHost: 	at com.facebook.react.runtime.ReactHostImpl.getOrCreateDestroyTask$lambda$57(ReactHostImpl.kt:1326)
02-23 17:12:22.511 24910 24910 E unknown:ReactHost: 	at com.facebook.react.runtime.ReactHostImpl.$r8$lambda$h_JBtd6eAd3fmOqdV80aRC4HfmY(Unknown Source:0)
02-23 17:12:22.511 24910 24910 E unknown:ReactHost: 	at com.facebook.react.runtime.ReactHostImpl$$ExternalSyntheticLambda25.then(D8$$SyntheticClass:0)
02-23 17:12:22.511 24910 24910 E unknown:ReactHost: 	at com.facebook.react.runtime.internal.bolts.Task$Companion.completeAfterTask$lambda$5(Task.kt:390)
02-23 17:12:22.511 24910 24910 E unknown:ReactHost: 	at com.facebook.react.runtime.internal.bolts.Task$Companion.$r8$lambda$IPpysnehFwANEiW061YzapkMdoE(Unknown Source:0)
02-23 17:12:22.511 24910 24910 E unknown:ReactHost: 	at com.facebook.react.runtime.internal.bolts.Task$Companion$$ExternalSyntheticLambda4.run(D8$$SyntheticClass:0)
02-23 17:12:22.511 24910 24910 E unknown:ReactHost: 	at android.os.Handler.handleCallback(Handler.java:1027)
02-23 17:12:22.511 24910 24910 E unknown:ReactHost: 	at android.os.Handler.dispatchMessage(Handler.java:108)
02-23 17:12:22.511 24910 24910 E unknown:ReactHost: 	at android.os.Looper.loopOnce(Looper.java:298)
02-23 17:12:22.511 24910 24910 E unknown:ReactHost: 	at android.os.Looper.loop(Looper.java:408)
02-23 17:12:22.511 24910 24910 E unknown:ReactHost: 	at android.app.ActivityThread.main(ActivityThread.java:9964)
02-23 17:12:22.511 24910 24910 E unknown:ReactHost: 	at java.lang.reflect.Method.invoke(Native Method)
02-23 17:12:22.511 24910 24910 E unknown:ReactHost: 	at com.android.internal.os.RuntimeInit$MethodAndArgsCaller.run(RuntimeInit.java:613)
02-23 17:12:22.511 24910 24910 E unknown:ReactHost: 	at com.android.internal.os.ZygoteInit.main(ZygoteInit.java:1074)
02-23 17:12:22.511 24910 24910 W unknown:BridgelessReact: ReactHost{0}.getOrCreateDestroyTask(): DevSupportManager cleanup
02-23 17:12:22.511 24910 24910 W unknown:BridgelessReact: ReactHost{0}.getOrCreateDestroyTask(): Move ReactHost to onHostDestroy()
02-23 17:12:22.511 23472 23479 W System  : A resource failed to call ContentProviderClient.close. 
02-23 17:12:22.511 24910 24910 W unknown:BridgelessReact: ReactContext.onHostPause()
02-23 17:12:22.511 24910 24910 E unknown:ReactNative: Tried to remove non-existent frame callback
02-23 17:12:22.511 24910 24910 W unknown:BridgelessReact: ReactContext.onHostDestroy()
02-23 17:12:22.511 24910 25026 W unknown:BridgelessReact: ReactHost{0}.getOrCreateDestroyTask(): Stopping all React Native surfaces
02-23 17:12:22.512 24910 25026 E unknown:FabricUIManager: Unhandled SoftException
02-23 17:12:22.512 24910 25026 E unknown:FabricUIManager: java.lang.IllegalStateException: Trying to stop surface that hasn't started yet
02-23 17:12:22.512 24910 25026 E unknown:FabricUIManager: 	at com.facebook.react.fabric.FabricUIManager.stopSurface(FabricUIManager.java:395)
02-23 17:12:22.512 24910 25026 E unknown:FabricUIManager: 	at com.facebook.react.runtime.ReactInstance.stopSurface(ReactInstance.kt:397)
02-23 17:12:22.512 24910 25026 E unknown:FabricUIManager: 	at com.facebook.react.runtime.ReactHostImpl.stopAttachedSurfaces(ReactHostImpl.kt:1098)
02-23 17:12:22.512 24910 25026 E unknown:FabricUIManager: 	at com.facebook.react.runtime.ReactHostImpl.getOrCreateDestroyTask$lambda$59(ReactHostImpl.kt:1363)
02-23 17:12:22.512 24910 25026 E unknown:FabricUIManager: 	at com.facebook.react.runtime.ReactHostImpl.$r8$lambda$MEC88LePtSrM-qRlOlAmlPb1RWo(Unknown Source:0)
02-23 17:12:22.512 24910 25026 E unknown:FabricUIManager: 	at com.facebook.react.runtime.ReactHostImpl$$ExternalSyntheticLambda26.then(D8$$SyntheticClass:0)
02-23 17:12:22.512 24910 25026 E unknown:FabricUIManager: 	at com.facebook.react.runtime.internal.bolts.Task$Companion.completeAfterTask$lambda$5(Task.kt:390)
02-23 17:12:22.512 24910 25026 E unknown:FabricUIManager: 	at com.facebook.react.runtime.internal.bolts.Task$Companion.$r8$lambda$IPpysnehFwANEiW061YzapkMdoE(Unknown Source:0)
02-23 17:12:22.512 24910 25026 E unknown:FabricUIManager: 	at com.facebook.react.runtime.internal.bolts.Task$Companion$$ExternalSyntheticLambda4.run(D8$$SyntheticClass:0)
02-23 17:12:22.512 24910 25026 E unknown:FabricUIManager: 	at java.util.concurrent.ThreadPoolExecutor.runWorker(ThreadPoolExecutor.java:1154)
02-23 17:12:22.512 24910 25026 E unknown:FabricUIManager: 	at java.util.concurrent.ThreadPoolExecutor$Worker.run(ThreadPoolExecutor.java:652)
02-23 17:12:22.512 24910 25026 E unknown:FabricUIManager: 	at java.lang.Thread.run(Thread.java:1564)
02-23 17:12:22.512 24910 24910 W VRI[MainActivity]: performTraversals: cancelAndRedraw, mLastPerformTraversalsSkipDrawReasonpredraw_expo.modules.splashscreen.SplashScreenManager$registerOnActivity$1
02-23 17:12:22.512 24910 24910 E OplusBracketLog: [OplusViewMirrorManager] updateHostViewRootIfNeeded, not support android.view.ViewRootImpl@c1e87e0
02-23 17:12:22.516 24910 24910 D OplusPredictiveBackController: should not HookOnBackInvokedCallbackEnabled for application com.mira.dating.MainActivity@b69eb91 hasOnBackInvokedCallBackEnabled
02-23 17:12:22.516 24910 24910 D WindowOnBackDispatcher:  predictive settings is disabled for com.mira.dating
02-23 17:12:22.516 24910 24910 D OplusPredictiveBackController: should not HookOnBackInvokedCallbackEnabled for application com.mira.dating.MainActivity@b69eb91 hasOnBackInvokedCallBackEnabled
02-23 17:12:22.516 24910 24910 D WindowOnBackDispatcher:  predictive settings is disabled for com.mira.dating
02-23 17:12:22.518  3819  6033 D CoreBackPreview: Window{93fb40b u0 com.mira.dating/com.mira.dating.MainActivity}: Setting back callback OnBackInvokedCallbackInfo{mCallback=android.window.IOnBackInvokedCallback$Stub$Proxy@ea89983, mPriority=0, mIsAnimationCallback=false, mOverrideBehavior=0}
02-23 17:12:22.522 24910 24910 D ViewRootImplExtImpl: wrapConfigInfoIntoFlags rotation=0, smallestScreenWidthDp=0, residentWS=false, scenario=0, bounds=Rect(0, 0 - 1080, 2376), relayoutAsync=false, flags=0, newFlags=1245708288, title=com.mira.dating/com.mira.dating.MainActivity
02-23 17:12:22.522  3819  6033 V WindowManager: Relayout Window{93fb40b u0 com.mira.dating/com.mira.dating.MainActivity}: viewVisibility=0, oldvis=0, req=1080x2376 , apr = 0, vsysui=LIGHT_NAVIGATION_BAR, x=0, y=0
02-23 17:12:22.522  3819  6033 I WindowManager: Window{93fb40b u0 com.mira.dating/com.mira.dating.MainActivity} state from NO_SURFACE to DRAW_PENDING; reason: resetDrawState
02-23 17:12:22.523  3819  3902 W SmartWindowScene: updateWindowState fail! invalid window type: -1
02-23 17:12:22.523  3819  3902 W SmartWindowScene: updateWindowState fail! invalid window type: -1
02-23 17:12:22.524  3819  6033 D WindowManager: NFW_findFocusedWindowIfNeeded:Window{93fb40b u0 com.mira.dating/com.mira.dating.MainActivity} mCurrentFocus:Window{93fb40b u0 com.mira.dating/com.mira.dating.MainActivity}
02-23 17:12:22.528  3819  3893 D SurfaceComposerClient: Transaction::apply InputWindowCommands.focusRequests timestamp=128727349135684, windowName=93fb40b com.mira.dating/com.mira.dating.MainActivity
02-23 17:12:22.540  2407  3231 D SurfaceFlinger: updateWinowInfo=1, setFocusedWindow timestamp=128727349135684, windowName=93fb40b com.mira.dating/com.mira.dating.MainActivity
02-23 17:12:22.540  3819  5438 I InputDispatcher: NFW_setFocusedWindow, 93fb40b com.mira.dating/com.mira.dating.MainActivity on display 0, same as the previous:0
02-23 17:12:22.550  2407  3759 I ClientCache: add: Cache owner=0xb400007bd1f06f00
02-23 17:12:22.553  3819  5438 I WindowManager: Window{93fb40b u0 com.mira.dating/com.mira.dating.MainActivity} state from DRAW_PENDING to COMMIT_DRAW_PENDING; reason: finishDrawingLocked
02-23 17:12:22.555  3819  3893 I WindowManager: Window{93fb40b u0 com.mira.dating/com.mira.dating.MainActivity} state from COMMIT_DRAW_PENDING to READY_TO_SHOW; reason: commitFinishDrawingLocked
02-23 17:12:22.555  3819  3893 I WindowManager: defer call onFirstWindowDrawn until mainwindow drawn:Window{93fb40b u0 com.mira.dating/com.mira.dating.MainActivity}
02-23 17:12:22.555  3819  3893 I WindowManager: Window{93fb40b u0 com.mira.dating/com.mira.dating.MainActivity} state from READY_TO_SHOW to HAS_DRAWN; reason: performShowLocked
02-23 17:12:22.562  3819  3893 D CoreBackPreview:  return markWindowHasDrawn mComposed: false  mWaitTransition: false
02-23 17:12:22.576  3819  5438 I InputDispatcher: updateFocusedWindow, 93fb40b com.mira.dating/com.mira.dating.MainActivity on display 0, reason: Window became focusable. Previous reason: NOT_VISIBLE, result:   FocusedWindows:
02-23 17:12:22.576  3819  5438 I InputDispatcher:     displayId=0, name='93fb40b com.mira.dating/com.mira.dating.MainActivity'
02-23 17:12:22.582  3819  4765 D InputMethodManagerService: isSecurity: attribute.packageName = com.mira.dating mCurMethodId = com.google.android.inputmethod.latin/com.android.inputmethod.latin.LatinIME isSecurity = false ( enable = false needShow = false inBlackList = false isExist = true )
02-23 17:12:22.582  3819  4765 I ImeTracker: com.mira.dating:df46eb24: onRequestHide at ORIGIN_SERVER reason HIDE_UNSPECIFIED_WINDOW fromUser false
02-23 17:12:22.589  8969  8969 I GoogleInputMethodService: GoogleInputMethodService.onFinishInput():2113 
02-23 17:12:22.589  3819  5438 V AutofillInlineSuggestionsRequestSession: onInputMethodFinishInput() received
02-23 17:12:22.590  8969  8969 I Module  : DeviceLockedStatusModuleProvider$Module.updateDeviceLockedStatus():103 repeatCheckTimes = 0, locked = false
02-23 17:12:22.590  3819  5438 V AutofillInlineSuggestionsRequestSession: onInputMethodStartInput() received on 0
02-23 17:12:22.590  8969  8969 I GoogleInputMethodService: GoogleInputMethodService.onStartInput():1384 onStartInput(EditorInfo{EditorInfo{packageName=com.mira.dating, inputType=0, inputTypeString=NULL, enableLearning=false, autoCorrection=false, autoComplete=false, imeOptions=0, privateImeOptions=null, actionName=UNSPECIFIED, actionLabel=null, initialSelStart=-1, initialSelEnd=-1, initialCapsMode=0, label=null, fieldId=0, fieldName=null, extras=Bundle[{com.oplus.im.WINDOW_MODE=1, com.oplus.im.SCENES=0}], hintText=null, hintLocales=[]}}, false)
02-23 17:12:22.590  8969  8969 I Module  : DeviceLockedStatusModuleProvider$Module.updateDeviceLockedStatus():103 repeatCheckTimes = 1, locked = false
02-23 17:12:22.591  3819  6033 I ImeTracker: system_server:77df8d95: onRequestHide at ORIGIN_SERVER reason IME_REQUESTED_CHANGED_LISTENER fromUser false
02-23 17:12:22.591  3819  4765 I ImeTracker: system_server:77df8d95: onCancelled at PHASE_SERVER_SHOULD_HIDE
02-23 17:12:22.591  3819  5438 W PackageConfigPersister: App-specific configuration not found for packageName: com.mira.dating and userId: 0
02-23 17:12:22.616  3819  4048 D VRR [OPlusSAManager]: updateAutoMinfps for 4630946652107814787 with nits: 97.84091, mHistOK true, mAmbientOK true, mCctOK true, mIrOK true, mBrightnessOK true, isPkgOK true, SA min fps: 89
02-23 17:12:22.617  2407  2704 I VRR-[OPlusRefreshRateSelector]: updateAutoMode success, display 0, mode 0, fakeframe 1, min fps: 1
02-23 17:12:22.618  2237  2901 I SDM     : DisplayBuiltIn::SetQSyncModeLocked: VRR + update qsync mode 0 minfps 00C08181
02-23 17:12:22.618  2237  2901 I SDM     : HWDeviceDRM::OPlusIsQSyncMinFpsForAuto: VRR +  OPlusIsQSyncMinFpsForAuto: 1
02-23 17:12:22.618  2237  2901 I SDM     : DisplayBuiltIn::SetQSyncModeLocked: VRR + needs_avr_update_ 0
02-23 17:12:22.628  2237  2612 I SDM     : HWDeviceDRM::OPlusIsQSyncMinFpsForAuto: VRR +  OPlusIsQSyncMinFpsForAuto: 1
02-23 17:12:22.628  2237  2612 E SDM     : DRMConnector::Perform: Connector 69: Setting Qsync min fps 12616065
02-23 17:12:22.670  3819  4962 D JobSchedulerServiceExtImpl: updateOsenseRestrictMode for 1 false false
02-23 17:12:22.688  5853  6172 D OplusScrollToTopManager: com.android.launcher/com.android.launcher.Launcher,This com.android.internal.policy.DecorView{668b917 V.E...... R....... 0,0-1080,2376 aid=4 alpha=1.0 viewInfo = }[Launcher] change focus to false
02-23 17:12:22.699  2237  2612 I SDM     : DisplayBase::CommitThread: Received idle timeout, panel: cmd, timeout: 70000 us
02-23 17:12:22.702 24910 24910 W LOG_FLOWCTRL: ==LOGS OVER PROC QUOTA(300), rows(44) bytes(4266) com.mira.dating u(0) l(0) t(0) c(0) DROPPED==
02-23 17:12:22.702 24910 24910 W VRI[MainActivity]: performTraversals: cancelAndRedraw, mLastPerformTraversalsSkipDrawReasonpredraw_expo.modules.splashscreen.SplashScreenManager$registerOnActivity$1
02-23 17:12:22.710  2274 10423 E ANDR-PERF-LM: VmRssMeter:: start() 359: Could not find pid, can not collect vmrss data
02-23 17:12:22.710  2274 10422 E ANDR-PERF-LM: VmRssMeter:: start() 359: Could not find pid, can not collect vmrss data
02-23 17:12:22.710  2274 10423 E ANDR-PERF-LM: AdaptiveLaunch: writeToDataBase() 64: Meter aborted or could not get meter data for this run
02-23 17:12:22.713 24910 24910 W VRI[MainActivity]: performTraversals: cancelAndRedraw, mLastPerformTraversalsSkipDrawReasonpredraw_expo.modules.splashscreen.SplashScreenManager$registerOnActivity$1
02-23 17:12:22.724 24910 24910 W VRI[MainActivity]: performTraversals: cancelAndRedraw, mLastPerformTraversalsSkipDrawReasonpredraw_expo.modules.splashscreen.SplashScreenManager$registerOnActivity$1
02-23 17:12:22.735 24910 24910 W VRI[MainActivity]: performTraversals: cancelAndRedraw, mLastPerformTraversalsSkipDrawReasonpredraw_expo.modules.splashscreen.SplashScreenManager$registerOnActivity$1
02-23 17:12:22.739  2198 24003 E WifiHAL : WLAN_DIAG_TYPE_CONFIG - possible buffer over access, length=1452 count=16 hdr_size=8 payload len=12966
02-23 17:12:22.740  2198 24003 E WifiHAL : WLAN_DIAG_TYPE_CONFIG - possible buffer over access, length=1476 count=16 hdr_size=8 payload len=12966
02-23 17:12:22.740  2198 24003 E WifiHAL : WLAN_DIAG_TYPE_CONFIG - possible buffer over access, length=1476 count=16 hdr_size=8 payload len=12966
02-23 17:12:22.746 24910 24910 W VRI[MainActivity]: performTraversals: cancelAndRedraw, mLastPerformTraversalsSkipDrawReasonpredraw_expo.modules.splashscreen.SplashScreenManager$registerOnActivity$1
02-23 17:12:22.757 24910 24910 W VRI[MainActivity]: performTraversals: cancelAndRedraw, mLastPerformTraversalsSkipDrawReasonpredraw_expo.modules.splashscreen.SplashScreenManager$registerOnActivity$1
02-23 17:12:22.768  5687  6427 I TcpSyn  : updateFrontUidsToKernel, uids = [10474]
02-23 17:12:22.768 24910 24910 W VRI[MainActivity]: performTraversals: cancelAndRedraw, mLastPerformTraversalsSkipDrawReasonpredraw_expo.modules.splashscreen.SplashScreenManager$registerOnActivity$1
02-23 17:12:22.774  2198 24003 E WifiHAL : WLAN_DIAG_TYPE_CONFIG - possible buffer over access, length=1468 count=16 hdr_size=8 payload len=12966
02-23 17:12:22.774  2198 24003 E WifiHAL : WLAN_DIAG_TYPE_CONFIG - possible buffer over access, length=1468 count=16 hdr_size=8 payload len=12966
02-23 17:12:22.775  2198 24003 E WifiHAL : WLAN_DIAG_TYPE_CONFIG - possible buffer over access, length=1480 count=16 hdr_size=8 payload len=12966
02-23 17:12:22.780 24910 24910 W VRI[MainActivity]: performTraversals: cancelAndRedraw, mLastPerformTraversalsSkipDrawReasonpredraw_expo.modules.splashscreen.SplashScreenManager$registerOnActivity$1
02-23 17:12:22.791 24910 24910 W VRI[MainActivity]: performTraversals: cancelAndRedraw, mLastPerformTraversalsSkipDrawReasonpredraw_expo.modules.splashscreen.SplashScreenManager$registerOnActivity$1
02-23 17:12:22.802 24910 24910 W VRI[MainActivity]: performTraversals: cancelAndRedraw, mLastPerformTraversalsSkipDrawReasonpredraw_expo.modules.splashscreen.SplashScreenManager$registerOnActivity$1
02-23 17:12:22.814 24910 24910 W VRI[MainActivity]: performTraversals: cancelAndRedraw, mLastPerformTraversalsSkipDrawReasonpredraw_expo.modules.splashscreen.SplashScreenManager$registerOnActivity$1
02-23 17:12:22.825 24910 24910 W VRI[MainActivity]: performTraversals: cancelAndRedraw, mLastPerformTraversalsSkipDrawReasonpredraw_expo.modules.splashscreen.SplashScreenManager$registerOnActivity$1
02-23 17:12:22.835 10262 10285 I FontLog : (REDACTED) Received query %s, URI %s
02-23 17:12:22.836 24910 24910 W VRI[MainActivity]: performTraversals: cancelAndRedraw, mLastPerformTraversalsSkipDrawReasonpredraw_expo.modules.splashscreen.SplashScreenManager$registerOnActivity$1
02-23 17:12:22.836 10262 10285 I FontLog : (REDACTED) Query [%s] resolved to %s
02-23 17:12:22.837 10262 10285 I FontLog : (REDACTED) Fetch %s end status %s
02-23 17:12:22.838 10262 10285 I FontLog : (REDACTED) Pulling font file for id = %d, cache size = %d
02-23 17:12:22.839 10262 10285 I FontLog : (REDACTED) Pulling font file for id = %d, cache size = %d
02-23 17:12:22.846 24910 24910 W VRI[MainActivity]: performTraversals: cancelAndRedraw, mLastPerformTraversalsSkipDrawReasonpredraw_expo.modules.splashscreen.SplashScreenManager$registerOnActivity$1
02-23 17:12:22.858 24910 24910 W VRI[MainActivity]: performTraversals: cancelAndRedraw, mLastPerformTraversalsSkipDrawReasonpredraw_expo.modules.splashscreen.SplashScreenManager$registerOnActivity$1
02-23 17:12:22.865  5843 11932 D AppSenseConfig: getIgnoreAppList: [com.android.launcher, com.android.contacts, com.oplus.wirelesssettings, com.coloros.alarmclock, com.coloros.calculator, com.coloros.calendar, com.coloros.phonemanager, com.android.settings, com.android.phone, com.oplus.nas, com.oplus.nhs, com.oplus.appdetail, com.android.permissioncontroller, com.oplus.pscanvas, com.oplus.autotest.test.ctp, com.android.systemui, com.android.systemui.overlay.fingerprint.anim.fy, com.android.systemui.overlay.fingerprint.anim.qy, com.android.systemui.overlay.fingerprint.anim.sw, com.android.systemui.overlay.fingerprint.anim.xw, com.android.systemui.overlay.fingerprint.anim.ccyh, com.android.systemui.overlay.fingerprint.anim.halo, com.android.systemui.overlay.fingerprint.anim.jslz, com.android.systemui.overlay.fingerprint.anim.none, com.android.systemui.overlay.fingerprint.anim.xklc]
02-23 17:12:22.865  5843 11932 D AppSenseConfig: getIgnoreAppList: [com.android.launcher, com.android.contacts, com.oplus.wirelesssettings, com.coloros.alarmclock, com.coloros.calculator, com.coloros.calendar, com.coloros.phonemanager, com.android.settings, com.android.phone, com.oplus.nas, com.oplus.nhs, com.oplus.appdetail, com.android.permissioncontroller, com.oplus.pscanvas, com.oplus.autotest.test.ctp, com.android.systemui, com.android.systemui.overlay.fingerprint.anim.fy, com.android.systemui.overlay.fingerprint.anim.qy, com.android.systemui.overlay.fingerprint.anim.sw, com.android.systemui.overlay.fingerprint.anim.xw, com.android.systemui.overlay.fingerprint.anim.ccyh, com.android.systemui.overlay.fingerprint.anim.halo, com.android.systemui.overlay.fingerprint.anim.jslz, com.android.systemui.overlay.fingerprint.anim.none, com.android.systemui.overlay.fingerprint.anim.xklc]
02-23 17:12:22.865  5843 11932 D ActivityAdapter: taskChange: pre: 0, cur: 1, changed:true
02-23 17:12:22.866  5843 11932 D ActivityAdapter: notifyActivityQuery: [com.mira.dating; com.mira.dating.MainActivity; 1; COMMON; 10474]
02-23 17:12:22.866  5843 11932 D OPlusFrontAppManager: useAdapterResult, pkg=com.mira.dating,activity=com.mira.dating.MainActivity,result=true
02-23 17:12:22.866  5843 11932 D OPlusFrontAppManager: decide -->> [com.mira.dating; com.mira.dating.MainActivity; 1; COMMON; 10474]
02-23 17:12:22.866  5843 11932 D ConferenceScene: pkg:com.mira.dating, activity:com.mira.dating.MainActivity, appSense:COMMON
02-23 17:12:22.866  5843 11932 D NetworkUtils: list1 size 1,list2 size0
02-23 17:12:22.866  5843 11785 D Subsys-ScoreAppManager: handleMessage what:2
