02-23 17:12:22.866  5843 11785 D Subsys-ScoreAppManager: EVENT_ID_APP_SENSE_CHANGE  onFrontActivityChanged
02-23 17:12:22.866  5843 11785 D Subsys-ScoreAppManager: appSceneChange fgAppUnits size 1 fgAppUnits [{pkgName:com.mira.dating,activityName:,winMode:1,event:COMMON,type:0,subEvent:0,pid:24910,uid:10474}] mLastNetworkList[137]
02-23 17:12:22.866  5843 11785 D Subsys-ScoreAppManager: createApp
02-23 17:12:22.866  5843 11785 D CommonApp-137-10474: init22
02-23 17:12:22.866  5843 11785 D NetworkService[0]: getIfIndexByNetid netId:137,ifName:rmnet_data3,ifIndex:30
02-23 17:12:22.866  5843 11785 D NetworkService[0]: getIfIndexByNetid netId:137,ifName:rmnet_data3,ifIndex:30
02-23 17:12:22.866  5843 11785 D CommonApp-137-10474: BaseApp init, mNetId 137 mIfIndex 30 network 137
02-23 17:12:22.867  5843 11785 D CommonApp-137-10474: network 137 capability [ Transports: CELLULAR Capabilities: SUPL&XCAP&INTERNET&NOT_RESTRICTED&TRUSTED&NOT_VPN&VALIDATED&NOT_ROAMING&FOREGROUND&NOT_CONGESTED&NOT_SUSPENDED&NOT_VCN_MANAGED&NOT_BANDWIDTH_CONSTRAINED LinkUpBandwidth>=60000Kbps LinkDnBandwidth>=145000Kbps Specifier: <TelephonyNetworkSpecifier [mSubId = 2]> AdminUids: [10380] SubscriptionIds: {2} UnderlyingNetworks: Null] subId 2
02-23 17:12:22.867  5843  5843 D ExtremeCommService: handleMessage what:1012
02-23 17:12:22.867  5843  5843 D ExtremeCommService: updateAppInfo appInfoUnit: com.mira.dating, winMode:1
02-23 17:12:22.867  5709  5709 D AppSenseClient: handleMessage: 100
02-23 17:12:22.867  5843  5843 D SceneService: handleMessage what:1004
02-23 17:12:22.867  5843  5843 D SceneService: notifyAppSceneChanged original mode:{live:0,video:0,voice call:0,video call:0,live host:0,game:0,meeting:0,news:0,file transfer:0},appInfoUnit:[{pkgName:com.mira.dating,activityName:,winMode:1,event:COMMON,type:0,subEvent:0,pid:24910,uid:10474}]
02-23 17:12:22.867  5843  5843 D FrontAppsEvent: receive msg:1001
02-23 17:12:22.867  5709  5709 D AppSenseClient: handleSenseEvent appInfoUnits: {pkgName:com.mira.dating,activityName:com.mira.dating.MainActivity,winMode:1,event:COMMON,type:0,subEvent:0,pid:24910,uid:10474},
02-23 17:12:22.867  5843  5843 D FrontAppsEvent: onAppSceneUpdate, infoList:[{pkgName:com.mira.dating,activityName:,winMode:1,event:COMMON,type:0,subEvent:0,pid:24910,uid:10474}]
02-23 17:12:22.867  5709  5709 D AppSenseClient: handleSenseEvent clients: 1
02-23 17:12:22.867  5709  5709 D AppSenseClient: handleSenseEvent clientId: 192076186
02-23 17:12:22.867  5709  5709 D AppSenseClient: notifyAppEvent: pkgName: com.mira.dating,activityName:com.mira.dating.MainActivity;state: 1;event: COMMON;type: 0;subEvent: 0;pid: 24910;uid: 10474
02-23 17:12:22.867  5709  5709 D AppSenseClient: notifyAppChanges: [{pkgName:com.mira.dating,activityName:com.mira.dating.MainActivity,winMode:1,event:COMMON,type:0,subEvent:0,pid:24910,uid:10474}]
02-23 17:12:22.867  5709  5709 D NhsAppSenseListener: onAppEvent enter
02-23 17:12:22.867  5709  5709 D NhsAppSenseListener: new event: event=0, state=1, pkg=com.mira.dating, type=0, subEvent=0
02-23 17:12:22.867  5709  5709 D NhsAppSenseListener: onAppChanged, app list size: 1
02-23 17:12:22.868  5843 11785 D CommonApp-137-10474: choiceScoreWay
02-23 17:12:22.868  5843 11785 D CommonApp-137-10474: useTraditionalScore
02-23 17:12:22.868  5843 11785 D CommonApp-137-10474: initState
02-23 17:12:22.868  5843 11785 D CommonApp-137-10474: createScenarios
02-23 17:12:22.868  5843 11785 D CommonApp-137-10474: init end
02-23 17:12:22.868  5843 11785 D Subsys-ScoreAppManager: unit: {pkgName:com.mira.dating,activityName:,winMode:1,event:COMMON,type:0,subEvent:0,pid:24910,uid:10474}
02-23 17:12:22.868 24910 24910 W VRI[MainActivity]: performTraversals: cancelAndRedraw, mLastPerformTraversalsSkipDrawReasonpredraw_expo.modules.splashscreen.SplashScreenManager$registerOnActivity$1
02-23 17:12:22.868  5843 11785 D CommonApp-137-10474: CommonState enter
02-23 17:12:22.868  5640  6327 D AppSenseClient: handleMessage: 100
02-23 17:12:22.868  5843 11785 D CommonApp-137-10474: DefaultState EVENT_INIT_STATE_COMPLETE
02-23 17:12:22.868  5843 11785 D CommonApp-137-10474: startDataCollection
02-23 17:12:22.868  5843 11785 D CommonApp-137-10474: current network is cellular
02-23 17:12:22.868  5843 11785 D STS-ModemDataCollection-2: ModemDataCollection, mSlotId = 0
02-23 17:12:22.868  5843 11785 D RadioProxyJ[0]: [90617]> setQosConfig enabled:1 config:[3]
02-23 17:12:22.869  5640  6327 D AppSenseClient: handleSenseEvent appInfoUnits: {pkgName:com.mira.dating,activityName:com.mira.dating.MainActivity,winMode:1,event:COMMON,type:0,subEvent:0,pid:24910,uid:10474},
02-23 17:12:22.869  5640  6327 D AppSenseClient: handleSenseEvent clients: 1
02-23 17:12:22.869  5640  6327 D AppSenseClient: handleSenseEvent clientId: 187566508
02-23 17:12:22.869  5640  6327 D AppSenseClient: notifyAppEvent: pkgName: com.mira.dating,activityName:com.mira.dating.MainActivity;state: 1;event: COMMON;type: 0;subEvent: 0;pid: 24910;uid: 10474
02-23 17:12:22.869  5843 11785 D NetworkService[0]: registerEventRegistrants eventId:25,what:43,obj:null,messenger:null,handler:Handler (com.oplus.sense.netscore.n0) {73cb18b}
02-23 17:12:22.869  5843 11785 D ModemStuckAnalyse2: ModemStuckAnalyse, mSlotId = 0
02-23 17:12:22.869  5640  6327 D AppSenseClient: notifyAppChanges: [{pkgName:com.mira.dating,activityName:com.mira.dating.MainActivity,winMode:1,event:COMMON,type:0,subEvent:0,pid:24910,uid:10474}]
02-23 17:12:22.869  5843 11785 D NetlinkUtils: sendToKernel byteBuffer:java.nio.HeapByteBuffer[pos=32 lim=32 cap=32],nlmsg_pid:5843,nlmsg_type:53,cmdType:1,type:9,nla_len:12
02-23 17:12:22.869  5843 11785 D NetlinkUtils: sendTransportScoreInfo result:true
02-23 17:12:22.869  5843 11785 D Subsys-ScoreAppManager: handleMessage what:40
02-23 17:12:22.869  5843 11785 D Subsys-ScoreAppManager: EVENT_SCORE_STATE_INFOtrue
02-23 17:12:22.869  5843 11785 D ScorePolicyManager: handleMessage: SCORE_STATE_CHANGEtrue
02-23 17:12:22.869  2822  2933 D QmiVsClient: setQosConfig - enter
02-23 17:12:22.869  2822  2933 E QmiVsClient: sendAsyncRequest QMI_VS_SET_QOS_CONFIG_REQ_MSG_V01 ret 0
02-23 17:12:22.869  2822  2933 D VsProxy : handleMessage msg is 4001
02-23 17:12:22.869  2822  2933 D RadioProxy: setQosConfig : response cb for instance 0
02-23 17:12:22.870  5843 11932 D AppSenseService: notifySenseEvent: {pkgName:com.mira.dating,activityName:com.mira.dating.MainActivity,winMode:1,event:COMMON,type:0,subEvent:0,pid:24910,uid:10474},
02-23 17:12:22.870  3819  3892 D AppSenseClient: handleMessage: 100
02-23 17:12:22.870  3819  3892 D AppSenseClient: handleSenseEvent appInfoUnits: {pkgName:com.mira.dating,activityName:com.mira.dating.MainActivity,winMode:1,event:COMMON,type:0,subEvent:0,pid:24910,uid:10474},
02-23 17:12:22.870  3819  3892 D AppSenseClient: handleSenseEvent clients: 1
02-23 17:12:22.870  3819  3892 D AppSenseClient: handleSenseEvent clientId: 143227100
02-23 17:12:22.870  5687  6028 D AppSenseClient: handleMessage: 100
02-23 17:12:22.870  5687  6028 D AppSenseClient: handleSenseEvent appInfoUnits: {pkgName:com.mira.dating,activityName:com.mira.dating.MainActivity,winMode:1,event:COMMON,type:0,subEvent:0,pid:24910,uid:10474},
02-23 17:12:22.870  5687  6028 D AppSenseClient: handleSenseEvent clients: 1
02-23 17:12:22.870  3819  3892 D AppSenseClient: notifyAppEvent: pkgName: com.mira.dating,activityName:com.mira.dating.MainActivity;state: 1;event: COMMON;type: 0;subEvent: 0;pid: 24910;uid: 10474
02-23 17:12:22.870  5687  6028 D AppSenseClient: handleSenseEvent clientId: 185453093
02-23 17:12:22.870  5687  6028 D AppSenseClient: notifyAppEvent: pkgName: com.mira.dating,activityName:com.mira.dating.MainActivity;state: 1;event: COMMON;type: 0;subEvent: 0;pid: 24910;uid: 10474
02-23 17:12:22.871  3819  3892 D AppSenseClient: notifyAppChanges: [{pkgName:com.mira.dating,activityName:com.mira.dating.MainActivity,winMode:1,event:COMMON,type:0,subEvent:0,pid:24910,uid:10474}]
02-23 17:12:22.871  5687  6028 D AppSenseClient: notifyAppChanges: [{pkgName:com.mira.dating,activityName:com.mira.dating.MainActivity,winMode:1,event:COMMON,type:0,subEvent:0,pid:24910,uid:10474}]
02-23 17:12:22.871  5687  6028 D NAS-DataSceneEvent: onAppEvent enter
02-23 17:12:22.871  5687  6028 D NAS-DataSceneEvent: new event: event=0, state=1, pkg=com.mira.dating, type=0, subEvent=0
02-23 17:12:22.871  5687  6028 D NAS-DataSceneEvent: onAppChanged, app list size: 1
02-23 17:12:22.871  5687  6028 D NAS-DataSceneEvent: updateAppSenseChange [{pkgName:com.mira.dating,activityName:com.mira.dating.MainActivity,winMode:1,event:COMMON,type:0,subEvent:0,pid:24910,uid:10474}]
02-23 17:12:22.871  5843  7951 D RadioProxyJ[0]: [90617]< setQosConfigResponse 
02-23 17:12:22.872  5687  8062 E OplusNetlinkConnect: parse rsp msg failed!Message missing required fields: header
02-23 17:12:22.879 24910 24910 W VRI[MainActivity]: performTraversals: cancelAndRedraw, mLastPerformTraversalsSkipDrawReasonpredraw_expo.modules.splashscreen.SplashScreenManager$registerOnActivity$1
02-23 17:12:22.887  3819  5888 I OplusHansManager : FastFreeze exit, unfreeze uids: [10345]
02-23 17:12:22.887  3819  5888 I OplusHansManager : exit FastFreezer, unfreeze uids: [10345] thaw: [], reason: exitFF
02-23 17:12:22.888  3819  5888 I OplusHansManager : notify state machine event=FF_EXIT to uids=[10474, 10345, 99910344]
02-23 17:12:22.891 24910 24910 W VRI[MainActivity]: performTraversals: cancelAndRedraw, mLastPerformTraversalsSkipDrawReasonpredraw_expo.modules.splashscreen.SplashScreenManager$registerOnActivity$1
02-23 17:12:22.902 24910 24910 W VRI[MainActivity]: performTraversals: cancelAndRedraw, mLastPerformTraversalsSkipDrawReasonpredraw_expo.modules.splashscreen.SplashScreenManager$registerOnActivity$1
02-23 17:12:22.913 24910 24910 D VRI[MainActivity]:  debugCancelDraw some OnPreDrawListener onPreDraw return false,cancelDraw=true,count=50,android.view.ViewRootImpl@efed7fd
02-23 17:12:22.914 24910 24910 W VRI[MainActivity]: performTraversals: cancelAndRedraw, mLastPerformTraversalsSkipDrawReasonpredraw_expo.modules.splashscreen.SplashScreenManager$registerOnActivity$1
02-23 17:12:22.924 24910 24910 W VRI[MainActivity]: performTraversals: cancelAndRedraw, mLastPerformTraversalsSkipDrawReasonpredraw_expo.modules.splashscreen.SplashScreenManager$registerOnActivity$1
02-23 17:12:22.936 24910 24910 W VRI[MainActivity]: performTraversals: cancelAndRedraw, mLastPerformTraversalsSkipDrawReasonpredraw_expo.modules.splashscreen.SplashScreenManager$registerOnActivity$1
02-23 17:12:22.937  3819  6033 D ActivityManager: Async freezing 28423 com.android.vending
02-23 17:12:22.941  5437  6757 V OsAgent : broadcastSystemEvent - 7
02-23 17:12:22.943 28423 28423 I Finsky  : [2] Memory trim requested to level 40
02-23 17:12:22.943 28423 28423 I Finsky  : [2] Flushing in-memory image cache
02-23 17:12:22.947 24910 24910 W VRI[MainActivity]: performTraversals: cancelAndRedraw, mLastPerformTraversalsSkipDrawReasonpredraw_expo.modules.splashscreen.SplashScreenManager$registerOnActivity$1
02-23 17:12:22.960 24910 24910 W VRI[MainActivity]: performTraversals: cancelAndRedraw, mLastPerformTraversalsSkipDrawReasonpredraw_expo.modules.splashscreen.SplashScreenManager$registerOnActivity$1
02-23 17:12:22.967  2332  2486 D vendor.oplus.hardware.charger-V10-service: ret_value:130, read content:,338,341,4419,4419,0,97,100,1,3,1048704,197,4919,99,1,4490,500,500,0,7,-22,7,0,1,0,2,1,0,0,4,5990,100,11155,5397,5614,0,0,0,0,0,0
02-23 17:12:22.967  2332  2486 D vendor.oplus.hardware.charger-V10-service: gmtime: 2026-02-23-17-12-22
02-23 17:12:22.967  2332  2486 D vendor.oplus.hardware.charger-V10-service: usb_online:1, ac_online:-2147483648, wireless_online:-2147483648
02-23 17:12:22.970 24910 24910 W VRI[MainActivity]: performTraversals: cancelAndRedraw, mLastPerformTraversalsSkipDrawReasonpredraw_expo.modules.splashscreen.SplashScreenManager$registerOnActivity$1
02-23 17:12:22.981 24910 24910 W VRI[MainActivity]: performTraversals: cancelAndRedraw, mLastPerformTraversalsSkipDrawReasonpredraw_expo.modules.splashscreen.SplashScreenManager$registerOnActivity$1
02-23 17:12:22.991 24910 24910 W VRI[MainActivity]: performTraversals: cancelAndRedraw, mLastPerformTraversalsSkipDrawReasonpredraw_expo.modules.splashscreen.SplashScreenManager$registerOnActivity$1
02-23 17:12:23.004 24910 24910 W VRI[MainActivity]: performTraversals: cancelAndRedraw, mLastPerformTraversalsSkipDrawReasonpredraw_expo.modules.splashscreen.SplashScreenManager$registerOnActivity$1
02-23 17:12:23.014 24910 24910 W VRI[MainActivity]: performTraversals: cancelAndRedraw, mLastPerformTraversalsSkipDrawReasonpredraw_expo.modules.splashscreen.SplashScreenManager$registerOnActivity$1
02-23 17:12:23.016  3571  3571 I OplusTouchDaemon: ts_run_service: shellback temperature updated 35 (35397)
02-23 17:12:23.025 24910 24910 W VRI[MainActivity]: performTraversals: cancelAndRedraw, mLastPerformTraversalsSkipDrawReasonpredraw_expo.modules.splashscreen.SplashScreenManager$registerOnActivity$1
02-23 17:12:23.037 24910 24910 W VRI[MainActivity]: performTraversals: cancelAndRedraw, mLastPerformTraversalsSkipDrawReasonpredraw_expo.modules.splashscreen.SplashScreenManager$registerOnActivity$1
02-23 17:12:23.049 24910 24910 W VRI[MainActivity]: performTraversals: cancelAndRedraw, mLastPerformTraversalsSkipDrawReasonpredraw_expo.modules.splashscreen.SplashScreenManager$registerOnActivity$1
02-23 17:12:23.059 24910 24910 W VRI[MainActivity]: performTraversals: cancelAndRedraw, mLastPerformTraversalsSkipDrawReasonpredraw_expo.modules.splashscreen.SplashScreenManager$registerOnActivity$1
02-23 17:12:23.067  2407  3177 D VRR [OTI]: handleIdle from 0 to 1
02-23 17:12:23.067  2407  3177 D VRR [OTI-HW]: isStateReady 1
02-23 17:12:23.067  2407  3177 D VRR [RefreshRateDirector]: requestRefreshRateByOti insert [ oti-hw, {fps=60, modePtr={id=1, vsyncRate=60.00 Hz, peakRefreshRate=60.00 Hz}} ]
02-23 17:12:23.067  2407  3177 D VRR [RefreshRateDirector]: updateBestFrameRate [oti-hw, {fps=60, modePtr={id=1, vsyncRate=60.00 Hz, peakRefreshRate=60.00 Hz}}]
02-23 17:12:23.067  2407  3177 D SurfaceFlinger: VRR [SurfaceFlinger] setDesiredActiveMode: displayId: 4630946652107814787, renderRate: 60, vsyncRate: 60, event: 1
02-23 17:12:23.067  2407  3177 D DisplayModeController: setDesiredMode 4630946652107814787 {mode={fps=60.00 Hz, modePtr={id=1, vsyncRate=60.00 Hz, peakRefreshRate=60.00 Hz}}, emitEvent=true, force=false}
02-23 17:12:23.069 24910 24910 W VRI[MainActivity]: performTraversals: cancelAndRedraw, mLastPerformTraversalsSkipDrawReasonpredraw_expo.modules.splashscreen.SplashScreenManager$registerOnActivity$1
02-23 17:12:23.069  2407  2407 I HWC2    : [0] setActiveConfigWithConstraints[1]
02-23 17:12:23.070  2237  2901 I SDM     : HWCDisplay::SetActiveConfigToIrisWrapper: SetActiveConfigToIrisWrapper on id_: 0
02-23 17:12:23.070  2237  2901 W SDM     : HWCDisplay::SetActiveConfigToIrisWrapper: HWC SetActiveConfig [2, 1], switch to [1264x2780@60]
02-23 17:12:23.070  2237  2901 W SDM     : HWDeviceDRM::GetSupportedBitClkRate: Requested rate not supported: 1012000000
02-23 17:12:23.071  2237  2901 I SDM     : HWDeviceDRM::UpdateMixerAttributes: Mixer WxH 1264x2780-1 for Peripheral
02-23 17:12:23.071  2237  2901 I CwbService: CwbService::notifyConfigChange: display:0, config:1 size:4, sec.size():0
02-23 17:12:23.071  2237  2901 I CwbService: CwbService::notifyConfigChange: display: 0, config = 1
02-23 17:12:23.071  2237  2901 I SDM     : HWCDisplay::SubmitDisplayConfig: Active configuration changed from config 2 to 1
02-23 17:12:23.075 24910 24910 W VRI[MainActivity]: performTraversals: cancelAndRedraw, mLastPerformTraversalsSkipDrawReasonpredraw_expo.modules.splashscreen.SplashScreenManager$registerOnActivity$1
02-23 17:12:23.080  2407  3177 D VRR [OTI-HW]: isStateReady 1
02-23 17:12:23.080  2407  3177 D VRR [OTI-HW]: keep rate.
02-23 17:12:23.080  3819  3985 D OplusFeatureDMR[display=0]: onConfigChanged threadId=70 threadName=OplusDisplayWorkHandler physicalDisplayId=4630946652107814787 modeId=1  
02-23 17:12:23.082  3819  3892 I DisplayDeviceRepository: Display device changed render timings: "Built-in Screen", renderFrameRate=60.000004, presentationDeadlineNanos=16666666, appVsyncOffsetNanos=1000000, frameRateOverrides=[]
02-23 17:12:23.082  3819  3892 D LogicalDisplayExt: set displayInfo flag FLAG_ROTATES_WITH_CONTENT
02-23 17:12:23.083  3819  3892 D DisplayManagerService: Delivering display event: displayId=0, event=EVENT_DISPLAY_REFRESH_RATE_CHANGED
02-23 17:12:23.085  3819  3890 D WindowManager: DeferredDisplayUpdater: partially applying DisplayInfo(1264 x 2780) immediately
02-23 17:12:23.086  3819  3890 D OplusVFXScreenEffectFeature: notifySFCompatWindowStateChange entered false
02-23 17:12:23.086  3819  3890 D FSS_FoldScreenBlackCoverController: displayChangeToOn, dc:Display{#0 state=ON size=1080x2376 ROTATION_0}
02-23 17:12:23.086  2407  3759 D [PREVIEW]: SF obtain preview_adapter: 0
02-23 17:12:23.086  2407  3759 D [PREVIEW]: TabletPreviewAdapter::parallel world 0
02-23 17:12:23.087  5443  5443 D Colorful_SmoothTransitionProxy: onDisplayChanged state:2, displayId:0, isScreenOn:true 
02-23 17:12:23.087  5443  5443 D VFX:DisplayUtils: surface resolution: 1264 x 2780, refreshRate: 60.000004
02-23 17:12:23.087  5443  5443 I VFX:DisplayUtils: Display params updating - old: 90.0Hz, new: 60.000004Hz
02-23 17:12:23.087  5443  5443 D BufferedFrameRenderer: Display changed (system callback) - refreshRate: 60.000004, size: 1264x2780
02-23 17:12:23.087  5443  5443 I VFX:DisplayUtils: Display changed - refreshRate: 60.000004, size: 1264x2780
02-23 17:12:23.088  2376  2573 D AudioBoost: audioSchedBoost, pid=2376, tid=2573, enable=1, ret=0
02-23 17:12:23.088  2376  2573 D AudioFlingerExtImpl: AudioFlingerExtImpl oplusSetParameters: keyvalue screen_state=on
02-23 17:12:23.088  3819  3819 E OplusGestureAnimationManagerPolicy: mScreenHeight:2376 mScreenWidth:1080 mRotation:0
02-23 17:12:23.088  2179  4904 D AHAL: AudioDevice: SetParameters: 1972: enter: screen_state=on
02-23 17:12:23.088  2179  4904 D AHAL: hfp: hfp_set_parameters: 667: enter
02-23 17:12:23.088  2179  4904 D AHAL: AudioDevice: SetParameters: 2077:  - screen = on
02-23 17:12:23.088  2179  4904 D AHAL: AudioDevice: SetParameters: 2821: exit
02-23 17:12:23.089  2376  2573 D AudioBoost: audioSchedBoost, pid=2376, tid=2573, enable=0, ret=0
02-23 17:12:23.090  5472  5472 W OPLUS_LOG_LOAD: ==LOGS PROG INFO, prog(com.android.systemui) ==
02-23 17:12:23.090  5472  5472 I KeyguardDisplayManager: onDisplayChanged displayId: 0
02-23 17:12:23.092  5472  5472 I SystemUi--Keyguard: KeyguardDisplayManagerExImpl-->orientationChanged=false, presentationDisplayChanged=false, lastPresentationWidth=0, lastPresentationHeight=0, lastPresentationDensity=0
02-23 17:12:23.103 24910 24910 W VRI[MainActivity]: performTraversals: cancelAndRedraw, mLastPerformTraversalsSkipDrawReasonpredraw_expo.modules.splashscreen.SplashScreenManager$registerOnActivity$1
02-23 17:12:23.120 24910 24910 W VRI[MainActivity]: performTraversals: cancelAndRedraw, mLastPerformTraversalsSkipDrawReasonpredraw_expo.modules.splashscreen.SplashScreenManager$registerOnActivity$1
02-23 17:12:23.130  3819  4048 D VRR [OPlusRefreshRateService]: handleConfigIdChange physicalDisplayId: 4630946652107814787 configId: 1 renderPeriod: 16666666
02-23 17:12:23.131  3819  4048 D VRR [OPlusGameStatusManager]: updateGameState mOSyncFeatureSwitch: false mIsGamePolicy: false
02-23 17:12:23.131  3819  4048 D VRR [OPlusGameStatusManager]: updateGameAccelerationStatus pkgName: com.mira.dating mOSyncFeatureSwitch: false mIsGamePolicy: false mHeartStop: false mHasFlickerRisk: false mForceAcceleration: false mToastReady: false enable: false
02-23 17:12:23.132  2198 24003 E WifiHAL : WLAN_DIAG_TYPE_CONFIG - possible buffer over access, length=1456 count=16 hdr_size=8 payload len=12966
02-23 17:12:23.132  2198 24003 E WifiHAL : WLAN_DIAG_TYPE_CONFIG - possible buffer over access, length=1448 count=16 hdr_size=8 payload len=12966
02-23 17:12:23.132  2198 24003 E WifiHAL : WLAN_DIAG_TYPE_CONFIG - possible buffer over access, length=1472 count=16 hdr_size=8 payload len=12966
02-23 17:12:23.139 24910 24910 W VRI[MainActivity]: performTraversals: cancelAndRedraw, mLastPerformTraversalsSkipDrawReasonpredraw_expo.modules.splashscreen.SplashScreenManager$registerOnActivity$1
02-23 17:12:23.141  5843 11785 D CommonApp-137-10474: transport layer data is invalid
02-23 17:12:23.141  5843 11785 D ScorePolicy: handleScoreChanged: []
02-23 17:12:23.141  5843 11785 D ScorePolicy: handleScoreChanged: []
02-23 17:12:23.141  5843 11785 D ScorePolicy: handleScoreChanged: []
02-23 17:12:23.156 24910 24910 W VRI[MainActivity]: performTraversals: cancelAndRedraw, mLastPerformTraversalsSkipDrawReasonpredraw_expo.modules.splashscreen.SplashScreenManager$registerOnActivity$1
02-23 17:12:23.165  2822  4325 D QmiClient: qmiServiceEventCallback recv msg id 47
02-23 17:12:23.165  2822  4325 D QmiClient: enter -mServiceType 10 onQmiServiceEventCallback msgId 47
02-23 17:12:23.165  2822  4325 D QmiClient: onQmiServiceEventCallback - enter. msgId=47
02-23 17:12:23.165  2822  2960 D OttProxy: handleMessage msg is 3001
02-23 17:12:23.166  5843  7951 D SubsysRadioIndication[0]: radioLinkLatencyInfoInd
02-23 17:12:23.166  5843  7951 D SubsysRadioIndication[0]: notify enter
02-23 17:12:23.166  5843  5843 D NetworkService[0]: handleMessage what:1008
02-23 17:12:23.166  5843  5843 D NetworkService[0]: EVENT_REG_LINK_LATENCY_INFO_CHANGE ulLatency:13882
02-23 17:12:23.170  2332  2490 D BatteryChargeControl: bcc get no support from charging protocol
02-23 17:12:23.172 24910 24910 W VRI[MainActivity]: performTraversals: cancelAndRedraw, mLastPerformTraversalsSkipDrawReasonpredraw_expo.modules.splashscreen.SplashScreenManager$registerOnActivity$1
02-23 17:12:23.181  3819  4048 D VRR [OPlusSAManager]: updateAutoMinfps for 4630946652107814787 with nits: 97.84091, mHistOK true, mAmbientOK true, mCctOK true, mIrOK true, mBrightnessOK true, isPkgOK true, SA min fps: 119
02-23 17:12:23.182  2407  3229 I VRR-[OPlusRefreshRateSelector]: updateAutoMode success, display 0, mode 0, fakeframe 0, min fps: 1
02-23 17:12:23.182  2237  2901 I SDM     : DisplayBuiltIn::SetQSyncModeLocked: VRR + update qsync mode 0 minfps 00C08081
02-23 17:12:23.182  2237  2901 I SDM     : HWDeviceDRM::OPlusIsQSyncMinFpsForAuto: VRR +  OPlusIsQSyncMinFpsForAuto: 1
02-23 17:12:23.182  2237  2901 I SDM     : DisplayBuiltIn::SetQSyncModeLocked: VRR + needs_avr_update_ 0
02-23 17:12:23.189 24910 24910 W VRI[MainActivity]: performTraversals: cancelAndRedraw, mLastPerformTraversalsSkipDrawReasonpredraw_expo.modules.splashscreen.SplashScreenManager$registerOnActivity$1
02-23 17:12:23.189  2237  2612 I SDM     : HWDeviceDRM::OPlusIsQSyncMinFpsForAuto: VRR +  OPlusIsQSyncMinFpsForAuto: 1
02-23 17:12:23.189  2237  2612 E SDM     : DRMConnector::Perform: Connector 69: Setting Qsync min fps 12615809
02-23 17:12:23.197  2198 24003 E WifiHAL : WLAN_DIAG_TYPE_CONFIG - possible buffer over access, length=1468 count=16 hdr_size=8 payload len=12966
02-23 17:12:23.197  2198 24003 E WifiHAL : WLAN_DIAG_TYPE_CONFIG - possible buffer over access, length=1468 count=16 hdr_size=8 payload len=12966
02-23 17:12:23.197  2198 24003 E WifiHAL : WLAN_DIAG_TYPE_CONFIG - possible buffer over access, length=1472 count=16 hdr_size=8 payload len=12966
02-23 17:12:23.206 24910 24910 W VRI[MainActivity]: performTraversals: cancelAndRedraw, mLastPerformTraversalsSkipDrawReasonpredraw_expo.modules.splashscreen.SplashScreenManager$registerOnActivity$1
02-23 17:12:23.222 24910 24910 W VRI[MainActivity]: performTraversals: cancelAndRedraw, mLastPerformTraversalsSkipDrawReasonpredraw_expo.modules.splashscreen.SplashScreenManager$registerOnActivity$1
02-23 17:12:23.240 24910 24910 W VRI[MainActivity]: performTraversals: cancelAndRedraw, mLastPerformTraversalsSkipDrawReasonpredraw_expo.modules.splashscreen.SplashScreenManager$registerOnActivity$1
02-23 17:12:23.256 24910 24910 W VRI[MainActivity]: performTraversals: cancelAndRedraw, mLastPerformTraversalsSkipDrawReasonpredraw_expo.modules.splashscreen.SplashScreenManager$registerOnActivity$1
02-23 17:12:23.260  2237  2612 I SDM     : DisplayBase::CommitThread: Received idle timeout, panel: cmd, timeout: 70000 us
02-23 17:12:23.273 24910 24910 W VRI[MainActivity]: performTraversals: cancelAndRedraw, mLastPerformTraversalsSkipDrawReasonpredraw_expo.modules.splashscreen.SplashScreenManager$registerOnActivity$1
02-23 17:12:23.289 24910 24910 W VRI[MainActivity]: performTraversals: cancelAndRedraw, mLastPerformTraversalsSkipDrawReasonpredraw_expo.modules.splashscreen.SplashScreenManager$registerOnActivity$1
02-23 17:12:23.307 24910 24910 W VRI[MainActivity]: performTraversals: cancelAndRedraw, mLastPerformTraversalsSkipDrawReasonpredraw_expo.modules.splashscreen.SplashScreenManager$registerOnActivity$1
02-23 17:12:23.323 24910 24910 W VRI[MainActivity]: performTraversals: cancelAndRedraw, mLastPerformTraversalsSkipDrawReasonpredraw_expo.modules.splashscreen.SplashScreenManager$registerOnActivity$1
02-23 17:12:23.340 24910 24910 W VRI[MainActivity]: performTraversals: cancelAndRedraw, mLastPerformTraversalsSkipDrawReasonpredraw_expo.modules.splashscreen.SplashScreenManager$registerOnActivity$1
02-23 17:12:23.356 24910 24910 W VRI[MainActivity]: performTraversals: cancelAndRedraw, mLastPerformTraversalsSkipDrawReasonpredraw_expo.modules.splashscreen.SplashScreenManager$registerOnActivity$1
02-23 17:12:23.372  5687  6427 D UlPriorityPolicyForeground: match: config has not com.mira.dating
02-23 17:12:23.373 24910 24910 W VRI[MainActivity]: performTraversals: cancelAndRedraw, mLastPerformTraversalsSkipDrawReasonpredraw_expo.modules.splashscreen.SplashScreenManager$registerOnActivity$1
02-23 17:12:23.388 24910 24910 W VRI[MainActivity]: performTraversals: cancelAndRedraw, mLastPerformTraversalsSkipDrawReasonpredraw_expo.modules.splashscreen.SplashScreenManager$registerOnActivity$1
02-23 17:12:23.407 24910 24910 W VRI[MainActivity]: performTraversals: cancelAndRedraw, mLastPerformTraversalsSkipDrawReasonpredraw_expo.modules.splashscreen.SplashScreenManager$registerOnActivity$1
02-23 17:12:23.423 24910 24910 W VRI[MainActivity]: performTraversals: cancelAndRedraw, mLastPerformTraversalsSkipDrawReasonpredraw_expo.modules.splashscreen.SplashScreenManager$registerOnActivity$1
02-23 17:12:23.439 24910 24910 W VRI[MainActivity]: performTraversals: cancelAndRedraw, mLastPerformTraversalsSkipDrawReasonpredraw_expo.modules.splashscreen.SplashScreenManager$registerOnActivity$1
02-23 17:12:23.456 24910 24910 W VRI[MainActivity]: performTraversals: cancelAndRedraw, mLastPerformTraversalsSkipDrawReasonpredraw_expo.modules.splashscreen.SplashScreenManager$registerOnActivity$1
02-23 17:12:23.472 24910 24910 W VRI[MainActivity]: performTraversals: cancelAndRedraw, mLastPerformTraversalsSkipDrawReasonpredraw_expo.modules.splashscreen.SplashScreenManager$registerOnActivity$1
02-23 17:12:23.490 24910 24910 W VRI[MainActivity]: performTraversals: cancelAndRedraw, mLastPerformTraversalsSkipDrawReasonpredraw_expo.modules.splashscreen.SplashScreenManager$registerOnActivity$1
02-23 17:12:23.506 24910 24910 W VRI[MainActivity]: performTraversals: cancelAndRedraw, mLastPerformTraversalsSkipDrawReasonpredraw_expo.modules.splashscreen.SplashScreenManager$registerOnActivity$1
02-23 17:12:23.515  2198 24003 E WifiHAL : WLAN_DIAG_TYPE_CONFIG - possible buffer over access, length=1476 count=16 hdr_size=8 payload len=12966
02-23 17:12:23.516  2198 24003 E WifiHAL : WLAN_DIAG_TYPE_CONFIG - possible buffer over access, length=1464 count=16 hdr_size=8 payload len=12966
02-23 17:12:23.516  2198 24003 E WifiHAL : WLAN_DIAG_TYPE_CONFIG - possible buffer over access, length=1480 count=16 hdr_size=8 payload len=12966
02-23 17:12:23.522 24910 24910 W VRI[MainActivity]: performTraversals: cancelAndRedraw, mLastPerformTraversalsSkipDrawReasonpredraw_expo.modules.splashscreen.SplashScreenManager$registerOnActivity$1
02-23 17:12:23.539 24910 24910 W VRI[MainActivity]: performTraversals: cancelAndRedraw, mLastPerformTraversalsSkipDrawReasonpredraw_expo.modules.splashscreen.SplashScreenManager$registerOnActivity$1
02-23 17:12:23.556 24910 24910 W VRI[MainActivity]: performTraversals: cancelAndRedraw, mLastPerformTraversalsSkipDrawReasonpredraw_expo.modules.splashscreen.SplashScreenManager$registerOnActivity$1
02-23 17:12:23.573 24910 24910 W VRI[MainActivity]: performTraversals: cancelAndRedraw, mLastPerformTraversalsSkipDrawReasonpredraw_expo.modules.splashscreen.SplashScreenManager$registerOnActivity$1
02-23 17:12:23.588 24910 25030 D OplusScrollToTopManager: com.mira.dating/com.mira.dating.MainActivity,This com.android.internal.policy.DecorView{4c30847 V.ED..... R....... 0,0-1080,2376 aid=1073741824 alpha=1.0 viewInfo = }[MainActivity] change focus to true
02-23 17:12:23.588 24910 24910 W VRI[MainActivity]: performTraversals: cancelAndRedraw, mLastPerformTraversalsSkipDrawReasonpredraw_expo.modules.splashscreen.SplashScreenManager$registerOnActivity$1
02-23 17:12:23.606  5843  6547 D RadioProxyJ[0]: [90618]> getRRCStatus
02-23 17:12:23.606 24910 24910 W VRI[MainActivity]: performTraversals: cancelAndRedraw, mLastPerformTraversalsSkipDrawReasonpredraw_expo.modules.splashscreen.SplashScreenManager$registerOnActivity$1
02-23 17:12:23.606  5843  6547 D RadioProxyJ[1]: [90619]> getRRCStatus
02-23 17:12:23.607  2822  3004 D QmiNasClient: getRRCStatus - enter
02-23 17:12:23.607  3694  3732 D QmiNasClient: getRRCStatus - enter
02-23 17:12:23.608  3694  4275 D QmiNasClient: getRRCStatus callback - enter
02-23 17:12:23.608  3694  4275 D QmiNasClient: getRRCStatus result.rsp.rrcStatusInfo.rrcStatus = 0
02-23 17:12:23.608  2822  4271 D QmiNasClient: getRRCStatus callback - enter
02-23 17:12:23.608  2822  4271 D QmiNasClient: getRRCStatus result.rsp.rrcStatusInfo.rrcStatus = 1
02-23 17:12:23.608  3694  3732 D NasProxy: handleMessage msg is 4001
02-23 17:12:23.608  3694  3732 D RadioProxy: getRRCStatus : response cb for instance 1
02-23 17:12:23.608  2822  3004 D NasProxy: handleMessage msg is 4001
02-23 17:12:23.608  2822  3004 D RadioProxy: getRRCStatus : response cb for instance 0
02-23 17:12:23.609  5843  7951 D RadioProxyJ[1]: [90619]< getRRCStatusResponse 0
02-23 17:12:23.609  5843  8140 D RadioProxyJ[0]: [90618]< getRRCStatusResponse 1
02-23 17:12:23.609  5843  6547 D CoexRfService: report RRC state:true
02-23 17:12:23.616  3819  4972 D OplusWifiSarManager: wifisarprop msg=11110000001110000:1:0 sar_idx=11110000001010000:1:0
02-23 17:12:23.618  3819  4972 I OplusWifiSarManager: Received Data State Change: 2
02-23 17:12:23.619  5843  5843 D SubsysEventListenerManager-SubsysTelephonyCallback[0]: onDataActivity
02-23 17:12:23.619  5843  5843 D DataService[0]: onDataActivity direction:2
02-23 17:12:23.619  5472  5472 D Tile.OplusCellularTile: refreshState: tile not listening, ignore
02-23 17:12:23.622 24910 24910 W VRI[MainActivity]: performTraversals: cancelAndRedraw, mLastPerformTraversalsSkipDrawReasonpredraw_expo.modules.splashscreen.SplashScreenManager$registerOnActivity$1
02-23 17:12:23.623  5472  5697 I SystemUi--Statusbar: MobileConnectionRepositoryImpl-->subId:2 isSoftSimCard:false slotId:0
02-23 17:12:23.638 24910 24910 W VRI[MainActivity]: performTraversals: cancelAndRedraw, mLastPerformTraversalsSkipDrawReasonpredraw_expo.modules.splashscreen.SplashScreenManager$registerOnActivity$1
02-23 17:12:23.655 24910 24910 W VRI[MainActivity]: performTraversals: cancelAndRedraw, mLastPerformTraversalsSkipDrawReasonpredraw_expo.modules.splashscreen.SplashScreenManager$registerOnActivity$1
02-23 17:12:23.656  2198 24003 E WifiHAL : WLAN_DIAG_TYPE_CONFIG - possible buffer over access, length=1472 count=16 hdr_size=8 payload len=12966
02-23 17:12:23.657  2198 24003 E WifiHAL : WLAN_DIAG_TYPE_CONFIG - possible buffer over access, length=1468 count=16 hdr_size=8 payload len=12966
02-23 17:12:23.672 24910 24910 W VRI[MainActivity]: performTraversals: cancelAndRedraw, mLastPerformTraversalsSkipDrawReasonpredraw_expo.modules.splashscreen.SplashScreenManager$registerOnActivity$1
02-23 17:12:23.680  3819  5360 D Osense-BaseDecisionMaker: notifyDelayedSceneToPolicy
02-23 17:12:23.683  3819  4048 D VRR [OPlusSAManager]: updateAutoMinfps for 4630946652107814787 with nits: 97.84091, mHistOK true, mAmbientOK true, mCctOK true, mIrOK true, mBrightnessOK true, isPkgOK true, SA min fps: 119
02-23 17:12:23.683  2407  3229 I VRR-[OPlusRefreshRateSelector]: updateAutoMode success, display 0, mode 0, fakeframe 0, min fps: 1
02-23 17:12:23.684  2237  2901 I SDM     : DisplayBuiltIn::SetQSyncModeLocked: VRR + update qsync mode 0 minfps 00C08081
02-23 17:12:23.684  2237  2901 I SDM     : HWDeviceDRM::OPlusIsQSyncMinFpsForAuto: VRR +  OPlusIsQSyncMinFpsForAuto: 1
02-23 17:12:23.684  2237  2901 I SDM     : DisplayBuiltIn::SetQSyncModeLocked: VRR + needs_avr_update_ 0
02-23 17:12:23.689 24910 24910 W VRI[MainActivity]: performTraversals: cancelAndRedraw, mLastPerformTraversalsSkipDrawReasonpredraw_expo.modules.splashscreen.SplashScreenManager$registerOnActivity$1
02-23 17:12:23.689  2237  2612 I SDM     : HWDeviceDRM::OPlusIsQSyncMinFpsForAuto: VRR +  OPlusIsQSyncMinFpsForAuto: 1
02-23 17:12:23.689  2237  2612 E SDM     : DRMConnector::Perform: Connector 69: Setting Qsync min fps 12615809
02-23 17:12:23.706 24910 24910 W VRI[MainActivity]: performTraversals: cancelAndRedraw, mLastPerformTraversalsSkipDrawReasonpredraw_expo.modules.splashscreen.SplashScreenManager$registerOnActivity$1
02-23 17:12:23.721 24910 24910 W VRI[MainActivity]: performTraversals: cancelAndRedraw, mLastPerformTraversalsSkipDrawReasonpredraw_expo.modules.splashscreen.SplashScreenManager$registerOnActivity$1
02-23 17:12:23.740 24910 24910 W VRI[MainActivity]: performTraversals: cancelAndRedraw, mLastPerformTraversalsSkipDrawReasonpredraw_expo.modules.splashscreen.SplashScreenManager$registerOnActivity$1
02-23 17:12:23.756 24910 24910 W VRI[MainActivity]: performTraversals: cancelAndRedraw, mLastPerformTraversalsSkipDrawReasonpredraw_expo.modules.splashscreen.SplashScreenManager$registerOnActivity$1
02-23 17:12:23.760  2237  2612 I SDM     : DisplayBase::CommitThread: Received idle timeout, panel: cmd, timeout: 70000 us
02-23 17:12:23.762  2198 24003 E WifiHAL : WLAN_DIAG_TYPE_CONFIG - possible buffer over access, length=1472 count=16 hdr_size=8 payload len=12966
02-23 17:12:23.763  2198 24003 E WifiHAL : WLAN_DIAG_TYPE_CONFIG - possible buffer over access, length=1444 count=16 hdr_size=8 payload len=12966
02-23 17:12:23.763  2198 24003 E WifiHAL : WLAN_DIAG_TYPE_CONFIG - possible buffer over access, length=1460 count=16 hdr_size=8 payload len=12966
02-23 17:12:23.773 24910 24910 W VRI[MainActivity]: performTraversals: cancelAndRedraw, mLastPerformTraversalsSkipDrawReasonpredraw_expo.modules.splashscreen.SplashScreenManager$registerOnActivity$1
02-23 17:12:23.791 24910 24910 W VRI[MainActivity]: performTraversals: cancelAndRedraw, mLastPerformTraversalsSkipDrawReasonpredraw_expo.modules.splashscreen.SplashScreenManager$registerOnActivity$1
02-23 17:12:23.808 24910 24910 W VRI[MainActivity]: performTraversals: cancelAndRedraw, mLastPerformTraversalsSkipDrawReasonpredraw_expo.modules.splashscreen.SplashScreenManager$registerOnActivity$1
02-23 17:12:23.824 24910 24910 W VRI[MainActivity]: performTraversals: cancelAndRedraw, mLastPerformTraversalsSkipDrawReasonpredraw_expo.modules.splashscreen.SplashScreenManager$registerOnActivity$1
02-23 17:12:23.839 24910 24910 W VRI[MainActivity]: performTraversals: cancelAndRedraw, mLastPerformTraversalsSkipDrawReasonpredraw_expo.modules.splashscreen.SplashScreenManager$registerOnActivity$1
02-23 17:12:23.855 24910 24910 W VRI[MainActivity]: performTraversals: cancelAndRedraw, mLastPerformTraversalsSkipDrawReasonpredraw_expo.modules.splashscreen.SplashScreenManager$registerOnActivity$1
02-23 17:12:23.873 24910 24910 W VRI[MainActivity]: performTraversals: cancelAndRedraw, mLastPerformTraversalsSkipDrawReasonpredraw_expo.modules.splashscreen.SplashScreenManager$registerOnActivity$1
02-23 17:12:23.890 24910 24910 W VRI[MainActivity]: performTraversals: cancelAndRedraw, mLastPerformTraversalsSkipDrawReasonpredraw_expo.modules.splashscreen.SplashScreenManager$registerOnActivity$1
02-23 17:12:23.902  3819  4716 W OPLUS_LOG_LOAD: ==LOGS PROG INFO, prog(system_server) ==
02-23 17:12:23.902  3819  4716 V AlarmManager: sending alarm Alarm{a5013eb type 1 origWhen 1771846943901 whenElapsed 181851597 android} uid 1000 whenElapsed 181851597 windowLength 0 maxWhenElapsed 181851597 repeatInterval 0 action null component null tag StorgaeBandInfoAlarmTag flags 0x9 procName system_server
02-23 17:12:23.905 24910 24910 W VRI[MainActivity]: performTraversals: cancelAndRedraw, mLastPerformTraversalsSkipDrawReasonpredraw_expo.modules.splashscreen.SplashScreenManager$registerOnActivity$1
02-23 17:12:23.905  3819 11087 E OplusStorageUFSBandwidth: storage_io_metrics_path is /proc/oplus_storage/io_metrics/forever/
02-23 17:12:23.907  3819 11087 E OplusStorageUFSBandwidth: Bandwidth - Read: 1.00 MB/s, Write: 0.50 MB/s
02-23 17:12:23.907  3819 11087 E OplusStorageUFSBandwidth: Task time: 2ms
02-23 17:12:23.916  3819 11087 E OplusStorageUFSBandwidth: Alarm set to trigger in 10 seconds
02-23 17:12:23.919  2822  4284 D QmiClient: qmiServiceEventCallback recv msg id 1099
02-23 17:12:23.919  2822  4284 D QmiClient: enter -mServiceType 4 onQmiServiceEventCallback msgId 1099
02-23 17:12:23.919  2822  4284 D QmiClient: onQmiServiceEventCallback - enter. msgId=1099
02-23 17:12:23.919  2822  4284 D QmiVsClientEvent: QosPeriodReportInd MSG IND data_len 2052
02-23 17:12:23.919  2822  4284 D QmiVsClientEvent: qmiVsClientNotifyQosPeriodReportIndEvent - RADIO_EVENT_QOS_PERIOD_REPORT_NOTIFY_IND
02-23 17:12:23.919  2822  2933 D VsProxy : handleMessage msg is 2420
02-23 17:12:23.919  2822  2933 D VsProxy : handleQosPeriodReportInd for instance 0 data_len 180
02-23 17:12:23.920  5843  8140 D SubsysRadioIndication[0]: radioQosPeriodReportInd result [8, -122, -114, -38, -54, 15, 18, 18, 8, -29, -116, -38, -54, 15, 16, 6, 32, -40, 3, 40, 6, 56, -106, 1, 72, 1, 26, 13, 8, -29, -116, -38, -54, 15, 16, 3, 40, 5, 56, -114, 4, 34, 12, 8, -49, -117, -38, -54, 15, 16, 3, 24, 3, 32, 1, 58, 60, 8, -80, -115, -38, -54, 15, 16, 5, 24, -32, -39, 38, 32, 34, 40, -92, -1, -1, -1, -1, -1, -1, -1, -1, 1, 48, -10, -1, -1, -1, -1, -1, -1, -1, -1, 1, 56, 10, 64, -93, -1, -1, -1, -1, -1, -1, -1, -1, 1, 72, -96, -1, -1, -1, -1, -1, -1, -1, -1, 1, 66, 30, 8, -66, -95, -48, -54, 15, 16, 5, 24, 2, 34, 18, 8, -32, -39, 38, 16, 34, 24, 78, 32, 13, 40, -127, -128, -121, -95, 12, 48, 2, 90, 0, 98, 10, 8, -48, -103, -48, -54, 15, 16, 3, 24, 5, 122, 15, 8, -112, -116, -38, -54, 15, 16, -124, 2, 24, -114, 2, 32, -12, 8]
02-23 17:12:23.920  5843  5843 D NetworkService[0]: handleMessage what:1005
02-23 17:12:23.921  5843  5843 D RadioAtomTracker: parseQosPeriodData ModemQos:CellularQosInfo{mSubId=2, mRat=5, mEndcState=2, mArfcn=634080, mPci=34, mBand=78, mDLBW=13, mRsrp=-92, mRsrq=-10, mSnr=10, mSvcStatus=3, mULTimeStamp=-1, mULPDCPNumDataPdu=6, mULPDCPNumDropPdu=0, mULPDCPTput=472, mULRLCNumDataPdu=6, mULRLCNumRetxPdu=0, mULGrant=150, mULBSR=0, mULBler=1, mDLTimeStamp=-1, mDLPDCPNumDataPdu=5, mDLPDCPTput=526, mDLRLCNumDataPdu=3, mDLRLCNumRetxPdu=0, mDLRLCNumDropPdu=0, mDLMACPaddingBytes=0, mDLPdcpNumMissToUppPdu=0, mDLBler=0, mRlfCount=0, mRachWithULGrantCount=0, mCellChangeCount=0, mIsRedirectionOccur=0, mIsDualSimConflict=0, mLatency=13, mCellId=3290546177, mNr5GScs=2, mSub1RrcState=3, mSub2RrcState=1, mRachCount=0, mRachAbortCount=0, mCalcPower=260, mMtpl=270, mPathLoss=1140, mFbrxCount=0, mCellLoad=0}
02-23 17:12:23.921  5843  5843 D NetworkService[0]: tryReportModemUlTPutGuarantee: clear calculator
02-23 17:12:23.921  5843  5843 D NetworkService[0]: EVENT_REG_QOS_PERIOD_REPORT_IND_CHANGED ENTER
02-23 17:12:23.921 24910 24910 W VRI[MainActivity]: performTraversals: cancelAndRedraw, mLastPerformTraversalsSkipDrawReasonpredraw_expo.modules.splashscreen.SplashScreenManager$registerOnActivity$1
02-23 17:12:23.940 24910 24910 W VRI[MainActivity]: performTraversals: cancelAndRedraw, mLastPerformTraversalsSkipDrawReasonpredraw_expo.modules.splashscreen.SplashScreenManager$registerOnActivity$1
02-23 17:12:23.957 24910 24910 W VRI[MainActivity]: performTraversals: cancelAndRedraw, mLastPerformTraversalsSkipDrawReasonpredraw_expo.modules.splashscreen.SplashScreenManager$registerOnActivity$1
02-23 17:12:23.973 24910 24910 W VRI[MainActivity]: performTraversals: cancelAndRedraw, mLastPerformTraversalsSkipDrawReasonpredraw_expo.modules.splashscreen.SplashScreenManager$registerOnActivity$1
02-23 17:12:23.989 24910 24910 W VRI[MainActivity]: performTraversals: cancelAndRedraw, mLastPerformTraversalsSkipDrawReasonpredraw_expo.modules.splashscreen.SplashScreenManager$registerOnActivity$1
02-23 17:12:24.005 24910 24910 W VRI[MainActivity]: performTraversals: cancelAndRedraw, mLastPerformTraversalsSkipDrawReasonpredraw_expo.modules.splashscreen.SplashScreenManager$registerOnActivity$1
02-23 17:12:24.006  3819  5672 I OplusHansManager : uid=10345, pkg=com.instagram.android cannot transition from M to F, importance=high-adj
02-23 17:12:24.022 24910 24910 W VRI[MainActivity]: performTraversals: cancelAndRedraw, mLastPerformTraversalsSkipDrawReasonpredraw_expo.modules.splashscreen.SplashScreenManager$registerOnActivity$1
02-23 17:12:24.030  2198 24003 E WifiHAL : WLAN_DIAG_TYPE_CONFIG - possible buffer over access, length=1456 count=16 hdr_size=8 payload len=12966
02-23 17:12:24.031  2198 24003 E WifiHAL : WLAN_DIAG_TYPE_CONFIG - possible buffer over access, length=1464 count=16 hdr_size=8 payload len=12966
02-23 17:12:24.032  2198 24003 E WifiHAL : WLAN_DIAG_TYPE_CONFIG - possible buffer over access, length=1460 count=16 hdr_size=8 payload len=12966
02-23 17:12:24.040 24910 24910 W VRI[MainActivity]: performTraversals: cancelAndRedraw, mLastPerformTraversalsSkipDrawReasonpredraw_expo.modules.splashscreen.SplashScreenManager$registerOnActivity$1
02-23 17:12:24.054 24910 24910 W VRI[MainActivity]: performTraversals: cancelAndRedraw, mLastPerformTraversalsSkipDrawReasonpredraw_expo.modules.splashscreen.SplashScreenManager$registerOnActivity$1
02-23 17:12:24.073 24910 24910 W VRI[MainActivity]: performTraversals: cancelAndRedraw, mLastPerformTraversalsSkipDrawReasonpredraw_expo.modules.splashscreen.SplashScreenManager$registerOnActivity$1
02-23 17:12:24.080  2822  4325 D QmiClient: qmiServiceEventCallback recv msg id 47
02-23 17:12:24.080  2822  4325 D QmiClient: enter -mServiceType 10 onQmiServiceEventCallback msgId 47
02-23 17:12:24.080  2822  4325 D QmiClient: onQmiServiceEventCallback - enter. msgId=47
02-23 17:12:24.080  2822  2960 D OttProxy: handleMessage msg is 3001
02-23 17:12:24.081  5843  8140 D SubsysRadioIndication[0]: radioLinkLatencyInfoInd
02-23 17:12:24.081  5843  8140 D SubsysRadioIndication[0]: notify enter
02-23 17:12:24.082  5843  5843 D NetworkService[0]: handleMessage what:1008
02-23 17:12:24.082  5843  5843 D NetworkService[0]: EVENT_REG_LINK_LATENCY_INFO_CHANGE ulLatency:13138
02-23 17:12:24.089 24910 24910 W VRI[MainActivity]: performTraversals: cancelAndRedraw, mLastPerformTraversalsSkipDrawReasonpredraw_expo.modules.splashscreen.SplashScreenManager$registerOnActivity$1
02-23 17:12:24.105 24910 24910 W VRI[MainActivity]: performTraversals: cancelAndRedraw, mLastPerformTraversalsSkipDrawReasonpredraw_expo.modules.splashscreen.SplashScreenManager$registerOnActivity$1
02-23 17:12:24.122 24910 24910 W VRI[MainActivity]: performTraversals: cancelAndRedraw, mLastPerformTraversalsSkipDrawReasonpredraw_expo.modules.splashscreen.SplashScreenManager$registerOnActivity$1
02-23 17:12:24.139 24910 24910 W VRI[MainActivity]: performTraversals: cancelAndRedraw, mLastPerformTraversalsSkipDrawReasonpredraw_expo.modules.splashscreen.SplashScreenManager$registerOnActivity$1
02-23 17:12:24.156 24910 24910 W VRI[MainActivity]: performTraversals: cancelAndRedraw, mLastPerformTraversalsSkipDrawReasonpredraw_expo.modules.splashscreen.SplashScreenManager$registerOnActivity$1
02-23 17:12:24.165  5843 11785 D CommonApp-137-10474: transport layer data is invalid
02-23 17:12:24.166  5843 11785 D ScorePolicy: handleScoreChanged: []
02-23 17:12:24.166  5843 11785 D ScorePolicy: handleScoreChanged: []
02-23 17:12:24.166  5843 11785 D ScorePolicy: handleScoreChanged: []
02-23 17:12:24.171  2332  2490 D BatteryChargeControl: bcc get no support from charging protocol
02-23 17:12:24.171 24910 24910 W VRI[MainActivity]: performTraversals: cancelAndRedraw, mLastPerformTraversalsSkipDrawReasonpredraw_expo.modules.splashscreen.SplashScreenManager$registerOnActivity$1
02-23 17:12:24.188 24910 24910 W VRI[MainActivity]: performTraversals: cancelAndRedraw, mLastPerformTraversalsSkipDrawReasonpredraw_expo.modules.splashscreen.SplashScreenManager$registerOnActivity$1
02-23 17:12:24.206 24910 24910 W VRI[MainActivity]: performTraversals: cancelAndRedraw, mLastPerformTraversalsSkipDrawReasonpredraw_expo.modules.splashscreen.SplashScreenManager$registerOnActivity$1
02-23 17:12:24.223 24910 24910 W VRI[MainActivity]: performTraversals: cancelAndRedraw, mLastPerformTraversalsSkipDrawReasonpredraw_expo.modules.splashscreen.SplashScreenManager$registerOnActivity$1
02-23 17:12:24.238 24910 24910 W VRI[MainActivity]: performTraversals: cancelAndRedraw, mLastPerformTraversalsSkipDrawReasonpredraw_expo.modules.splashscreen.SplashScreenManager$registerOnActivity$1
02-23 17:12:24.255 24910 24910 W VRI[MainActivity]: performTraversals: cancelAndRedraw, mLastPerformTraversalsSkipDrawReasonpredraw_expo.modules.splashscreen.SplashScreenManager$registerOnActivity$1
02-23 17:12:24.272 24910 24910 W VRI[MainActivity]: performTraversals: cancelAndRedraw, mLastPerformTraversalsSkipDrawReasonpredraw_expo.modules.splashscreen.SplashScreenManager$registerOnActivity$1
02-23 17:12:24.289 24910 24910 W VRI[MainActivity]: performTraversals: cancelAndRedraw, mLastPerformTraversalsSkipDrawReasonpredraw_expo.modules.splashscreen.SplashScreenManager$registerOnActivity$1
02-23 17:12:24.306 24910 24910 W VRI[MainActivity]: performTraversals: cancelAndRedraw, mLastPerformTraversalsSkipDrawReasonpredraw_expo.modules.splashscreen.SplashScreenManager$registerOnActivity$1
02-23 17:12:24.324 24910 24910 W VRI[MainActivity]: performTraversals: cancelAndRedraw, mLastPerformTraversalsSkipDrawReasonpredraw_expo.modules.splashscreen.SplashScreenManager$registerOnActivity$1
02-23 17:12:24.340 24910 24910 W VRI[MainActivity]: performTraversals: cancelAndRedraw, mLastPerformTraversalsSkipDrawReasonpredraw_expo.modules.splashscreen.SplashScreenManager$registerOnActivity$1
02-23 17:12:24.354 24910 24910 W VRI[MainActivity]: performTraversals: cancelAndRedraw, mLastPerformTraversalsSkipDrawReasonpredraw_expo.modules.splashscreen.SplashScreenManager$registerOnActivity$1
02-23 17:12:24.373 24910 24910 W VRI[MainActivity]: performTraversals: cancelAndRedraw, mLastPerformTraversalsSkipDrawReasonpredraw_expo.modules.splashscreen.SplashScreenManager$registerOnActivity$1
02-23 17:12:24.377  5687  6427 D UlPriorityPolicyForeground: match: config has not com.mira.dating
02-23 17:12:24.380  2198 24003 E WifiHAL : WLAN_DIAG_TYPE_CONFIG - possible buffer over access, length=1460 count=16 hdr_size=8 payload len=12966
02-23 17:12:24.381  2198 24003 E WifiHAL : WLAN_DIAG_TYPE_CONFIG - possible buffer over access, length=1480 count=16 hdr_size=8 payload len=12966
02-23 17:12:24.382  2198 24003 E WifiHAL : WLAN_DIAG_TYPE_CONFIG - possible buffer over access, length=1448 count=16 hdr_size=8 payload len=12966
02-23 17:12:24.387 24910 24910 W VRI[MainActivity]: performTraversals: cancelAndRedraw, mLastPerformTraversalsSkipDrawReasonpredraw_expo.modules.splashscreen.SplashScreenManager$registerOnActivity$1
02-23 17:12:24.406 24910 24910 W VRI[MainActivity]: performTraversals: cancelAndRedraw, mLastPerformTraversalsSkipDrawReasonpredraw_expo.modules.splashscreen.SplashScreenManager$registerOnActivity$1
02-23 17:12:24.423 24910 24910 W VRI[MainActivity]: performTraversals: cancelAndRedraw, mLastPerformTraversalsSkipDrawReasonpredraw_expo.modules.splashscreen.SplashScreenManager$registerOnActivity$1
02-23 17:12:24.439 24910 24910 W VRI[MainActivity]: performTraversals: cancelAndRedraw, mLastPerformTraversalsSkipDrawReasonpredraw_expo.modules.splashscreen.SplashScreenManager$registerOnActivity$1
02-23 17:12:24.455 24910 24910 W VRI[MainActivity]: performTraversals: cancelAndRedraw, mLastPerformTraversalsSkipDrawReasonpredraw_expo.modules.splashscreen.SplashScreenManager$registerOnActivity$1
02-23 17:12:24.473 24910 24910 W VRI[MainActivity]: performTraversals: cancelAndRedraw, mLastPerformTraversalsSkipDrawReasonpredraw_expo.modules.splashscreen.SplashScreenManager$registerOnActivity$1
02-23 17:12:24.489 24910 24910 W VRI[MainActivity]: performTraversals: cancelAndRedraw, mLastPerformTraversalsSkipDrawReasonpredraw_expo.modules.splashscreen.SplashScreenManager$registerOnActivity$1
02-23 17:12:24.498  3819  4591 D osense.compress: com.grofers.customerapp do shrink, target ratio = 78, final ratio = 90, cur ratio = 67
02-23 17:12:24.505 24910 24910 W VRI[MainActivity]: performTraversals: cancelAndRedraw, mLastPerformTraversalsSkipDrawReasonpredraw_expo.modules.splashscreen.SplashScreenManager$registerOnActivity$1
02-23 17:12:24.522 24910 24910 W VRI[MainActivity]: performTraversals: cancelAndRedraw, mLastPerformTraversalsSkipDrawReasonpredraw_expo.modules.splashscreen.SplashScreenManager$registerOnActivity$1
02-23 17:12:24.539 24910 24910 W VRI[MainActivity]: performTraversals: cancelAndRedraw, mLastPerformTraversalsSkipDrawReasonpredraw_expo.modules.splashscreen.SplashScreenManager$registerOnActivity$1
