02-23 17:12:22.017  3819  3892 D LogicalDisplayExt: set displayInfo flag FLAG_ROTATES_WITH_CONTENT
02-23 17:12:22.018  3819  3892 D DisplayManagerService: Delivering display event: displayId=0, event=EVENT_DISPLAY_REFRESH_RATE_CHANGED
02-23 17:12:22.019  3819  3890 D WindowManager: DeferredDisplayUpdater: partially applying DisplayInfo(1264 x 2780) immediately
02-23 17:12:22.019  2376  4884 D AudioBoost: audioSchedBoost, pid=2376, tid=4884, enable=1, ret=0
02-23 17:12:22.019  2376  4884 D AudioFlingerExtImpl: AudioFlingerExtImpl oplusSetParameters: keyvalue screen_state=on
02-23 17:12:22.020  2179  4904 D AHAL: AudioDevice: SetParameters: 1972: enter: screen_state=on
02-23 17:12:22.020  2179  4904 D AHAL: hfp: hfp_set_parameters: 667: enter
02-23 17:12:22.020  2179  4904 D AHAL: AudioDevice: SetParameters: 2077:  - screen = on
02-23 17:12:22.020  2179  4904 D AHAL: AudioDevice: SetParameters: 2821: exit
02-23 17:12:22.020  3819  3890 D OplusVFXScreenEffectFeature: notifySFCompatWindowStateChange entered false
02-23 17:12:22.020  2407  3759 D [PREVIEW]: SF obtain preview_adapter: 0
02-23 17:12:22.020  2407  3759 D [PREVIEW]: TabletPreviewAdapter::parallel world 0
02-23 17:12:22.020  3819  3890 D FSS_FoldScreenBlackCoverController: displayChangeToOn, dc:Display{#0 state=ON size=1080x2376 ROTATION_0}
02-23 17:12:22.020  3819  3892 I OplusBinderProxy: pb uid: 10321 pid: 13972 desc: android.hardware.display.IDisplayManagerCallback/1
02-23 17:12:22.021  2376  4884 D AudioBoost: audioSchedBoost, pid=2376, tid=4884, enable=0, ret=0
02-23 17:12:22.021  5443  5443 D Colorful_SmoothTransitionProxy: onDisplayChanged state:2, displayId:0, isScreenOn:true 
02-23 17:12:22.021  5443  5443 D VFX:DisplayUtils: surface resolution: 1264 x 2780, refreshRate: 90.0
02-23 17:12:22.021  5443  5443 I VFX:DisplayUtils: Display params updating - old: 120.00001Hz, new: 90.0Hz
02-23 17:12:22.021  5443  5443 D BufferedFrameRenderer: Display changed (system callback) - refreshRate: 90.0, size: 1264x2780
02-23 17:12:22.021  5443  5443 I VFX:DisplayUtils: Display changed - refreshRate: 90.0, size: 1264x2780
02-23 17:12:22.022  3819  3819 E OplusGestureAnimationManagerPolicy: mScreenHeight:2376 mScreenWidth:1080 mRotation:0
02-23 17:12:22.023  5472  5472 I KeyguardDisplayManager: onDisplayChanged displayId: 0
02-23 17:12:22.023  5472  5472 I SystemUi--Keyguard: KeyguardDisplayManagerExImpl-->orientationChanged=false, presentationDisplayChanged=false, lastPresentationWidth=0, lastPresentationHeight=0, lastPresentationDensity=0
02-23 17:12:22.036 24910 24910 D WM-WrkMgrInitializer: Initializing WorkManager with default configuration.
02-23 17:12:22.039  3819  5438 W PackageManager: package com.mira.dating uid 10474 pid 24910 call SetEnabledSetting(com.mira.dating component = androidx.work.impl.background.systemjob.SystemJobService, 1, 0)
02-23 17:12:22.044 24910 25009 E ashmem  : Pinning is deprecated since Android Q. Please use trim or other methods.
02-23 17:12:22.046 24910 24910 D OplusGraphicsEvent: OplusGraphicsEventListener create now!
02-23 17:12:22.046 24910 24910 D OplusGraphicsEvent: addEventListener success!
02-23 17:12:22.047 24910 24910 E [UAH_CLIENT]: uahInit enter
02-23 17:12:22.049 24910 24910 W com.mira.dating: AIBinder_linkToDeath is being called with a non-null cookie and no onUnlink callback set. This might not be intended. AIBinder_DeathRecipient_setOnUnlinked should be called first.
02-23 17:12:22.049  2360 28892 I UrccFramework-halservice: Urcc::init is called 
02-23 17:12:22.049 24910 24910 I [UAH_CLIENT]: UahGetFeatureStatus enter
02-23 17:12:22.054 24910 24910 W SoLoader: Initializing SoLoader: 0
02-23 17:12:22.054 24910 24910 W SoLoader: Recording new base apk path: /data/app/~~N6jvcs9juDJj4nxDMhr-lg==/com.mira.dating-dDRymg7TLCKkGD9Tfpx9iQ==/base.apk
02-23 17:12:22.054 24910 24910 W SoLoader: Previously recorded 0 base apk paths.
02-23 17:12:22.055 24910 24910 I SoLoader: Preparing SO source: DirectorySoSource[root = /vendor/lib64 flags = 2]
02-23 17:12:22.055 24910 24910 I SoLoader: Preparing SO source: DirectorySoSource[root = /system/lib64 flags = 2]
02-23 17:12:22.055 24910 24910 I SoLoader: Preparing SO source: DirectApkSoSource[root = [/data/app/~~N6jvcs9juDJj4nxDMhr-lg==/com.mira.dating-dDRymg7TLCKkGD9Tfpx9iQ==/base.apk!/lib/arm64-v8a]]
02-23 17:12:22.066  3819  4048 D VRR [OPlusRefreshRateService]: handleConfigIdChange physicalDisplayId: 4630946652107814787 configId: 2 renderPeriod: 11111111
02-23 17:12:22.066  3819  4048 D VRR [OPlusGameStatusManager]: updateGameState mOSyncFeatureSwitch: false mIsGamePolicy: false
02-23 17:12:22.066  3819  4048 D VRR [OPlusGameStatusManager]: updateGameAccelerationStatus pkgName: com.mira.dating mOSyncFeatureSwitch: false mIsGamePolicy: false mHeartStop: false mHasFlickerRisk: false mForceAcceleration: false mToastReady: false enable: false
02-23 17:12:22.066  3819  4048 D VRR [OPlusExternalRefreshRateManager]:  Display refreshrate :90 , Switch to OTI-HW 
02-23 17:12:22.066  2407  3177 D VRR [OTI-HW]: isStateReady 0
02-23 17:12:22.066  2407  3177 D VRR [OTI-HW]: keep rate.
02-23 17:12:22.079  2822  4325 D QmiClient: qmiServiceEventCallback recv msg id 47
02-23 17:12:22.080  2822  4325 D QmiClient: enter -mServiceType 10 onQmiServiceEventCallback msgId 47
02-23 17:12:22.080  2822  4325 D QmiClient: onQmiServiceEventCallback - enter. msgId=47
02-23 17:12:22.080  2822  2960 D OttProxy: handleMessage msg is 3001
02-23 17:12:22.081  5843  8140 D SubsysRadioIndication[0]: radioLinkLatencyInfoInd
02-23 17:12:22.081  5843  8140 D SubsysRadioIndication[0]: notify enter
02-23 17:12:22.081  5843  5843 D NetworkService[0]: handleMessage what:1008
02-23 17:12:22.082  5843  5843 D NetworkService[0]: EVENT_REG_LINK_LATENCY_INFO_CHANGE ulLatency:16228
02-23 17:12:22.085  2198 24003 E WifiHAL : WLAN_DIAG_TYPE_CONFIG - possible buffer over access, length=1456 count=16 hdr_size=8 payload len=12966
02-23 17:12:22.086  2198 24003 E WifiHAL : WLAN_DIAG_TYPE_CONFIG - possible buffer over access, length=1464 count=16 hdr_size=8 payload len=12966
02-23 17:12:22.086  2198 24003 E WifiHAL : WLAN_DIAG_TYPE_CONFIG - possible buffer over access, length=1472 count=16 hdr_size=8 payload len=12966
02-23 17:12:22.109 24910 24910 I SoLoader: Preparing SO source: ApplicationSoSource[DirectorySoSource[root = /data/app/~~N6jvcs9juDJj4nxDMhr-lg==/com.mira.dating-dDRymg7TLCKkGD9Tfpx9iQ==/lib/arm64 flags = 0]]
02-23 17:12:22.109 24910 24910 I SoLoader: init finish: 4 SO sources prepared
02-23 17:12:22.109 24910 24910 W SoLoader: SoLoader initialized: 8
02-23 17:12:22.111  2237  2612 I SDM     : DisplayBase::CommitThread: Received idle timeout, panel: cmd, timeout: 70000 us
02-23 17:12:22.114  5640  5640 E PhoneInterfaceManager: queryModemActivityInfo: invalid response
02-23 17:12:22.114  5843  5843 D RadioMessenger: handleMessage Request msgid 2220
02-23 17:12:22.114  5640  5640 D TelephonyManager: requestModemActivityInfo: Sending result to app: ModemActivityInfo{ mTimestamp=181843809 mSleepTimeMs=30747806 mIdleTimeMs=1615847 mActivityStatsTechSpecificInfo=[{mRat=UNKNOWN,mFrequencyRange=UNKNOWN,mTxTimeMs[]=[205452, 20518, 8777, 2969, 1556],mRxTimeMs=81380955}]}
02-23 17:12:22.114  5843  5843 D RadioMessenger: handleSetSyncWithAp: -1, syncFlag: 1
02-23 17:12:22.114  5843  5843 D QtiRadioService: setSyncWithAp
02-23 17:12:22.114  5843  5843 D RadioProxyJ[0]: [90616]> setSyncWithAp syncFlag:1
02-23 17:12:22.114  2822  2921 D RadioService: setSyncWithAp with instance 0
02-23 17:12:22.114  2822  2921 D VendorService: VendorService::setSyncWithAp
02-23 17:12:22.114  2822  2933 D QmiVsClient: setSyncWithAp - enter
02-23 17:12:22.114  2822  2933 E QmiVsClient: sendAsyncRequest QMI_VS_SET_SYNC_WITH_AP_REQ_MSG_V01 ret 0
02-23 17:12:22.115  2822  2933 D VsProxy : handleMessage msg is 4001
02-23 17:12:22.115  2822  4284 D QmiClient: qmiServiceEventCallback recv msg id 1085
02-23 17:12:22.115  2822  4284 D QmiClient: enter -mServiceType 4 onQmiServiceEventCallback msgId 1085
02-23 17:12:22.115  2822  2933 D RadioProxy: setSyncWithAp : response cb for instance 0
02-23 17:12:22.115  2822  4284 D QmiClient: onQmiServiceEventCallback - enter. msgId=1085
02-23 17:12:22.115  2822  4284 D QmiVsClientEvent: qmiVsClientNotifyNecEvent - RADIO_EVENT_NEC_IND
02-23 17:12:22.115  2822  2933 D VsProxy : handleMessage msg is 2403
02-23 17:12:22.115  2822  2933 D VsProxy : handleNecInd for instance 0
02-23 17:12:22.115  2822  2822 D RadioServiceResponse: RadioServiceResponse::setSyncWithApResponse
02-23 17:12:22.115  5843  8140 D SubsysRadioResponse: setSyncWithApResponse info.error = 0
02-23 17:12:22.115  5843  8140 D RadioProxyJ[0]: [90616]< setSyncWithApResponse 
02-23 17:12:22.115  5843  5843 D MessengerResponseHandler: handleMessage Response msgid 210
02-23 17:12:22.116  5843  7951 D SubsysRadioIndication[0]: radioNecInd 
02-23 17:12:22.116  3819  4048 D VRR [OPlusSAManager]: updateAutoMinfps for 4630946652107814787 with nits: 97.84091, mHistOK true, mAmbientOK true, mCctOK true, mIrOK true, mBrightnessOK true, isPkgOK true, SA min fps: 89
02-23 17:12:22.116  5843  5843 D ModemChannel: handleMessage what:102
02-23 17:12:22.116  5843  5843 D ModemChannel: handleNecEvent
02-23 17:12:22.116  2407  3759 I VRR-[OPlusRefreshRateSelector]: updateAutoMode success, display 0, mode 0, fakeframe 1, min fps: 1
02-23 17:12:22.116  2237  2901 I SDM     : DisplayBuiltIn::SetQSyncModeLocked: VRR + update qsync mode 0 minfps 00C08181
02-23 17:12:22.116  2237  2901 I SDM     : HWDeviceDRM::OPlusIsQSyncMinFpsForAuto: VRR +  OPlusIsQSyncMinFpsForAuto: 1
02-23 17:12:22.116  2237  2901 I SDM     : DisplayBuiltIn::SetQSyncModeLocked: VRR + needs_avr_update_ 0
02-23 17:12:22.116  5640  5640 D TelephonyManager: requestModemActivityInfo: Sending result to app: ModemActivityInfo{ mTimestamp=181849812 mSleepTimeMs=30748958 mIdleTimeMs=1615905 mActivityStatsTechSpecificInfo=[{mRat=UNKNOWN,mFrequencyRange=UNKNOWN,mTxTimeMs[]=[205452, 20518, 8777, 2969, 1556],mRxTimeMs=81385751}]}
02-23 17:12:22.118  5687  6431 D SubsysCallManager: handleMessage what:102
02-23 17:12:22.118  5687  6431 D SubsysCallManager: parseMdmInfoData len:392
02-23 17:12:22.118  5687  6431 D SubsysCallManager: onMdmEvent moduleId:6,eventId:4
02-23 17:12:22.118  5687  6431 D ModemDataAnalysis: phoneId = 0, moduleId = 6, onEvent...4, version = 0, size:380
02-23 17:12:22.118  5709  6195 I ModemAci: [ModemActivityInfo] [LO, DA]:{ stamp=181849814 duration=5 sleepTMs=1152 idleTMs=58 rxTMs=4796 5gRxTMs=0 txTMs=[0, 0, 0, 0, 0, 0, 0, 0] 5gTxTMs=[0, 0, 0, 1, 14018, 16690, 17902, 55196] rrc10sC[]=[0, 0] rrc20sC[]=[0, 0] rrcMore20sC[]=[0, 0] rrcC[]=[0, 0] rrcT[]=[0, 0] saRrc10sC[]=[0, 0] saRrc20sC[]=[0, 0] saRrcMore20sC[]=[0, 0] saRrcC[]=[0, 0] saRrcT[]=[6, 0] endcActT[]=[0, 0] wifiRrcT[]=[0, 0] csChgC[]=[0, 0] psChgC[]=[0, 0] iRatC[]=[0, 0] cellUpdC[]=[0, 0] handOverC[]=[0, 0] nwSrchC[]=[0, 0] nwSrchT[]=[0, 0] psRegT[]=[6, 6] csRegT[]=[6, 6] psNoRegT[]=[0, 0] csNoRegT[]=[0, 0] sigGrid0T[]=[0, 0] gpsTMs=4 wlanTMs=0 sim15gTxTMs[]=[0, 0, 0, 1, 14017, 16690, 17901, 55195] sim25gTxTMs[]=[0, 0, 0, 0, 1, 0, 1, 1] techTMs[]=[0, 0, 0, 0, 0, 63, 0, 0, 4782] saActT[]=[6, 0] lteHoC[]=[0, 0] saHoC[]=[0, 0]}
02-23 17:12:22.119  5687  6445 E AMC     : [P-ooslimited_deep/0] execute failed in triggers[0]:[nwsrcht:0][nwsrcht:0]
02-23 17:12:22.119  5687  6445 E AMC     : [P-ooslimited_deep/1] execute failed in triggers[0]:[nwsrcht:0][nwsrcht:0]
02-23 17:12:22.119  5687  6445 E AMC     : [P-mpss_reset/0] execute failed in triggers[0]:[sleept:1][sleept:310]
02-23 17:12:22.119  5687  6445 E AMC     : [P-mpss_reset/1] execute failed in triggers[0]:[sleept:1][sleept:310]
02-23 17:12:22.119  5687  6445 E AMC     : [P-pidnetdisable_recovery] execute failed in triggers[0]:[sleept:1][pidnetdisable:null]
02-23 17:12:22.119  5687  6445 I AMC     : [P-standby_5gbackoff/0] execute single in triggers[0]:[sleept:1][sleept:139] successfully!
02-23 17:12:22.119  6814 17154 I midasd  : OplusObrainService::notifyEventString eventId:11 strParam:{"5gRxTimeMs":0,"5gTxTimeMs":[],"idleTimeMs":58,"lteRrcC":[0,0],"lteRrcT":[0,0],"nrRrcC":[0,0],"nrRrcT":[6,0],"rxTimeMs":4796,"sleepTimeMs":1152,"timestamp":1771846942118,"txTimeMs":[0,0,0,0,0,0,0,0]}
02-23 17:12:22.120  9177  9203 I OplusObrain: OplusObrainClientInvoke.nativeGetTelephonyInfo
02-23 17:12:22.120  9177  9203 I OplusObrain: OplusObrainClientInvoke.nativeGetTrafficTypeInfoForNetworkType networkType 0
02-23 17:12:22.121  5687  6445 I AMC     : [P-standby_5gbackoff/0] execute check triggers[0]:[call, oos, inactive, charge, sleept, endcactt, screen] logical:and
02-23 17:12:22.121  5687  6445 E AMC     : [P-standby_5gbackoff/0] execute failed check triggers[0]:[sleept:1][inactive:false, charge:true, endcactt:0, screen:true]
02-23 17:12:22.121  5687  6445 I AMC     : [P-standby_5gbackoff/1] execute single in triggers[0]:[sleept:1][sleept:139] successfully!
02-23 17:12:22.122  5687  6445 I AMC     : [P-standby_5gbackoff/1] execute check triggers[0]:[call, oos, inactive, charge, sleept, endcactt, screen] logical:and
02-23 17:12:22.122  5687  6445 E AMC     : [P-standby_5gbackoff/1] execute failed check triggers[0]:[sleept:1][inactive:false, charge:true, endcactt:0, screen:true]
02-23 17:12:22.128  2237  2612 I SDM     : HWDeviceDRM::OPlusIsQSyncMinFpsForAuto: VRR +  OPlusIsQSyncMinFpsForAuto: 1
02-23 17:12:22.129  2237  2612 E SDM     : DRMConnector::Perform: Connector 69: Setting Qsync min fps 12616065
02-23 17:12:22.129  2407  3197 D skia    : findCacheMissInfo vsync 86802774, result 0
02-23 17:12:22.169  2332  2490 D BatteryChargeControl: bcc get no support from charging protocol
02-23 17:12:22.185 24910 24910 D nativeloader: Load /data/app/~~N6jvcs9juDJj4nxDMhr-lg==/com.mira.dating-dDRymg7TLCKkGD9Tfpx9iQ==/base.apk!/lib/arm64-v8a/libc++_shared.so using class loader ns clns-10 (caller=/data/app/~~N6jvcs9juDJj4nxDMhr-lg==/com.mira.dating-dDRymg7TLCKkGD9Tfpx9iQ==/base.apk!classes20.dex): ok
02-23 17:12:22.189  5472  5472 I PluginSeedling--Capsule: CapsuleContainerViewController-->medianLuma: 0.54509807
02-23 17:12:22.199  2237  2612 I SDM     : DisplayBase::CommitThread: Received idle timeout, panel: cmd, timeout: 70000 us
02-23 17:12:22.224 24910 24910 D nativeloader: Load /data/app/~~N6jvcs9juDJj4nxDMhr-lg==/com.mira.dating-dDRymg7TLCKkGD9Tfpx9iQ==/base.apk!/lib/arm64-v8a/libjsi.so using class loader ns clns-10 (caller=/data/app/~~N6jvcs9juDJj4nxDMhr-lg==/com.mira.dating-dDRymg7TLCKkGD9Tfpx9iQ==/base.apk!classes20.dex): ok
02-23 17:12:22.227 24910 24910 D nativeloader: Load /data/app/~~N6jvcs9juDJj4nxDMhr-lg==/com.mira.dating-dDRymg7TLCKkGD9Tfpx9iQ==/base.apk!/lib/arm64-v8a/libfbjni.so using class loader ns clns-10 (caller=/data/app/~~N6jvcs9juDJj4nxDMhr-lg==/com.mira.dating-dDRymg7TLCKkGD9Tfpx9iQ==/base.apk!classes20.dex): ok
02-23 17:12:22.231 24910 24910 D nativeloader: Load /data/app/~~N6jvcs9juDJj4nxDMhr-lg==/com.mira.dating-dDRymg7TLCKkGD9Tfpx9iQ==/base.apk!/lib/arm64-v8a/libreactnative.so using class loader ns clns-10 (caller=/data/app/~~N6jvcs9juDJj4nxDMhr-lg==/com.mira.dating-dDRymg7TLCKkGD9Tfpx9iQ==/base.apk!classes20.dex): ok
02-23 17:12:22.231 24910 24910 D jni_lib_merge: Entering merged library JNI_OnLoad.
02-23 17:12:22.231 24910 24910 D jni_lib_merge: Preparing 12 pre-merged libs (including stub)
02-23 17:12:22.231 24910 24910 D jni_lib_merge: Preparing to register libfabricjni_so.  onload_func: 0x7398c23ce0
02-23 17:12:22.231 24910 24910 D jni_lib_merge: Preparing to register libreact_devsupportjni_so.  onload_func: 0x7398e1dfc8
02-23 17:12:22.231 24910 24910 D jni_lib_merge: Preparing to register libreact_featureflagsjni_so.  onload_func: 0x7398e2c518
02-23 17:12:22.231 24910 24910 D jni_lib_merge: Preparing to register libreact_newarchdefaults_so.  onload_func: 0x7398e946a8
02-23 17:12:22.231 24910 24910 D jni_lib_merge: Preparing to register libreactnativeblob_so.  onload_func: 0x7399084cb4
02-23 17:12:22.231 24910 24910 D jni_lib_merge: Preparing to register libreactnativejni_so.  onload_func: 0x73990d26bc
02-23 17:12:22.231 24910 24910 D jni_lib_merge: Preparing to register libreactnativejni_common_so.  onload_func: 0x73990e3044
02-23 17:12:22.231 24910 24910 D jni_lib_merge: Preparing to register librninstance_so.  onload_func: 0x739912a764
02-23 17:12:22.231 24910 24910 D jni_lib_merge: Preparing to register libturbomodulejsijni_so.  onload_func: 0x7399242f68
02-23 17:12:22.231 24910 24910 D jni_lib_merge: Preparing to register libuimanagerjni_so.  onload_func: 0x739925bfb8
02-23 17:12:22.231 24910 24910 D jni_lib_merge: Preparing to register libyoga_so.  onload_func: 0x739926ba3c
02-23 17:12:22.231 24910 24910 D jni_lib_merge: About to register 11 actual methods.
02-23 17:12:22.240 24910 24910 D nativeloader: Load /data/app/~~N6jvcs9juDJj4nxDMhr-lg==/com.mira.dating-dDRymg7TLCKkGD9Tfpx9iQ==/base.apk!/lib/arm64-v8a/libreact_codegen_rnscreens.so using class loader ns clns-10 (caller=/data/app/~~N6jvcs9juDJj4nxDMhr-lg==/com.mira.dating-dDRymg7TLCKkGD9Tfpx9iQ==/base.apk!classes20.dex): ok
02-23 17:12:22.240 24910 24910 D jni_lib_merge: Entering merged library JNI_OnLoad.
02-23 17:12:22.240 24910 24910 D jni_lib_merge: Preparing 12 pre-merged libs (including stub)
02-23 17:12:22.240 24910 24910 D jni_lib_merge: Preparing to register libfabricjni_so.  onload_func: 0x7398c23ce0
02-23 17:12:22.240 24910 24910 D jni_lib_merge: Preparing to register libreact_devsupportjni_so.  onload_func: 0x7398e1dfc8
02-23 17:12:22.240 24910 24910 D jni_lib_merge: Preparing to register libreact_featureflagsjni_so.  onload_func: 0x7398e2c518
02-23 17:12:22.240 24910 24910 D jni_lib_merge: Preparing to register libreact_newarchdefaults_so.  onload_func: 0x7398e946a8
02-23 17:12:22.240 24910 24910 D jni_lib_merge: Preparing to register libreactnativeblob_so.  onload_func: 0x7399084cb4
02-23 17:12:22.240 24910 24910 D jni_lib_merge: Preparing to register libreactnativejni_so.  onload_func: 0x73990d26bc
02-23 17:12:22.240 24910 24910 D jni_lib_merge: Preparing to register libreactnativejni_common_so.  onload_func: 0x73990e3044
02-23 17:12:22.240 24910 24910 D jni_lib_merge: Preparing to register librninstance_so.  onload_func: 0x739912a764
02-23 17:12:22.240 24910 24910 D jni_lib_merge: Preparing to register libturbomodulejsijni_so.  onload_func: 0x7399242f68
02-23 17:12:22.240 24910 24910 D jni_lib_merge: Preparing to register libuimanagerjni_so.  onload_func: 0x739925bfb8
02-23 17:12:22.240 24910 24910 D jni_lib_merge: Preparing to register libyoga_so.  onload_func: 0x739926ba3c
02-23 17:12:22.240 24910 24910 D jni_lib_merge: About to register 11 actual methods.
02-23 17:12:22.243 24910 24910 D nativeloader: Load /data/app/~~N6jvcs9juDJj4nxDMhr-lg==/com.mira.dating-dDRymg7TLCKkGD9Tfpx9iQ==/base.apk!/lib/arm64-v8a/libreact_codegen_rnsvg.so using class loader ns clns-10 (caller=/data/app/~~N6jvcs9juDJj4nxDMhr-lg==/com.mira.dating-dDRymg7TLCKkGD9Tfpx9iQ==/base.apk!classes20.dex): ok
02-23 17:12:22.243 24910 24910 D jni_lib_merge: Entering merged library JNI_OnLoad.
02-23 17:12:22.243 24910 24910 D jni_lib_merge: Preparing 12 pre-merged libs (including stub)
02-23 17:12:22.243 24910 24910 D jni_lib_merge: Preparing to register libfabricjni_so.  onload_func: 0x7398c23ce0
02-23 17:12:22.243 24910 24910 D jni_lib_merge: Preparing to register libreact_devsupportjni_so.  onload_func: 0x7398e1dfc8
02-23 17:12:22.243 24910 24910 D jni_lib_merge: Preparing to register libreact_featureflagsjni_so.  onload_func: 0x7398e2c518
02-23 17:12:22.243 24910 24910 D jni_lib_merge: Preparing to register libreact_newarchdefaults_so.  onload_func: 0x7398e946a8
02-23 17:12:22.243 24910 24910 D jni_lib_merge: Preparing to register libreactnativeblob_so.  onload_func: 0x7399084cb4
02-23 17:12:22.243 24910 24910 D jni_lib_merge: Preparing to register libreactnativejni_so.  onload_func: 0x73990d26bc
02-23 17:12:22.243 24910 24910 D jni_lib_merge: Preparing to register libreactnativejni_common_so.  onload_func: 0x73990e3044
02-23 17:12:22.243 24910 24910 D jni_lib_merge: Preparing to register librninstance_so.  onload_func: 0x739912a764
02-23 17:12:22.243 24910 24910 D jni_lib_merge: Preparing to register libturbomodulejsijni_so.  onload_func: 0x7399242f68
02-23 17:12:22.243 24910 24910 D jni_lib_merge: Preparing to register libuimanagerjni_so.  onload_func: 0x739925bfb8
02-23 17:12:22.243 24910 24910 D jni_lib_merge: Preparing to register libyoga_so.  onload_func: 0x739926ba3c
02-23 17:12:22.243 24910 24910 D jni_lib_merge: About to register 11 actual methods.
02-23 17:12:22.247 24910 24910 D nativeloader: Load /data/app/~~N6jvcs9juDJj4nxDMhr-lg==/com.mira.dating-dDRymg7TLCKkGD9Tfpx9iQ==/base.apk!/lib/arm64-v8a/libreact_codegen_safeareacontext.so using class loader ns clns-10 (caller=/data/app/~~N6jvcs9juDJj4nxDMhr-lg==/com.mira.dating-dDRymg7TLCKkGD9Tfpx9iQ==/base.apk!classes20.dex): ok
02-23 17:12:22.249 24910 24910 D nativeloader: Load /data/app/~~N6jvcs9juDJj4nxDMhr-lg==/com.mira.dating-dDRymg7TLCKkGD9Tfpx9iQ==/base.apk!/lib/arm64-v8a/libappmodules.so using class loader ns clns-10 (caller=/data/app/~~N6jvcs9juDJj4nxDMhr-lg==/com.mira.dating-dDRymg7TLCKkGD9Tfpx9iQ==/base.apk!classes20.dex): ok
02-23 17:12:22.250  3819  5438 I ActivityManager: Flag disabled. Ignoring finishAttachApplication from uid: 10474. pid: 24910
02-23 17:12:22.250  3819  5438 I [UAH_CLIENT]: UahEventAcquire, cmdid:2, pkg:none, identity:OplusActivityManagerServiceEnhance
02-23 17:12:22.251  2380  9583 D GpuServiceExtImpl: getRUSWhiteList  size 0
02-23 17:12:22.252 24910 24910 I HWUI    : SupportApps size 0
02-23 17:12:22.252 24910 24910 D ExtensionsLoader: createInstance(64bit) : createExtendedFactory
02-23 17:12:22.252 24910 24910 D ExtensionsLoader: Opened libSchedAssistExtImpl.so
02-23 17:12:22.252 24910 24910 E SchedAssist: open sharedFd failed with error=Permission denied
02-23 17:12:22.252 24910 24910 E SchedAssist: open sharedFd failed with error=Permission denied
02-23 17:12:22.252 24910 24910 E SchedAssist: open sharedFd failed with error=Permission denied
02-23 17:12:22.252 24910 24910 E SchedAssist: open sharedFd failed with error=Permission denied
02-23 17:12:22.253 24910 25019 D ExtensionsLoader: createInstance(64bit) : createExtendedFactory
02-23 17:12:22.253 24910 25019 D ExtensionsLoader: Opened libSchedAssistExtImpl.so
02-23 17:12:22.253 24910 25019 I DisplayManager: Choreographer implicitly registered for the refresh rate.
02-23 17:12:22.254 24910 24910 I com.mira.dating: AssetManager2(0xb4000073ffa7f328) locale list changing from [] to [en-GB]
02-23 17:12:22.254 24910 24910 D ResourcesManagerExtImpl: applyConfigurationToAppResourcesLocked app.getDisplayId() return callback.displayId:0
02-23 17:12:22.255 24910 25019 I AdrenoGLES-0: QUALCOMM build                   : 8924aaec70, I7b07ce2793
02-23 17:12:22.255 24910 25019 I AdrenoGLES-0: Build Date                       : 07/16/25
02-23 17:12:22.255 24910 25019 I AdrenoGLES-0: OpenGL ES Shader Compiler Version: E031.45.02.26
02-23 17:12:22.255 24910 25019 I AdrenoGLES-0: Local Branch                     : 
02-23 17:12:22.255 24910 25019 I AdrenoGLES-0: Remote Branch                    : refs/tags/AU_LINUX_ANDROID_LA.VENDOR.14.3.0.11.00.00.973.948
02-23 17:12:22.255 24910 25019 I AdrenoGLES-0: Remote Branch                    : NONE
02-23 17:12:22.255 24910 25019 I AdrenoGLES-0: Reconstruct Branch               : NOTHING
02-23 17:12:22.255 24910 25019 I AdrenoGLES-0: Build Config                     : S P 16.1.2 AArch64
02-23 17:12:22.255 24910 25019 I AdrenoGLES-0: Driver Path                      : /vendor/lib64/egl/libGLESv2_adreno.so
02-23 17:12:22.255 24910 25019 I AdrenoGLES-0: Driver Version                   : 0762.40
02-23 17:12:22.255 24910 25019 I AdrenoGLES-0: Process Name                     : com.mira.dating
02-23 17:12:22.257  3819  4591 D osense.compress: com.facebook.katana do shrink, target ratio = 83, final ratio = 90, cur ratio = 76
02-23 17:12:22.258 24910 25019 I AdrenoGLES-0: PFP: 0x01520181, ME: 0x01520023
02-23 17:12:22.263  2282  2282 I qspmHal : enter getGpuProf at: -1974550985
02-23 17:12:22.263  2282  2282 I qspmHal : Coudn't match the GFX PID 24910 to AT PID 24916. Checking in local cache.
02-23 17:12:22.263  2282  2282 I qspmHal : Found the GFX PID in cache
02-23 17:12:22.263  2282  2282 I qspmHal : gProfName:com.mira.dating-gpu - gpu prof_info.path:/data/vendor/gaming/com.mira.dating-gpu
02-23 17:12:22.263  2282  2282 I qspmHal : PID 24910 from GFX matched.
02-23 17:12:22.263  2282  2282 E qspmHal : GPU profile file NOT found !!
02-23 17:12:22.264 24910 25019 I AdrenoUtils: <ReadGpuID:357>: Reading chip ID through GSL
02-23 17:12:22.267 24910 24910 D AppCompatDelegate: Checking for metadata for AppLocalesMetadataHolderService : Service not found
02-23 17:12:22.268 24910 25019 D ExtensionsLoader: createInstance(64bit) : createExtendedFactory
02-23 17:12:22.268 24910 24910 I com.mira.dating: AssetManager2(0xb4000073ffa7f928) locale list changing from [] to [en-GB]
02-23 17:12:22.268 24910 25019 D ExtensionsLoader: Opened libeglextimpl.so
02-23 17:12:22.268 24910 25019 D PreCache: [IPreCacheRus]loadRUSConfigs#102 failed to transact: -22 prc:com.mira.dating
02-23 17:12:22.273 24910 24910 I oplus.android.OplusFrameworkFactoryImpl: Unknow feature:IOplusTextViewRTLUtilForUG
02-23 17:12:22.276 24910 24910 D CompatChangeReporter: Compat change id reported: 377864165; UID 10474; state: ENABLED
02-23 17:12:22.276 24910 24910 D DesktopModeFlags: Toggle override initialized to: OVERRIDE_UNSET
02-23 17:12:22.277 24910 24910 D OplusWindowManager: get WMS extension: android.os.BinderProxy@f23ffd0
02-23 17:12:22.277  3819  5438 W OplusNavigationBarUtil: color navigation bar util isn't init.
02-23 17:12:22.280 24910 24910 I com.mira.dating: hiddenapi: Accessing hidden method Landroid/view/ViewGroup;->makeOptionalFitsSystemWindows()V (runtime_flags=0, domain=platform, api=unsupported) from Landroidx/appcompat/widget/ViewUtils; (domain=app, TargetSdkVersion=36) using reflection: allowed
02-23 17:12:22.285 24910 24910 E OplusPredictiveBackController:  NoSuchMethodException 
02-23 17:12:22.285 24910 24910 D OplusPredictiveBackController: should not HookOnBackInvokedCallbackEnabled for application com.mira.dating.MainActivity@b69eb91 hasOnBackInvokedCallBackEnabled
02-23 17:12:22.285 24910 24910 D OplusPredictiveBackController: initPredictiveBackConfig for com.mira.dating.MainActivity@b69eb91 initPredictiveBackConfig mShouldInterceptKeyEvent false
02-23 17:12:22.285 24910 24910 D OplusPredictiveBackController: should not HookOnBackInvokedCallbackEnabled for application com.mira.dating.MainActivity@b69eb91 hasOnBackInvokedCallBackEnabled
02-23 17:12:22.285 24910 24910 D WindowOnBackDispatcher:  predictive settings is disabled for com.mira.dating
02-23 17:12:22.306  3819  6078 D SensorServiceExtImpl: isAllowOplusAMD opPackageName = com.mira.dating
02-23 17:12:22.306 24910 24910 D ExtensionsLoader: createInstance(64bit) : createExtendedFactory
02-23 17:12:22.307  5843 11932 D ActivityAdapter: mTaskInfoList is empty, oplusActivityInfo size: 0
02-23 17:12:22.307  5843 11932 D ActivityAdapter: taskChange: pre: 0, cur: 0, changed:false
02-23 17:12:22.307 24910 24910 D ExtensionsLoader: Opened libsensorextimpl.so
02-23 17:12:22.307 24910 24910 V SystemSensorManagerExtImpl: RegisterListener icm456xx Accelerometer Non-wakeup type:1 delay:66667us by com.facebook.react.common.ShakeDetector@88f53fb from com.mira.dating
02-23 17:12:22.307  3819  6078 D SensorService: createSensorEventConnection packageName = com.facebook.react.common.ShakeDetector, opPackageName = com.mira.dating, mCurrentOperatingMode = 0, requestedMode = 0
02-23 17:12:22.307  3819  6078 D SensorService: SensorEventConnection type = 3, client = com.mira.dating, listener = com.facebook.react.common.ShakeDetector
02-23 17:12:22.308  3819  6078 W SensorService: SensorEventConnection sensor handle=11, package = com.facebook.react.common.ShakeDetector enable
02-23 17:12:22.308  3819  6078 E SensorService: Required app com.facebook.react.common.ShakeDetector, uid 10474, pid 24910
02-23 17:12:22.308  3819  6078 D SensorService: Calling batch handle==11 flags=0rate=66667000 timeout== 0
02-23 17:12:22.308  3819  6078 D SensorService: SensorDevice::batch: ident=0xb40000729b42e200, handle=0x0000000b, flags=0, period_ns=66667000 timeout=0
02-23 17:12:22.308  3819  6078 D SensorService: 	>>> actuating h/w BATCH 0x0000000b 66667000 0
02-23 17:12:22.308  2188  2188 I sensors-hal: batch:166, android.sensor.accelerometer/11, period=66667000, max_latency=0
02-23 17:12:22.308  2188  2188 I sensors-hal: send_sensor_config_request:505, resampler is used, set resampler config
02-23 17:12:22.308  2188  2188 I sensors-hal: send_sync_sensor_request:445, send sync request
02-23 17:12:22.308  2188  2188 I sensors-hal: send_sync_sensor_request:455, send_sync_sensor_request before send_request for accel with SUID low=17082439881244782036 high=144135719127018401
02-23 17:12:22.308  2188  2188 I sensors-hal: send_sync_sensor_request:475, wait for notification of response
02-23 17:12:22.309  2188 28463 I sensors-hal: qsh_conn_resp_cb:799, resp_value = 0 for accel 
02-23 17:12:22.309  2188  2188 I sensors-hal: send_sync_sensor_request:481, takes 1 ms to receive the response with 0
02-23 17:12:22.310  2188  2188 I sensors-hal: batch:188, android.sensor.accelerometer/11, period=66667000, max_latency=0 request completed
02-23 17:12:22.310  3819  6078 D SensorService: 	>>> actuating h/w flush 11
02-23 17:12:22.310  2188  2188 I sensors-hal: flush:208, android.sensor.accelerometer/11
02-23 17:12:22.310  2188  2188 I sensors-hal: flush:671, dt=accel, sending SNS_STD_MSGID_SNS_STD_FLUSH_REQ, _pending_flush_requests=1, _wakeup_type=0
02-23 17:12:22.310  2188  2188 I sensors-hal: send_sync_sensor_request:445, send sync request
02-23 17:12:22.310  2188  2188 I sensors-hal: send_sync_sensor_request:455, send_sync_sensor_request before send_request for accel with SUID low=17082439881244782036 high=144135719127018401
02-23 17:12:22.310  2188  2188 I sensors-hal: send_sync_sensor_request:475, wait for notification of response
02-23 17:12:22.310  2188 28463 I sensors-hal: qsh_conn_resp_cb:799, resp_value = 0 for accel 
02-23 17:12:22.310  2188  2188 I sensors-hal: send_sync_sensor_request:481, takes 0 ms to receive the response with 0
02-23 17:12:22.310  2188  2188 I sensors-hal: flush:214, android.sensor.accelerometer/11 completed
02-23 17:12:22.310  3819  6078 D SensorService: Calling activate on 11
02-23 17:12:22.310  3819  6078 D SensorService: SensorDevice::activate: ident=0xb40000729b42e200, handle=0x0000000b, enabled=1, count=2
02-23 17:12:22.310  3819  6078 D SensorService: enable index=0
02-23 17:12:22.310  3819  6078 D SensorService: info.numActiveClients() = 2, info.isActive = 1
02-23 17:12:22.310  3819  6078 D SensorService: activateHardware = 0
02-23 17:12:22.312  2188 28463 I sensors-hal: handle_sns_std_flush_event:700, dt=accel, META_DATA_FLUSH_COMPLETE, _pending_flush_requests=1, _wakeup_type=0
02-23 17:12:22.312  3819  4708 D SensorService: First flush event for sensor==11 
02-23 17:12:22.314 24910 24910 W unknown:BridgelessReact: ReactHost{0}.startSurface(surfaceId = 0): Schedule
02-23 17:12:22.314 24910 24910 W unknown:BridgelessReact: ReactHost{0}.attachSurface(surfaceId = 0)
02-23 17:12:22.316 24910 25026 W unknown:BridgelessReact: ReactHost{0}.getOrCreateReactInstanceTask()
02-23 17:12:22.316 24910 25026 W unknown:BridgelessReact: ReactHost{0}.getOrCreateReactInstanceTask(): Start
02-23 17:12:22.316 24910 25026 W unknown:BridgelessReact: ReactHost{0}.getJSBundleLoader()
02-23 17:12:22.316 24910 25026 W unknown:BridgelessReact: ReactHost{0}.isMetroRunning()
02-23 17:12:22.317 24910 24910 D OplusPredictiveBackController: should not HookOnBackInvokedCallbackEnabled for application com.mira.dating.MainActivity@b69eb91 hasOnBackInvokedCallBackEnabled
02-23 17:12:22.317 24910 24910 D WindowOnBackDispatcher:  predictive settings is disabled for com.mira.dating
02-23 17:12:22.317 24910 24910 W WindowOnBackDispatcher: OnBackInvokedCallback is not enabled for the application.
02-23 17:12:22.317 24910 24910 W WindowOnBackDispatcher: Set 'android:enableOnBackInvokedCallback="true"' in the application manifest.
02-23 17:12:22.317 24910 24910 I ContentCaptureHelper: Setting logging level to OFF
02-23 17:12:22.319 24910 24910 D ActivityThread: ComponentInfo{com.mira.dating/com.mira.dating.MainActivity} checkFinished=false 2
02-23 17:12:22.319 24910 24910 D ResourcesManagerExtImpl: applyConfigurationToAppResourcesLocked app.getDisplayId() return callback.displayId:0
02-23 17:12:22.322 24910 24910 W unknown:BridgelessReact: ReactHost{0}.onHostResume(activity)
02-23 17:12:22.322 24910 24910 V AutofillClientController: onActivityPostResumed()
02-23 17:12:22.322 24910 24910 V AutofillClientController: onActivityPostResumed(): Relayout fix enabled
02-23 17:12:22.322 24910 24910 V AutofillClientController: forResume(): Not attempting refill.
02-23 17:12:22.323 24910 24910 D OplusInputMethodUtil: init sDebug to false, init sDebugIme to false, init sAlwaysOn to false
02-23 17:12:22.323 24910 24910 D OplusInputMethodUtil: updateDebugToClass InputMethodManager.DEBUG = false
02-23 17:12:22.323 24910 24910 D OplusInputMethodUtil: updateDebugToClass ImeFocusController.DEBUG = false
02-23 17:12:22.323 24910 24910 D OplusInputMethodUtil: updateDebugToClass OnBackInvokedDispatcher.DEBUG = false
02-23 17:12:22.323 24910 24910 D OplusInputMethodUtil: updateDebugToClass InsetsController.DEBUG = false
02-23 17:12:22.323 24910 24910 D OplusInputMethodUtil: updateDebugToClass BaseInputConnection.DEBUG = false
02-23 17:12:22.325  2198 24003 E WifiHAL : WLAN_DIAG_TYPE_CONFIG - possible buffer over access, length=1480 count=16 hdr_size=8 payload len=12966
02-23 17:12:22.326  3819  3902 W UserAwareMgr: process owner is not matched: 10, threadName: HwUiTask, pid: 24910,tid=25036,owner=fg1
02-23 17:12:22.326  2198 24003 E WifiHAL : WLAN_DIAG_TYPE_CONFIG - possible buffer over access, length=1472 count=16 hdr_size=8 payload len=12966
02-23 17:12:22.327  3819  3902 W UserAwareMgr: process owner is not matched: 10, threadName: HwUiTask, pid: 24910,tid=25037,owner=fg1
02-23 17:12:22.327 24910 24910 D WindowManager: Add to mViews: com.android.internal.policy.DecorView{ff04545 I.E...... R.....ID 0,0-0,0 alpha=1.0 viewInfo = }[MainActivity],pkg= com.mira.dating
02-23 17:12:22.327  2198 24003 E WifiHAL : WLAN_DIAG_TYPE_CONFIG - possible buffer over access, length=1468 count=16 hdr_size=8 payload len=12966
02-23 17:12:22.327 24910 25019 D ExtensionsLoader: createInstance(64bit) : createExtendedFactory
02-23 17:12:22.328 24910 25019 D ExtensionsLoader: Opened libhwuiextimpl.so
02-23 17:12:22.328 24910 25019 D skia    : setRusSupported enable 1
02-23 17:12:22.329  3819  5438 E SchedAssist: ofbCfgFrameTask tid(25019) failed with error=Socket operation on non-socket
02-23 17:12:22.329  3819  3902 W UserAwareMgr: process owner is not matched: 10, threadName: RenderThread, pid: 24910,tid=25019,owner=fg1
02-23 17:12:22.330  1129  1129 I hwservicemanager: getTransport: Cannot find entry android.hardware.graphics.allocator@4.0::IAllocator/default in either framework or device VINTF manifest.
02-23 17:12:22.331  5687  6427 D DnsDomainBlock: onDnsEvent: latencyMs=0, returnCode=0, uid=10474
02-23 17:12:22.332  3819  5438 I WindowManager: addWindow: New client android.os.BinderProxy@ba97807 : window=Window{6246d34 u0 com.mira.dating/com.mira.dating.MainActivity}
02-23 17:12:22.332 24910 25031 W unknown:ReactNative: The packager does not seem to be running as we got an IOException requesting its status: Failed to connect to localhost/127.0.0.1:8081
02-23 17:12:22.332 24910 25031 W unknown:BridgelessReact: ReactHost{0}.isMetroRunning(): Async result = false
02-23 17:12:22.333 24910 25034 W unknown:ReconnectingWebSocket: Couldn't connect to "ws://localhost:8081/message?device=CPH2691%20-%2016%20-%20API%2036&app=com.mira.dating&clientid=BridgelessDevSupportManager", will silently retry
02-23 17:12:22.333 24910 25035 W unknown:ReconnectingWebSocket: Couldn't connect to "ws://localhost:8081/message?device=CPH2691%20-%2016%20-%20API%2036&app=com.mira.dating&clientid=BridgelessDevSupportManager", will silently retry
02-23 17:12:22.333 24910 25026 W unknown:BridgelessReact: ReactHost{0}.getOrCreateReactContext(): Creating BridgelessReactContext
02-23 17:12:22.333 24910 24910 D ViewRootImplExtImpl: onDisplayChanged -1 for VRI android.view.ViewRootImpl@efed7fd
02-23 17:12:22.334 24910 25026 W unknown:BridgelessReact: ReactHost{0}.getOrCreateReactInstanceTask(): Creating ReactInstance
02-23 17:12:22.334 24910 24910 D ResourcesManagerExtImpl: applyConfigurationToAppResourcesLocked app.getDisplayId() return callback.displayId:0
02-23 17:12:22.335 24910 24910 E OplusBracketLog: [OplusViewMirrorManager] updateHostViewRootIfNeeded, not support android.view.ViewRootImpl@efed7fd
02-23 17:12:22.337 24910 24910 D OplusPredictiveBackController: should not HookOnBackInvokedCallbackEnabled for application com.mira.dating.MainActivity@b69eb91 hasOnBackInvokedCallBackEnabled
02-23 17:12:22.337 24910 24910 D WindowOnBackDispatcher:  predictive settings is disabled for com.mira.dating
02-23 17:12:22.337 24910 24910 D OplusPredictiveBackController: should not HookOnBackInvokedCallbackEnabled for application com.mira.dating.MainActivity@b69eb91 hasOnBackInvokedCallBackEnabled
02-23 17:12:22.337 24910 24910 D WindowOnBackDispatcher:  predictive settings is disabled for com.mira.dating
02-23 17:12:22.337  3819  6033 D CoreBackPreview: Window{6246d34 u0 com.mira.dating/com.mira.dating.MainActivity}: Setting back callback OnBackInvokedCallbackInfo{mCallback=android.window.IOnBackInvokedCallback$Stub$Proxy@15b8da3, mPriority=0, mIsAnimationCallback=false, mOverrideBehavior=0}
02-23 17:12:22.338 24910 24910 D ViewRootImplExtImpl: wrapConfigInfoIntoFlags rotation=0, smallestScreenWidthDp=0, residentWS=false, scenario=0, bounds=Rect(0, 0 - 1080, 2376), relayoutAsync=false, flags=0, newFlags=1245708288, title=com.mira.dating/com.mira.dating.MainActivity
02-23 17:12:22.339  3819  3893 I TaskOrganizerController: onTaskInfoChanged taskid 20737 config { mBounds=Rect(0, 0 - 1080, 2376) mAppBounds=Rect(0, 0 - 1080, 2376) mMaxBounds=Rect(0, 0 - 1080, 2376) mDisplayRotation=ROTATION_0 mWindowingMode=fullscreen mActivityType=standard mAlwaysOnTop=undefined mRotation=ROTATION_0}
02-23 17:12:22.339  3819  3893 D OplusFlexibleDragToSplitAnimController: visibleFlexibleTaskInfos delete:20737
02-23 17:12:22.339  3819  3893 E FlexibleWindowManagerService: notifyTaskObserverToAttachController not need to notify!
02-23 17:12:22.339  3819  3893 I FlexibleWindowManagerService: onFlexibleWindowTaskInfoChanged, return for cur task not embedded
02-23 17:12:22.339  5472  5547 D ShellTaskOrganizerExt: visibleFlexibleTaskInfos delete:20737
02-23 17:12:22.339  5472  5547 D ShellTaskOrganizerExt: isOnCanvas size:0
02-23 17:12:22.339  5472  5547 D ShellTaskOrganizerExt: isOnThreeFlexibleCanvas size:0
02-23 17:12:22.339  3819  5438 V WindowManager: Relayout Window{6246d34 u0 com.mira.dating/com.mira.dating.MainActivity}: viewVisibility=0, oldvis=4, req=1080x2376 , apr = 0, vsysui=LIGHT_NAVIGATION_BAR, x=0, y=0
02-23 17:12:22.340  3819  5438 I WindowManager: Window{6246d34 u0 com.mira.dating/com.mira.dating.MainActivity} state from NO_SURFACE to DRAW_PENDING; reason: resetDrawState
02-23 17:12:22.341  3819  5438 D WindowManager: NFW_findFocusedWindowIfNeeded:Window{6246d34 u0 com.mira.dating/com.mira.dating.MainActivity} mCurrentFocus:null
02-23 17:12:22.341  3819  5438 V WindowManager: Changing focus from null to Window{6246d34 u0 com.mira.dating/com.mira.dating.MainActivity},diplayid=0
02-23 17:12:22.342  3819  4048 D VRR [OPlusSurfaceFlingerController]:  setComplexSceneEnable : false
02-23 17:12:22.342  3819  5438 D Theia.NoFocusWindow: FocusWindowErrorScene cancelCheckFreezeScreen
02-23 17:12:22.342  3819  5438 W TheiaWindowMonitor: [check] focusedWindow is null or enable is false
02-23 17:12:22.344 24910 24910 D VRI[MainActivity]: relayoutWindow result, sizeChanged:true, surfaceControlChanged:true, transformHintChanged:false, mSurfaceSize:Point(1080, 2376), mLastSurfaceSize:Point(0, 0), mWidth:-1, mHeight:-1, requestedWidth:1080, requestedHeight:2376, transformHint:0, installOrientation:0, displayRotation:0, isSurfaceValid:true, attr.flag:-2122252032, tmpFrames:ClientWindowFrames{frame=[0,0][1080,2376] display=[0,0][1080,2376] parentFrame=[0,0][0,0]}, relayoutAsync:false, mSyncSeqId:0
02-23 17:12:22.344 24910 24910 W VRI[MainActivity]: updateBlastSurfaceIfNeeded, surfaceSize:Point(1080, 2376), lastSurfaceSize:Point(0, 0), format:-1, blastBufferQueue:null
02-23 17:12:22.344 24910 24910 D BufferQueueConsumer: [](id:614e00000000,api:0,p:-1,c:24910) connect: controlledByApp=false
02-23 17:12:22.344 24910 24910 D BufferQueueConsumer: [VRI[MainActivity]#0(BLAST Consumer)0](id:614e00000000,api:0,p:-1,c:24910) setMaxAcquiredBufferCount: 2
02-23 17:12:22.345 24910 25019 D HWUI    : createSurface new attribs array
02-23 17:12:22.346 24910 25019 D libEGL  : this is from skia gles
02-23 17:12:22.346 24910 25019 D BufferQueueProducer: [VRI[MainActivity]#0(BLAST Consumer)0](id:614e00000000,api:1,p:24910,c:24910) connect: api=1 producerControlledByApp=true
02-23 17:12:22.346 24910 24910 W VRI[MainActivity]: performTraversals: cancelAndRedraw, mLastPerformTraversalsSkipDrawReasonpredraw_expo.modules.splashscreen.SplashScreenManager$registerOnActivity$1
02-23 17:12:22.347 24910 24910 W VRI[MainActivity]: handleResized, msg:, frameChanged:false, configChanged:false, displayChanged:false, attachedFrameChanged:false, compatScaleChanged:false, pendingDragResizing=false
02-23 17:12:22.347 24910 24910 W VRI[MainActivity]: performTraversals: cancelAndRedraw, mLastPerformTraversalsSkipDrawReasonpredraw_expo.modules.splashscreen.SplashScreenManager$registerOnActivity$1
02-23 17:12:22.348 24910 24910 I DynamicFramerate [FRTCConfigManager]: initFrameRateConfig: 
02-23 17:12:22.348 24910 24910 I DynamicFramerate [FRTCConfigManager]: 	levelsFor120hz: [120, 90, 72, 60]
02-23 17:12:22.348 24910 24910 I DynamicFramerate [FRTCConfigManager]: 	thresholdsFor120hz: [1080, 300, 200]
02-23 17:12:22.348 24910 24910 I DynamicFramerate [FRTCConfigManager]: 	levelsFor90hz: [90]
02-23 17:12:22.348 24910 24910 I DynamicFramerate [FRTCConfigManager]: 	thresholdsFor90hz: []
02-23 17:12:22.348 24910 24910 I DynamicFramerate [FRTCConfigManager]: FRTCConfigManager: FRTC_CAPABILITY = 360, package name = com.mira.dating, WINDOW_ANIMATION_SPEED_RATE = 10, SCROLL_ANIMATION_SPEED_RATE = 20, PACKAGE_ENABLE = false
02-23 17:12:22.348 24910 24910 I DynamicFramerate [DynamicFrameRateController]: init info: mPackageName = com.mira.dating, mIsEnabled = false
02-23 17:12:22.350 24910 25026 D nativeloader: Load /data/app/~~N6jvcs9juDJj4nxDMhr-lg==/com.mira.dating-dDRymg7TLCKkGD9Tfpx9iQ==/base.apk!/lib/arm64-v8a/libhermes.so using class loader ns clns-10 (caller=/data/app/~~N6jvcs9juDJj4nxDMhr-lg==/com.mira.dating-dDRymg7TLCKkGD9Tfpx9iQ==/base.apk!classes20.dex): ok
02-23 17:12:22.350  3819  3893 D SurfaceComposerClient: Transaction::apply InputWindowCommands.focusRequests timestamp=128727167210788, windowName=6246d34 com.mira.dating/com.mira.dating.MainActivity
02-23 17:12:22.350  5843  5843 D SubsysEventListenerManager-SubsysTelephonyCallback[1]: onSignalStrengthsChanged
02-23 17:12:22.351 24910 25026 D nativeloader: Load /data/app/~~N6jvcs9juDJj4nxDMhr-lg==/com.mira.dating-dDRymg7TLCKkGD9Tfpx9iQ==/base.apk!/lib/arm64-v8a/libhermestooling.so using class loader ns clns-10 (caller=/data/app/~~N6jvcs9juDJj4nxDMhr-lg==/com.mira.dating-dDRymg7TLCKkGD9Tfpx9iQ==/base.apk!classes20.dex): ok
02-23 17:12:22.351 24910 25026 D jni_lib_merge: Entering merged library JNI_OnLoad.
02-23 17:12:22.351 24910 25026 D jni_lib_merge: Preparing 4 pre-merged libs (including stub)
02-23 17:12:22.351 24910 25026 D jni_lib_merge: Preparing to register libhermes_executor_so.  onload_func: 0x72fc76f7e0
02-23 17:12:22.351 24910 25026 D jni_lib_merge: Preparing to register libhermesinstancejni_so.  onload_func: 0x72fc7a526c
02-23 17:12:22.351 24910 25026 D jni_lib_merge: Preparing to register libjsijniprofiler_so.  onload_func: 0x72fc7a72bc
02-23 17:12:22.351 24910 25026 D jni_lib_merge: About to register 3 actual methods.
02-23 17:12:22.353  5472  5697 I SystemUi--Statusbar: MobileConnectionRepositoryImpl-->subId:3 isSoftSimCard:false slotId:1
02-23 17:12:22.358 24910 24910 W VRI[MainActivity]: performTraversals: cancelAndRedraw, mLastPerformTraversalsSkipDrawReasonpredraw_expo.modules.splashscreen.SplashScreenManager$registerOnActivity$1
02-23 17:12:22.362  2407  3231 D SurfaceFlinger: updateWinowInfo=1, setFocusedWindow timestamp=128727167210788, windowName=6246d34 com.mira.dating/com.mira.dating.MainActivity
02-23 17:12:22.363  3819  6033 I InputDispatcher: NFW_setFocusedWindow, 6246d34 com.mira.dating/com.mira.dating.MainActivity on display 0, same as the previous:0
02-23 17:12:22.368 24910 25026 D nativeloader: Load /data/app/~~N6jvcs9juDJj4nxDMhr-lg==/com.mira.dating-dDRymg7TLCKkGD9Tfpx9iQ==/base.apk!/lib/arm64-v8a/libexpo-av.so using class loader ns clns-10 (caller=/data/app/~~N6jvcs9juDJj4nxDMhr-lg==/com.mira.dating-dDRymg7TLCKkGD9Tfpx9iQ==/base.apk!classes21.dex): ok
02-23 17:12:22.369 24910 24910 W VRI[MainActivity]: performTraversals: cancelAndRedraw, mLastPerformTraversalsSkipDrawReasonpredraw_expo.modules.splashscreen.SplashScreenManager$registerOnActivity$1
02-23 17:12:22.380 24910 24910 W VRI[MainActivity]: performTraversals: cancelAndRedraw, mLastPerformTraversalsSkipDrawReasonpredraw_expo.modules.splashscreen.SplashScreenManager$registerOnActivity$1
02-23 17:12:22.391 24910 24910 W VRI[MainActivity]: performTraversals: cancelAndRedraw, mLastPerformTraversalsSkipDrawReasonpredraw_expo.modules.splashscreen.SplashScreenManager$registerOnActivity$1
02-23 17:12:22.402 24910 24910 W VRI[MainActivity]: performTraversals: cancelAndRedraw, mLastPerformTraversalsSkipDrawReasonpredraw_expo.modules.splashscreen.SplashScreenManager$registerOnActivity$1
02-23 17:12:22.413 24910 24910 W VRI[MainActivity]: performTraversals: cancelAndRedraw, mLastPerformTraversalsSkipDrawReasonpredraw_expo.modules.splashscreen.SplashScreenManager$registerOnActivity$1
02-23 17:12:22.424 24910 24910 W VRI[MainActivity]: performTraversals: cancelAndRedraw, mLastPerformTraversalsSkipDrawReasonpredraw_expo.modules.splashscreen.SplashScreenManager$registerOnActivity$1
02-23 17:12:22.436 24910 24910 W VRI[MainActivity]: performTraversals: cancelAndRedraw, mLastPerformTraversalsSkipDrawReasonpredraw_expo.modules.splashscreen.SplashScreenManager$registerOnActivity$1
02-23 17:12:22.443 24910 25026 I ExpoModulesCore:  AppContext was initialized
02-23 17:12:22.444  2237  2612 I SDM     : DisplayBase::CommitThread: Received idle timeout, panel: cmd, timeout: 70000 us
02-23 17:12:22.446 24910 25026 D nativeloader: Load /data/app/~~N6jvcs9juDJj4nxDMhr-lg==/com.mira.dating-dDRymg7TLCKkGD9Tfpx9iQ==/base.apk!/lib/arm64-v8a/libVisionCamera.so using class loader ns clns-10 (caller=/data/app/~~N6jvcs9juDJj4nxDMhr-lg==/com.mira.dating-dDRymg7TLCKkGD9Tfpx9iQ==/base.apk!classes9.dex): ok
02-23 17:12:22.447 24910 24910 W VRI[MainActivity]: performTraversals: cancelAndRedraw, mLastPerformTraversalsSkipDrawReasonpredraw_expo.modules.splashscreen.SplashScreenManager$registerOnActivity$1
02-23 17:12:22.447 24910 25026 I CameraManagerExtImpl: packagename is com.mira.dating
02-23 17:12:22.447 24910 25026 I OplusCameraManager: saveOpPackageName, mOpPackageName: com.mira.dating
02-23 17:12:22.447 24910 25026 I OplusCameraManagerGlobal: setClientInfo, packageName: com.mira.dating, uid: 10474, pid: 24910
02-23 17:12:22.448 24910 25026 I OplusCameraManagerGlobal: Connecting to camera service
02-23 17:12:22.448 24910 25026 I CameraManagerGlobal: Connecting to camera service
02-23 17:12:22.450  2834  2172 I AttributionAndPermissionUtils: checkPermission (forDataDelivery 0 startDataDelivery 0): Permission hard denied for client attribution [uid 10474, pid 24910, packageName "<unknown>"]
02-23 17:12:22.451  2834  2172 I AttributionAndPermissionUtils: checkPermission (forDataDelivery 0 startDataDelivery 0): Permission hard denied for client attribution [uid 10474, pid 24910, packageName "<unknown>"]
02-23 17:12:22.451  2834  2172 W CameraService: Rejecting access to system only camera 5, inadequete permissions
02-23 17:12:22.451 24910 25054 I CameraDevices: Initializing ProcessCameraProvider...
02-23 17:12:22.457 24910 25054 D QuirkSettingsLoader: QuirkSettings$MetadataHolderService is not found.
02-23 17:12:22.457 24910 25054 D CameraX : QuirkSettings from app metadata: null
02-23 17:12:22.457 24910 25054 D CameraX : QuirkSettings by default: QuirkSettings{enabledWhenDeviceHasQuirk=true, forceEnabledQuirks=[], forceDisabledQuirks=[]}
02-23 17:12:22.458 24910 24910 W VRI[MainActivity]: performTraversals: cancelAndRedraw, mLastPerformTraversalsSkipDrawReasonpredraw_expo.modules.splashscreen.SplashScreenManager$registerOnActivity$1
02-23 17:12:22.462 24910 25056 D DeviceQuirks: camera2 DeviceQuirks = 
02-23 17:12:22.463 24910 25056 I OplusCameraManagerGlobal: setClientInfo, packageName: com.mira.dating, uid: 10474, pid: 24910
02-23 17:12:22.463 24910 25056 I OplusCameraManagerGlobal: setClientInfo, packageName: com.mira.dating, uid: 10474, pid: 24910
02-23 17:12:22.464 24910 25056 I OplusCameraManagerGlobal: setClientInfo, packageName: com.mira.dating, uid: 10474, pid: 24910
02-23 17:12:22.464  2834  2172 E cameraserver: CameraServiceExtImpl_sm8650.cpp: 900 Set UX successfully for 2172
